<html>
<body>
<pre>
<h1>µVision Build Log</h1>
<h2>Tool Versions:</h2>
IDE-Version: ¦ÌVision V5.26.2.0
Copyright (C) 2018 ARM Ltd and ARM Germany GmbH. All rights reserved.
License Information: weitao liu, wuyang, LIC=03C6R-KK5LF-12JLE-5VKIP-3KTDV-UAB1L
 
Tool Versions:
Toolchain:       MDK-ARM Plus  Version: 5.26.2.0
Toolchain Path:  C:\Keil_v5\ARM\ARMCC\Bin
C Compiler:      Armcc.exe V5.06 update 6 (build 750)
Assembler:       Armasm.exe V5.06 update 6 (build 750)
Linker/Locator:  ArmLink.exe V5.06 update 6 (build 750)
Library Manager: ArmAr.exe V5.06 update 6 (build 750)
Hex Converter:   FromElf.exe V5.06 update 6 (build 750)
CPU DLL:         SARMCM3.DLL V5.26.2.0
Dialog DLL:      DCM.DLL V1.17.2.0
Target DLL:      Segger\JL2CM3.dll V2.99.31.0
Dialog DLL:      TCM.DLL V1.36.1.0
 
<h2>Project:</h2>
D:\gitRepo2\WY_ODET\AT32F421_X2445_MAIN\Project\MDK_v5\X2445-AT32-Ä£ÄâÒ¡¸Ë.uvprojx
Project File Date:  10/05/2022

<h2>Output:</h2>
*** Using Compiler 'V5.06 update 6 (build 750)', folder: 'C:\Keil_v5\ARM\ARMCC\Bin'
Rebuild target 'X2445-AT32F421-Ä£ÄâÒ¡¸Ë'
compiling DriveBsp.c...
compiling ControlUsedArry.c...
compiling DriverMain.c...
compiling Mlx90393.c...
compiling DriverUart.c...
assembling startup_at32f421c8t7.s...
compiling DriverInit.c...
..\..\User\DriverInit.c(1296): warning:  #550-D: variable "stopFlag"  was set but never used
  		unsigned char stopFlag = 0;
..\..\User\DriverInit.c: 1 warning, 0 errors
compiling system_at32f4xx.c...
compiling at32f4xx_dbgmcu.c...
compiling DriveDelay.c...
compiling at32f4xx_it.c...
compiling at32f4xx_gpio_ex.c...
compiling DriverControl.c...
..\..\User\DriverControl.c(2498): warning:  #111-D: statement is unreachable
      ucTemp = 0;
..\..\User\DriverControl.c: 1 warning, 0 errors
compiling at32f4xx_rcc.c...
compiling misc.c...
compiling at32f4xx_pwr.c...
compiling at32f4xx_exti.c...
compiling at32f4xx_adc.c...
compiling at32f4xx_dma.c...
compiling at32f4xx_syscfg.c...
compiling at32f4xx_wwdg.c...
compiling at32f4xx_iwdg.c...
compiling at32f4xx_usart.c...
compiling at32f4xx_tim.c...
linking...
Program Size: Code=52920 RO-data=484 RW-data=7364 ZI-data=8636  
FromELF: creating hex file...
".\Objects\X2445-AT32F421-Ä£ÄâÒ¡¸Ë.axf" - 0 Error(s), 2 Warning(s).

<h2>Software Packages used:</h2>

Package Vendor: ArteryTek
                
                ArteryTek.AT32F421_DFP.2.0.8
                ArteryTek AT32F421 Series Device Support,Drivers

<h2>Collection of Component include folders:</h2>
  .\RTE\_X2445-AT32F421-________
  C:\Keil_v5\ARM\PACK\ArteryTek\AT32F421_DFP\2.0.8\Device\Include

<h2>Collection of Component Files used:</h2>
Build Time Elapsed:  00:00:06
</pre>
</body>
</html>
