<html>
<body>
<pre>
<h1>礦ision Build Log</h1>
<h2>Tool Versions:</h2>
IDE-Version: μVision V5.26.2.0
Copyright (C) 2018 ARM Ltd and ARM Germany GmbH. All rights reserved.
License Information: q Microsoft, Microsoft, LIC=GE7BS-LY9QG-QHG8A-1PZ7H-AMN3K-K29BL
 
Tool Versions:
Toolchain:       MDK-ARM Professional  Version: 5.26.2.0
Toolchain Path:  C:\Keil_v5\ARM\ARMCC\Bin
C Compiler:      Armcc.exe V5.06 update 6 (build 750)
Assembler:       Armasm.exe V5.06 update 6 (build 750)
Linker/Locator:  ArmLink.exe V5.06 update 6 (build 750)
Library Manager: ArmAr.exe V5.06 update 6 (build 750)
Hex Converter:   FromElf.exe V5.06 update 6 (build 750)
CPU DLL:         SARMCM3.DLL V5.26.2.0
Dialog DLL:      DCM.DLL V1.17.2.0
Target DLL:      Segger\JL2CM3.dll V2.99.31.0
Dialog DLL:      TCM.DLL V1.36.1.0
 
<h2>Project:</h2>
E:\李工暂时使用文件夹\X2445-AT32F421-模拟摇杆-基础程序-2小时关机摇杆断线报警229071407\Project\MDK_v5\X2445-AT32-模拟摇杆.uvprojx
Project File Date:  09/07/2022

<h2>Output:</h2>
*** Using Compiler 'V5.06 update 6 (build 750)', folder: 'C:\Keil_v5\ARM\ARMCC\Bin'
Rebuild target 'X2445-AT32F421-模拟摇杆'
compiling DriverUart.c...
compiling DriverInit.c...
..\..\User\DriverInit.c(32): warning:  #177-D: variable "EXTI_InitStructure"  was declared but never referenced
      EXTI_InitType EXTI_InitStructure = {0};
..\..\User\DriverInit.c(33): warning:  #177-D: variable "NVIC_InitStructure"  was declared but never referenced
      NVIC_InitType NVIC_InitStructure = {0};
..\..\User\DriverInit.c: 2 warnings, 0 errors
compiling DriverMain.c...
compiling DriverControl.c...
..\..\User\DriverControl.c(2498): warning:  #111-D: statement is unreachable
      ucTemp = 0;
..\..\User\DriverControl.c: 1 warning, 0 errors
compiling ControlUsedArry.c...
compiling Mlx90393.c...
compiling DriveBsp.c...
compiling at32f4xx_it.c...
assembling startup_at32f421c8t7.s...
compiling DriveDelay.c...
compiling system_at32f4xx.c...
compiling at32f4xx_dbgmcu.c...
compiling at32f4xx_gpio_ex.c...
compiling at32f4xx_rcc.c...
compiling misc.c...
compiling at32f4xx_pwr.c...
compiling at32f4xx_adc.c...
compiling at32f4xx_exti.c...
compiling at32f4xx_dma.c...
compiling at32f4xx_usart.c...
compiling at32f4xx_tim.c...
compiling at32f4xx_syscfg.c...
compiling at32f4xx_wwdg.c...
compiling at32f4xx_iwdg.c...
linking...
Program Size: Code=52920 RO-data=484 RW-data=7364 ZI-data=8636  
FromELF: creating hex file...
".\Objects\X2445-AT32F421-模拟摇杆.axf" - 0 Error(s), 3 Warning(s).

<h2>Software Packages used:</h2>

Package Vendor: Keil
                
                Keil.AT32F4xx_DFP.1.3.6
                ArteryTek AT32F4 Series Device Support,Drivers

<h2>Collection of Component include folders:</h2>
  .\RTE\_X2445-AT32F421-________
  C:\Keil_v5\ARM\PACK\Keil\AT32F4xx_DFP\1.3.6\Device\Include

<h2>Collection of Component Files used:</h2>
Build Time Elapsed:  00:00:16
</pre>
</body>
</html>
