<html>
<body>
<pre>
<h1>礦ision Build Log</h1>
<h2>Tool Versions:</h2>
IDE-Version: μVision V5.26.2.0
Copyright (C) 2018 ARM Ltd and ARM Germany GmbH. All rights reserved.
License Information: weitao liu, wuyang, LIC=03C6R-KK5LF-12JLE-5VKIP-3KTDV-UAB1L
 
Tool Versions:
Toolchain:       MDK-ARM Plus  Version: 5.26.2.0
Toolchain Path:  C:\Keil_v5\ARM\ARMCC\Bin
C Compiler:      Armcc.exe V5.06 update 6 (build 750)
Assembler:       Armasm.exe V5.06 update 6 (build 750)
Linker/Locator:  ArmLink.exe V5.06 update 6 (build 750)
Library Manager: ArmAr.exe V5.06 update 6 (build 750)
Hex Converter:   FromElf.exe V5.06 update 6 (build 750)
CPU DLL:         SARMCM3.DLL V5.26.2.0
Dialog DLL:      DARMCM1.DLL V1.19.1.0
Target DLL:      Segger\JL2CM3.dll V2.99.31.0
Dialog DLL:      TARMCM1.DLL V1.14.0.0
 
<h2>Project:</h2>
D:\lwt-resource\X2445DK(按键显示板)-PT32F005-完善编程提示-摇杆未归位提示-电池类型提示-丝滑了2109251702\MDK\X2445DK-PT32F005.uvprojx
Project File Date:  09/24/2022

<h2>Output:</h2>
*** Using Compiler 'V5.06 update 6 (build 750)', folder: 'C:\Keil_v5\ARM\ARMCC\Bin'
Rebuild target 'X2445DK-PT32F005'
assembling startup_PT32X005x.s...
compiling X2445DK_Init_P32.c...
compiling PT32X005_it.c...
compiling X2445DK_Eeprom_P32.c...
compiling system_PT32X005.c...
compiling main.c...
compiling X2445DK_Function_PTC32.c...
compiling X2445DK_Uart_P32.c...
compiling PT32X005_sys.c...
compiling PT32X005_uart.c...
compiling PT32X005_adc.c...
compiling PT32X005_flash.c...
compiling PT32X005_gpio.c...
compiling PT32X005_pwm.c...
compiling PT32X005_misc.c...
compiling PT32X005_retarget.c...
compiling PT32X005_serial.c...
linking...
Program Size: Code=15268 RO-data=32 RW-data=64 ZI-data=784  
FromELF: creating hex file...
".\Out\X2445DK-PT32F005.axf" - 0 Error(s), 0 Warning(s).

<h2>Software Packages used:</h2>

Package Vendor: ARM
                http://www.keil.com/pack/ARM.CMSIS.5.4.0.pack
                ARM.CMSIS.5.4.0
                CMSIS (Cortex Microcontroller Software Interface Standard)
   * Component: CORE Version: 5.1.2

Package Vendor: PAI-IC
                
                PAI-IC.PT32X005_DFP.1.0.2
                PT32X005 ARM Cortex-M0 Device Family Pack

<h2>Collection of Component include folders:</h2>
  .\RTE\_X2445DK-PT32F005
  C:\Keil_v5\ARM\PACK\ARM\CMSIS\5.4.0\CMSIS\Core\Include
  C:\Keil_v5\ARM\PACK\PAI-IC\PT32X005_DFP\1.0.2\Device\Include

<h2>Collection of Component Files used:</h2>

   * Component: ARM::CMSIS:CORE:5.1.2
Build Time Elapsed:  00:00:02
</pre>
</body>
</html>
