<html>
<body>
<pre>
<h1>µVision Build Log</h1>
<h2>Tool Versions:</h2>
IDE-Version: ¦ÌVision V5.37.0.0
Copyright (C) 2022 ARM Ltd and ARM Germany GmbH. All rights reserved.
License Information: weitao liu, wuyang, LIC=14HV2-9CEVV-QDYKD-8L3BR-2TW5D-HB3KG
 
Tool Versions:
Toolchain:       MDK-ARM Plus  Version: 5.37.0.0
Toolchain Path:  C:\Keil_v5\ARM\ARMCCv506u7\Bin
C Compiler:      Armcc.exe V5.06 update 7 (build 960)
Assembler:       Armasm.exe V5.06 update 7 (build 960)
Linker/Locator:  ArmLink.exe V5.06 update 7 (build 960)
Library Manager: ArmAr.exe V5.06 update 7 (build 960)
Hex Converter:   FromElf.exe V5.06 update 7 (build 960)
CPU DLL:         SARMCM3.DLL V5.37.0.0
Dialog DLL:      DARMSTM.DLL V1.69.1.0
Target DLL:      STLink\ST-LINKIII-KEIL_SWO.dll V3.0.9.0
Dialog DLL:      TARMSTM.DLL V1.67.1.0
 
<h2>Project:</h2>
D:\gitrepo\WY_ODET\YT-ALL\YT32B1_STM32F103_demo.uvproj
Project File Date:  10/07/2022

<h2>Output:</h2>
*** Using Compiler 'V5.06 update 7 (build 960)', folder: 'C:\Keil_v5\ARM\ARMCCv506u7\Bin'
Rebuild target 'Target 1'
compiling core_cm3.c...
compiling misc.c...
compiling system_stm32f10x.c...
compiling stm32f10x_gpio.c...
compiling stm32f10x_bkp.c...
compiling stm32f10x_usart.c...
assembling startup_stm32f10x_md.s...
compiling stm32f10x_rtc.c...
compiling stm32f10x_pwr.c...
compiling stm32f10x_i2c.c...
compiling stm32f10x_rcc.c...
compiling stm32f10x_spi.c...
compiling stm32f10x_dma.c...
compiling stm32f10x_adc.c...
compiling stm32f10x_flash.c...
compiling stm32f10x_can.c...
compiling sys.c...
compiling delay.c...
compiling rtc.c...
compiling stm32f10x_it.c...
compiling i2c.c...
compiling adc.c...
compiling rcc.c...
compiling spi.c...
compiling main.c...
compiling usart.c...
compiling led.c...
compiling key.c...
compiling oled0561.c...
compiling buzzer.c...
compiling lm75a.c...
compiling step_motor.c...
compiling relay.c...
compiling touch_key.c...
compiling encoder.c...
compiling ch376.c...
compiling MY1690.c...
compiling TM1640.c...
compiling filesys.c...
compiling can.c...
compiling rs485.c...
linking...
Program Size: Code=30036 RO-data=2344 RW-data=72 ZI-data=2096  
FromELF: creating hex file...
".\YT32B1_STM32F103_demo.axf" - 0 Error(s), 0 Warning(s).
Build Time Elapsed:  00:00:02
</pre>
</body>
</html>
