Component: ARM Compiler 5.06 update 7 (build 960) Tool: armlink [4d3601]

==============================================================================

Section Cross References

    system_stm32f10x.o(.text) refers to system_stm32f10x.o(.data) for SystemCoreClock
    stm32f10x_gpio.o(.text) refers to stm32f10x_rcc.o(.text) for RCC_APB2PeriphResetCmd
    stm32f10x_rcc.o(.text) refers to stm32f10x_rcc.o(.data) for APBAHBPrescTable
    stm32f10x_usart.o(.text) refers to stm32f10x_rcc.o(.text) for RCC_APB2PeriphResetCmd
    stm32f10x_bkp.o(.text) refers to stm32f10x_rcc.o(.text) for RCC_BackupResetCmd
    stm32f10x_pwr.o(.text) refers to stm32f10x_rcc.o(.text) for RCC_APB1PeriphResetCmd
    stm32f10x_i2c.o(.text) refers to stm32f10x_rcc.o(.text) for RCC_APB1PeriphResetCmd
    stm32f10x_adc.o(.text) refers to stm32f10x_rcc.o(.text) for RCC_APB2PeriphResetCmd
    stm32f10x_spi.o(.text) refers to stm32f10x_rcc.o(.text) for RCC_APB2PeriphResetCmd
    stm32f10x_can.o(.text) refers to stm32f10x_rcc.o(.text) for RCC_APB1PeriphResetCmd
    startup_stm32f10x_md.o(STACK) refers (Special) to heapauxi.o(.text) for __use_two_region_memory
    startup_stm32f10x_md.o(HEAP) refers (Special) to heapauxi.o(.text) for __use_two_region_memory
    startup_stm32f10x_md.o(RESET) refers (Special) to heapauxi.o(.text) for __use_two_region_memory
    startup_stm32f10x_md.o(RESET) refers to startup_stm32f10x_md.o(STACK) for __initial_sp
    startup_stm32f10x_md.o(RESET) refers to startup_stm32f10x_md.o(.text) for Reset_Handler
    startup_stm32f10x_md.o(RESET) refers to stm32f10x_it.o(.text) for NMI_Handler
    startup_stm32f10x_md.o(RESET) refers to rtc.o(.text) for RTC_IRQHandler
    startup_stm32f10x_md.o(RESET) refers to can.o(.text) for USB_LP_CAN1_RX0_IRQHandler
    startup_stm32f10x_md.o(RESET) refers to usart.o(.text) for USART1_IRQHandler
    startup_stm32f10x_md.o(.text) refers (Special) to heapauxi.o(.text) for __use_two_region_memory
    startup_stm32f10x_md.o(.text) refers to system_stm32f10x.o(.text) for SystemInit
    startup_stm32f10x_md.o(.text) refers to __main.o(!!!main) for __main
    startup_stm32f10x_md.o(.text) refers to startup_stm32f10x_md.o(HEAP) for Heap_Mem
    startup_stm32f10x_md.o(.text) refers to startup_stm32f10x_md.o(STACK) for Stack_Mem
    main.o(.text) refers to _printf_pad.o(.text) for _printf_pre_padding
    main.o(.text) refers to _printf_percent.o(.ARM.Collect$$_printf_percent$$00000000) for _printf_percent
    main.o(.text) refers to _printf_x.o(.ARM.Collect$$_printf_percent$$0000000C) for _printf_x
    main.o(.text) refers to _printf_hex_int_ll_ptr.o(.text) for _printf_longlong_hex
    main.o(.text) refers to _printf_s.o(.ARM.Collect$$_printf_percent$$00000014) for _printf_s
    main.o(.text) refers to _printf_str.o(.text) for _printf_str
    main.o(.text) refers to _printf_d.o(.ARM.Collect$$_printf_percent$$00000009) for _printf_d
    main.o(.text) refers to _printf_dec.o(.text) for _printf_int_dec
    main.o(.text) refers to stm32f10x_gpio.o(.text) for GPIO_Init
    main.o(.text) refers to rcc.o(.text) for RCC_Configuration
    main.o(.text) refers to rtc.o(.text) for RTC_Config
    main.o(.text) refers to relay.o(.text) for RELAY_Init
    main.o(.text) refers to step_motor.o(.text) for STEP_MOTOR_Init
    main.o(.text) refers to tm1640.o(.text) for TM1640_Init
    main.o(.text) refers to buzzer.o(.text) for BUZZER_Init
    main.o(.text) refers to usart.o(.text) for USART1_Init
    main.o(.text) refers to led.o(.text) for LED_Init
    main.o(.text) refers to touch_key.o(.text) for TOUCH_KEY_Init
    main.o(.text) refers to adc.o(.text) for ADC_Configuration
    main.o(.text) refers to i2c.o(.text) for I2C_Configuration
    main.o(.text) refers to oled0561.o(.text) for OLED0561_Init
    main.o(.text) refers to my1690.o(.text) for MY1690_Init
    main.o(.text) refers to delay.o(.text) for delay_ms
    main.o(.text) refers to key.o(.text) for KEY1
    main.o(.text) refers to lm75a.o(.text) for LM75A_GetTemp
    main.o(.text) refers to adc.o(.data) for ADC_ConvertedValue
    main.o(.text) refers to rtc.o(.data) for rday
    main.o(.text) refers to encoder.o(.text) for ENCODER_Init
    main.o(.text) refers to can.o(.text) for CAN1_Configuration
    main.o(.text) refers to rs485.o(.text) for RS485_Init
    main.o(.text) refers to usart.o(.data) for USART3_RX_STA
    main.o(.text) refers to spi.o(.text) for SPI2_Init
    main.o(.text) refers to __2printf.o(.text) for __2printf
    main.o(.text) refers to ch376.o(.text) for mInitCH376Host
    main.o(.text) refers to filesys.o(.text) for CH376DiskConnect
    main.o(.text) refers to strcpy.o(.text) for strcpy
    main.o(.text) refers to strlen.o(.text) for strlen
    main.o(.text) refers to main.o(.bss) for buf
    sys.o(.text) refers to misc.o(.text) for NVIC_PriorityGroupConfig
    rtc.o(.text) refers to stm32f10x_rcc.o(.text) for RCC_APB1PeriphClockCmd
    rtc.o(.text) refers to stm32f10x_pwr.o(.text) for PWR_BackupAccessCmd
[...]
    _printf_llu                              0x080001b9   Thumb Code     0  _printf_llu.o(.ARM.Collect$$_printf_percent$$0000000F)
    _printf_llo                              0x080001bf   Thumb Code     0  _printf_llo.o(.ARM.Collect$$_printf_percent$$00000010)
    _printf_llx                              0x080001c5   Thumb Code     0  _printf_llx.o(.ARM.Collect$$_printf_percent$$00000011)
    _printf_l                                0x080001cb   Thumb Code     0  _printf_l.o(.ARM.Collect$$_printf_percent$$00000012)
    _printf_c                                0x080001d5   Thumb Code     0  _printf_c.o(.ARM.Collect$$_printf_percent$$00000013)
    _printf_s                                0x080001db   Thumb Code     0  _printf_s.o(.ARM.Collect$$_printf_percent$$00000014)
    _printf_lc                               0x080001e1   Thumb Code     0  _printf_lc.o(.ARM.Collect$$_printf_percent$$00000015)
    _printf_ls                               0x080001e7   Thumb Code     0  _printf_ls.o(.ARM.Collect$$_printf_percent$$00000016)
    _printf_percent_end                      0x080001ed   Thumb Code     0  _printf_percent_end.o(.ARM.Collect$$_printf_percent$$00000017)
    __rt_lib_init                            0x080001f1   Thumb Code     0  libinit.o(.ARM.Collect$$libinit$$00000000)
    __rt_lib_init_fp_1                       0x080001f3   Thumb Code     0  libinit2.o(.ARM.Collect$$libinit$$00000002)
    __rt_lib_init_heap_1                     0x080001f3   Thumb Code     0  libinit2.o(.ARM.Collect$$libinit$$0000000A)
    __rt_lib_init_lc_common                  0x080001f3   Thumb Code     0  libinit2.o(.ARM.Collect$$libinit$$0000000F)
    __rt_lib_init_preinit_1                  0x080001f3   Thumb Code     0  libinit2.o(.ARM.Collect$$libinit$$00000004)
    __rt_lib_init_rand_1                     0x080001f3   Thumb Code     0  libinit2.o(.ARM.Collect$$libinit$$0000000E)
    __rt_lib_init_user_alloc_1               0x080001f3   Thumb Code     0  libinit2.o(.ARM.Collect$$libinit$$0000000C)
    __rt_lib_init_lc_collate_1               0x080001f9   Thumb Code     0  libinit2.o(.ARM.Collect$$libinit$$00000011)
    __rt_lib_init_lc_ctype_2                 0x080001f9   Thumb Code     0  libinit2.o(.ARM.Collect$$libinit$$00000012)
    __rt_lib_init_lc_ctype_1                 0x08000205   Thumb Code     0  libinit2.o(.ARM.Collect$$libinit$$00000013)
    __rt_lib_init_lc_monetary_1              0x08000205   Thumb Code     0  libinit2.o(.ARM.Collect$$libinit$$00000015)
    __rt_lib_init_lc_numeric_2               0x08000205   Thumb Code     0  libinit2.o(.ARM.Collect$$libinit$$00000016)
    __rt_lib_init_alloca_1                   0x0800020f   Thumb Code     0  libinit2.o(.ARM.Collect$$libinit$$0000002E)
    __rt_lib_init_argv_1                     0x0800020f   Thumb Code     0  libinit2.o(.ARM.Collect$$libinit$$0000002C)
    __rt_lib_init_atexit_1                   0x0800020f   Thumb Code     0  libinit2.o(.ARM.Collect$$libinit$$0000001B)
    __rt_lib_init_clock_1                    0x0800020f   Thumb Code     0  libinit2.o(.ARM.Collect$$libinit$$00000021)
    __rt_lib_init_cpp_1                      0x0800020f   Thumb Code     0  libinit2.o(.ARM.Collect$$libinit$$00000032)
    __rt_lib_init_exceptions_1               0x0800020f   Thumb Code     0  libinit2.o(.ARM.Collect$$libinit$$00000030)
    __rt_lib_init_fp_trap_1                  0x0800020f   Thumb Code     0  libinit2.o(.ARM.Collect$$libinit$$0000001F)
    __rt_lib_init_getenv_1                   0x0800020f   Thumb Code     0  libinit2.o(.ARM.Collect$$libinit$$00000023)
    __rt_lib_init_lc_numeric_1               0x0800020f   Thumb Code     0  libinit2.o(.ARM.Collect$$libinit$$00000017)
    __rt_lib_init_lc_time_1                  0x0800020f   Thumb Code     0  libinit2.o(.ARM.Collect$$libinit$$00000019)
    __rt_lib_init_return                     0x0800020f   Thumb Code     0  libinit2.o(.ARM.Collect$$libinit$$00000033)
    __rt_lib_init_signal_1                   0x0800020f   Thumb Code     0  libinit2.o(.ARM.Collect$$libinit$$0000001D)
    __rt_lib_init_stdio_1                    0x0800020f   Thumb Code     0  libinit2.o(.ARM.Collect$$libinit$$00000025)
    __rt_lib_shutdown                        0x08000211   Thumb Code     0  libshutdown.o(.ARM.Collect$$libshutdown$$00000000)
    __rt_lib_shutdown_cpp_1                  0x08000213   Thumb Code     0  libshutdown2.o(.ARM.Collect$$libshutdown$$00000004)
    __rt_lib_shutdown_fini_1                 0x08000213   Thumb Code     0  libshutdown2.o(.ARM.Collect$$libshutdown$$00000002)
    __rt_lib_shutdown_fp_trap_1              0x08000213   Thumb Code     0  libshutdown2.o(.ARM.Collect$$libshutdown$$00000009)
    __rt_lib_shutdown_heap_1                 0x08000213   Thumb Code     0  libshutdown2.o(.ARM.Collect$$libshutdown$$00000011)
    __rt_lib_shutdown_return                 0x08000213   Thumb Code     0  libshutdown2.o(.ARM.Collect$$libshutdown$$00000012)
    __rt_lib_shutdown_signal_1               0x08000213   Thumb Code     0  libshutdown2.o(.ARM.Collect$$libshutdown$$0000000C)
    __rt_lib_shutdown_stdio_1                0x08000213   Thumb Code     0  libshutdown2.o(.ARM.Collect$$libshutdown$$00000006)
    __rt_lib_shutdown_user_alloc_1           0x08000213   Thumb Code     0  libshutdown2.o(.ARM.Collect$$libshutdown$$0000000E)
    __rt_entry                               0x08000215   Thumb Code     0  __rtentry.o(.ARM.Collect$$rtentry$$00000000)
    __rt_entry_presh_1                       0x08000215   Thumb Code     0  __rtentry2.o(.ARM.Collect$$rtentry$$00000002)
    __rt_entry_sh                            0x08000215   Thumb Code     0  __rtentry4.o(.ARM.Collect$$rtentry$$00000004)
    __rt_entry_li                            0x0800021b   Thumb Code     0  __rtentry2.o(.ARM.Collect$$rtentry$$0000000A)
    __rt_entry_postsh_1                      0x0800021b   Thumb Code     0  __rtentry2.o(.ARM.Collect$$rtentry$$00000009)
    __rt_entry_main                          0x0800021f   Thumb Code     0  __rtentry2.o(.ARM.Collect$$rtentry$$0000000D)
    __rt_entry_postli_1                      0x0800021f   Thumb Code     0  __rtentry2.o(.ARM.Collect$$rtentry$$0000000C)
    __rt_exit                                0x08000227   Thumb Code     0  rtexit.o(.ARM.Collect$$rtexit$$00000000)
    __rt_exit_ls                             0x08000229   Thumb Code     0  rtexit2.o(.ARM.Collect$$rtexit$$00000003)
    __rt_exit_prels_1                        0x08000229   Thumb Code     0  rtexit2.o(.ARM.Collect$$rtexit$$00000002)
    __rt_exit_exit                           0x0800022d   Thumb Code     0  rtexit2.o(.ARM.Collect$$rtexit$$00000004)
    SystemInit                               0x08000313   Thumb Code    78  system_stm32f10x.o(.text)
    SystemCoreClockUpdate                    0x08000361   Thumb Code   142  system_stm32f10x.o(.text)
    NVIC_PriorityGroupConfig                 0x08000415   Thumb Code    10  misc.o(.text)
    NVIC_Init                                0x0800041f   Thumb Code   100  misc.o(.text)
    NVIC_SetVectorTable                      0x08000483   Thumb Code    14  misc.o(.text)
    NVIC_SystemLPConfig                      0x08000491   Thumb Code    34  misc.o(.text)
    SysTick_CLKSourceConfig                  0x080004b3   Thumb Code    40  misc.o(.text)
    GPIO_DeInit                              0x080004f1   Thumb Code   172  stm32f10x_gpio.o(.text)
    GPIO_AFIODeInit                          0x0800059d   Thumb Code    20  stm32f10x_gpio.o(.text)
    GPIO_Init                                0x080005b1   Thumb Code   278  stm32f10x_gpio.o(.text)
    GPIO_StructInit                          0x080006c7   Thumb Code    16  stm32f10x_gpio.o(.text)
    GPIO_ReadInputDataBit                    0x080006d7   Thumb Code    18  stm32f10x_gpio.o(.text)
    GPIO_ReadInputData                       0x080006e9   Thumb Code     8  stm32f10x_gpio.o(.text)
    GPIO_ReadOutputDataBit                   0x080006f1   Thumb Code    18  stm32f10x_gpio.o(.text)
    GPIO_ReadOutputData                      0x08000703   Thumb Code     8  stm32f10x_gpio.o(.text)
    GPIO_SetBits                             0x0800070b   Thumb Code     4  stm32f10x_gpio.o(.text)
    GPIO_ResetBits                           0x0800070f   Thumb Code     4  stm32f10x_gpio.o(.text)
    GPIO_WriteBit                            0x08000713   Thumb Code    10  stm32f10x_gpio.o(.text)
    GPIO_Write                               0x0800071d   Thumb Code     4  stm32f10x_gpio.o(.text)
    GPIO_PinLockConfig                       0x08000721   Thumb Code    18  stm32f10x_gpio.o(.text)
    GPIO_EventOutputConfig                   0x08000733   Thumb Code    26  stm32f10x_gpio.o(.text)
    GPIO_EventOutputCmd                      0x0800074d   Thumb Code     6  stm32f10x_gpio.o(.text)
    GPIO_PinRemapConfig                      0x08000753   Thumb Code   138  stm32f10x_gpio.o(.text)
    GPIO_EXTILineConfig                      0x080007dd   Thumb Code    66  stm32f10x_gpio.o(.text)
    GPIO_ETH_MediaInterfaceConfig            0x0800081f   Thumb Code     8  stm32f10x_gpio.o(.text)
    RCC_DeInit                               0x0800084d   Thumb Code    64  stm32f10x_rcc.o(.text)
    RCC_HSEConfig                            0x0800088d   Thumb Code    70  stm32f10x_rcc.o(.text)
    RCC_GetFlagStatus                        0x080008d3   Thumb Code    56  stm32f10x_rcc.o(.text)
    RCC_WaitForHSEStartUp                    0x0800090b   Thumb Code    56  stm32f10x_rcc.o(.text)
    RCC_AdjustHSICalibrationValue            0x08000943   Thumb Code    20  stm32f10x_rcc.o(.text)
    RCC_HSICmd                               0x08000957   Thumb Code     6  stm32f10x_rcc.o(.text)
    RCC_PLLConfig                            0x0800095d   Thumb Code    24  stm32f10x_rcc.o(.text)
    RCC_PLLCmd                               0x08000975   Thumb Code     6  stm32f10x_rcc.o(.text)
    RCC_SYSCLKConfig                         0x0800097b   Thumb Code    18  stm32f10x_rcc.o(.text)
    RCC_GetSYSCLKSource                      0x0800098d   Thumb Code    10  stm32f10x_rcc.o(.text)
    RCC_HCLKConfig                           0x08000997   Thumb Code    18  stm32f10x_rcc.o(.text)
    RCC_PCLK1Config                          0x080009a9   Thumb Code    18  stm32f10x_rcc.o(.text)
    RCC_PCLK2Config                          0x080009bb   Thumb Code    20  stm32f10x_rcc.o(.text)
    RCC_ITConfig                             0x080009cf   Thumb Code    26  stm32f10x_rcc.o(.text)
    RCC_USBCLKConfig                         0x080009e9   Thumb Code     8  stm32f10x_rcc.o(.text)
    RCC_ADCCLKConfig                         0x080009f1   Thumb Code    18  stm32f10x_rcc.o(.text)
    RCC_LSEConfig                            0x08000a03   Thumb Code    50  stm32f10x_rcc.o(.text)
    RCC_LSICmd                               0x08000a35   Thumb Code     6  stm32f10x_rcc.o(.text)
    RCC_RTCCLKConfig                         0x08000a3b   Thumb Code    12  stm32f10x_rcc.o(.text)
    RCC_RTCCLKCmd                            0x08000a47   Thumb Code     8  stm32f10x_rcc.o(.text)
    RCC_GetClocksFreq                        0x08000a4f   Thumb Code   192  stm32f10x_rcc.o(.text)
    RCC_AHBPeriphClockCmd                    0x08000b0f   Thumb Code    26  stm32f10x_rcc.o(.text)
    RCC_APB2PeriphClockCmd                   0x08000b29   Thumb Code    26  stm32f10x_rcc.o(.text)
    RCC_APB1PeriphClockCmd                   0x08000b43   Thumb Code    26  stm32f10x_rcc.o(.text)
    RCC_APB2PeriphResetCmd                   0x08000b5d   Thumb Code    26  stm32f10x_rcc.o(.text)
    RCC_APB1PeriphResetCmd                   0x08000b77   Thumb Code    26  stm32f10x_rcc.o(.text)
    RCC_BackupResetCmd                       0x08000b91   Thumb Code     8  stm32f10x_rcc.o(.text)
    RCC_ClockSecuritySystemCmd               0x08000b99   Thumb Code     6  stm32f10x_rcc.o(.text)
    RCC_MCOConfig                            0x08000b9f   Thumb Code     6  stm32f10x_rcc.o(.text)
    RCC_ClearFlag                            0x08000ba5   Thumb Code    14  stm32f10x_rcc.o(.text)
    RCC_GetITStatus                          0x08000bb3   Thumb Code    20  stm32f10x_rcc.o(.text)
    RCC_ClearITPendingBit                    0x08000bc7   Thumb Code     6  stm32f10x_rcc.o(.text)
    USART_DeInit                             0x08000bf1   Thumb Code   134  stm32f10x_usart.o(.text)
    USART_Init                               0x08000c77   Thumb Code   210  stm32f10x_usart.o(.text)
    USART_StructInit                         0x08000d49   Thumb Code    24  stm32f10x_usart.o(.text)
    USART_ClockInit                          0x08000d61   Thumb Code    34  stm32f10x_usart.o(.text)
    USART_ClockStructInit                    0x08000d83   Thumb Code    12  stm32f10x_usart.o(.text)
    USART_Cmd                                0x08000d8f   Thumb Code    24  stm32f10x_usart.o(.text)
    USART_ITConfig                           0x08000da7   Thumb Code    74  stm32f10x_usart.o(.text)
    USART_DMACmd                             0x08000df1   Thumb Code    18  stm32f10x_usart.o(.text)
    USART_SetAddress                         0x08000e03   Thumb Code    18  stm32f10x_usart.o(.text)
    USART_WakeUpConfig                       0x08000e15   Thumb Code    18  stm32f10x_usart.o(.text)
    USART_ReceiverWakeUpCmd                  0x08000e27   Thumb Code    24  stm32f10x_usart.o(.text)
    USART_LINBreakDetectLengthConfig         0x08000e3f   Thumb Code    18  stm32f10x_usart.o(.text)
    USART_LINCmd                             0x08000e51   Thumb Code    24  stm32f10x_usart.o(.text)
    USART_SendData                           0x08000e69   Thumb Code     8  stm32f10x_usart.o(.text)
    USART_ReceiveData                        0x08000e71   Thumb Code    10  stm32f10x_usart.o(.text)
    USART_SendBreak                          0x08000e7b   Thumb Code    10  stm32f10x_usart.o(.text)
    USART_SetGuardTime                       0x08000e85   Thumb Code    16  stm32f10x_usart.o(.text)
    USART_SetPrescaler                       0x08000e95   Thumb Code    16  stm32f10x_usart.o(.text)
    USART_SmartCardCmd                       0x08000ea5   Thumb Code    24  stm32f10x_usart.o(.text)
    USART_SmartCardNACKCmd                   0x08000ebd   Thumb Code    24  stm32f10x_usart.o(.text)
    USART_HalfDuplexCmd                      0x08000ed5   Thumb Code    24  stm32f10x_usart.o(.text)
    USART_OverSampling8Cmd                   0x08000eed   Thumb Code    22  stm32f10x_usart.o(.text)
    USART_OneBitMethodCmd                    0x08000f03   Thumb Code    24  stm32f10x_usart.o(.text)
    USART_IrDAConfig                         0x08000f1b   Thumb Code    18  stm32f10x_usart.o(.text)
    USART_IrDACmd                            0x08000f2d   Thumb Code    24  stm32f10x_usart.o(.text)
    USART_GetFlagStatus                      0x08000f45   Thumb Code    26  stm32f10x_usart.o(.text)
    USART_ClearFlag                          0x08000f5f   Thumb Code    18  stm32f10x_usart.o(.text)
    USART_GetITStatus                        0x08000f71   Thumb Code    84  stm32f10x_usart.o(.text)
    USART_ClearITPendingBit                  0x08000fc5   Thumb Code    52  stm32f10x_usart.o(.text)
    BKP_DeInit                               0x08000ff9   Thumb Code    16  stm32f10x_bkp.o(.text)
    BKP_TamperPinLevelConfig                 0x08001009   Thumb Code     6  stm32f10x_bkp.o(.text)
    BKP_TamperPinCmd                         0x0800100f   Thumb Code     8  stm32f10x_bkp.o(.text)
    BKP_ITConfig                             0x08001017   Thumb Code     8  stm32f10x_bkp.o(.text)
    BKP_RTCOutputConfig                      0x0800101f   Thumb Code    22  stm32f10x_bkp.o(.text)
    BKP_SetRTCCalibrationValue               0x08001035   Thumb Code    22  stm32f10x_bkp.o(.text)
    BKP_WriteBackupRegister                  0x0800104b   Thumb Code    24  stm32f10x_bkp.o(.text)
    BKP_ReadBackupRegister                   0x08001063   Thumb Code    26  stm32f10x_bkp.o(.text)
    BKP_GetFlagStatus                        0x0800107d   Thumb Code    10  stm32f10x_bkp.o(.text)
    BKP_ClearFlag                            0x08001087   Thumb Code    18  stm32f10x_bkp.o(.text)
    BKP_GetITStatus                          0x08001099   Thumb Code    10  stm32f10x_bkp.o(.text)
    BKP_ClearITPendingBit                    0x080010a3   Thumb Code    18  stm32f10x_bkp.o(.text)
    PWR_DeInit                               0x080010bd   Thumb Code    22  stm32f10x_pwr.o(.text)
    PWR_BackupAccessCmd                      0x080010d3   Thumb Code     6  stm32f10x_pwr.o(.text)
    PWR_PVDCmd                               0x080010d9   Thumb Code     6  stm32f10x_pwr.o(.text)
    PWR_PVDLevelConfig                       0x080010df   Thumb Code    18  stm32f10x_pwr.o(.text)
    PWR_WakeUpPinCmd                         0x080010f1   Thumb Code     8  stm32f10x_pwr.o(.text)
    PWR_EnterSTOPMode                        0x080010f9   Thumb Code    54  stm32f10x_pwr.o(.text)
    PWR_EnterSTANDBYMode                     0x0800112f   Thumb Code    42  stm32f10x_pwr.o(.text)
    PWR_GetFlagStatus                        0x08001159   Thumb Code    20  stm32f10x_pwr.o(.text)
    PWR_ClearFlag                            0x0800116d   Thumb Code    14  stm32f10x_pwr.o(.text)
    RTC_ITConfig                             0x08001189   Thumb Code    26  stm32f10x_rtc.o(.text)
    RTC_EnterConfigMode                      0x080011a3   Thumb Code    18  stm32f10x_rtc.o(.text)
    RTC_ExitConfigMode                       0x080011b5   Thumb Code    20  stm32f10x_rtc.o(.text)
    RTC_GetCounter                           0x080011c9   Thumb Code    18  stm32f10x_rtc.o(.text)
    RTC_SetCounter                           0x080011db   Thumb Code    26  stm32f10x_rtc.o(.text)
    RTC_SetPrescaler                         0x080011f5   Thumb Code    28  stm32f10x_rtc.o(.text)
    RTC_SetAlarm                             0x08001211   Thumb Code    26  stm32f10x_rtc.o(.text)
    RTC_GetDivider                           0x0800122b   Thumb Code    22  stm32f10x_rtc.o(.text)
    RTC_WaitForLastTask                      0x08001241   Thumb Code    18  stm32f10x_rtc.o(.text)
    RTC_WaitForSynchro                       0x08001253   Thumb Code    36  stm32f10x_rtc.o(.text)
    RTC_GetFlagStatus                        0x08001277   Thumb Code    22  stm32f10x_rtc.o(.text)
    RTC_ClearFlag                            0x0800128d   Thumb Code    16  stm32f10x_rtc.o(.text)
    RTC_GetITStatus                          0x0800129d   Thumb Code    32  stm32f10x_rtc.o(.text)
    RTC_ClearITPendingBit                    0x080012bd   Thumb Code    16  stm32f10x_rtc.o(.text)
    FLASH_SetLatency                         0x080012d1   Thumb Code    18  stm32f10x_flash.o(.text)
    FLASH_HalfCycleAccessCmd                 0x080012e3   Thumb Code    22  stm32f10x_flash.o(.text)
    FLASH_PrefetchBufferCmd                  0x080012f9   Thumb Code    22  stm32f10x_flash.o(.text)
    FLASH_Unlock                             0x0800130f   Thumb Code    12  stm32f10x_flash.o(.text)
    FLASH_UnlockBank1                        0x0800131b   Thumb Code    12  stm32f10x_flash.o(.text)
    FLASH_Lock                               0x08001327   Thumb Code    14  stm32f10x_flash.o(.text)
    FLASH_LockBank1                          0x08001335   Thumb Code    14  stm32f10x_flash.o(.text)
    FLASH_GetBank1Status                     0x08001343   Thumb Code    48  stm32f10x_flash.o(.text)
    FLASH_WaitForLastOperation               0x08001373   Thumb Code    38  stm32f10x_flash.o(.text)
    FLASH_ErasePage                          0x08001399   Thumb Code    72  stm32f10x_flash.o(.text)
    FLASH_EraseAllPages                      0x080013e1   Thumb Code    68  stm32f10x_flash.o(.text)
    FLASH_WaitForLastBank1Operation          0x08001425   Thumb Code    38  stm32f10x_flash.o(.text)
    FLASH_EraseAllBank1Pages                 0x0800144b   Thumb Code    68  stm32f10x_flash.o(.text)
    FLASH_GetReadOutProtectionStatus         0x0800148f   Thumb Code    20  stm32f10x_flash.o(.text)
    FLASH_EraseOptionBytes                   0x080014a3   Thumb Code   150  stm32f10x_flash.o(.text)
    FLASH_ProgramWord                        0x08001539   Thumb Code   102  stm32f10x_flash.o(.text)
    FLASH_ProgramHalfWord                    0x0800159f   Thumb Code    60  stm32f10x_flash.o(.text)
    FLASH_ProgramOptionByteData              0x080015db   Thumb Code    72  stm32f10x_flash.o(.text)
    FLASH_EnableWriteProtection              0x08001623   Thumb Code   200  stm32f10x_flash.o(.text)
    FLASH_ReadOutProtection                  0x080016eb   Thumb Code   156  stm32f10x_flash.o(.text)
    FLASH_UserOptionByteConfig               0x08001787   Thumb Code    88  stm32f10x_flash.o(.text)
    FLASH_GetUserOptionByte                  0x080017df   Thumb Code     8  stm32f10x_flash.o(.text)
    FLASH_GetWriteProtectionOptionByte       0x080017e7   Thumb Code     6  stm32f10x_flash.o(.text)
    FLASH_GetPrefetchBufferStatus            0x080017ed   Thumb Code    20  stm32f10x_flash.o(.text)
    FLASH_ITConfig                           0x08001801   Thumb Code    26  stm32f10x_flash.o(.text)
    FLASH_GetFlagStatus                      0x0800181b   Thumb Code    42  stm32f10x_flash.o(.text)
    FLASH_ClearFlag                          0x08001845   Thumb Code     6  stm32f10x_flash.o(.text)
    FLASH_GetStatus                          0x0800184b   Thumb Code    48  stm32f10x_flash.o(.text)
    I2C_DeInit                               0x0800188d   Thumb Code    50  stm32f10x_i2c.o(.text)
    I2C_Init                                 0x080018bf   Thumb Code   222  stm32f10x_i2c.o(.text)
    I2C_StructInit                           0x0800199d   Thumb Code    30  stm32f10x_i2c.o(.text)
    I2C_Cmd                                  0x080019bb   Thumb Code    24  stm32f10x_i2c.o(.text)
    I2C_DMACmd                               0x080019d3   Thumb Code    24  stm32f10x_i2c.o(.text)
    I2C_DMALastTransferCmd                   0x080019eb   Thumb Code    24  stm32f10x_i2c.o(.text)
    I2C_GenerateSTART                        0x08001a03   Thumb Code    24  stm32f10x_i2c.o(.text)
    I2C_GenerateSTOP                         0x08001a1b   Thumb Code    24  stm32f10x_i2c.o(.text)
    I2C_AcknowledgeConfig                    0x08001a33   Thumb Code    24  stm32f10x_i2c.o(.text)
    I2C_OwnAddress2Config                    0x08001a4b   Thumb Code    22  stm32f10x_i2c.o(.text)
    I2C_DualAddressCmd                       0x08001a61   Thumb Code    24  stm32f10x_i2c.o(.text)
    I2C_GeneralCallCmd                       0x08001a79   Thumb Code    24  stm32f10x_i2c.o(.text)
    I2C_ITConfig                             0x08001a91   Thumb Code    18  stm32f10x_i2c.o(.text)
    I2C_SendData                             0x08001aa3   Thumb Code     4  stm32f10x_i2c.o(.text)
    I2C_ReceiveData                          0x08001aa7   Thumb Code     8  stm32f10x_i2c.o(.text)
    I2C_Send7bitAddress                      0x08001aaf   Thumb Code    18  stm32f10x_i2c.o(.text)
    I2C_ReadRegister                         0x08001ac1   Thumb Code    22  stm32f10x_i2c.o(.text)
    I2C_SoftwareResetCmd                     0x08001ad7   Thumb Code    22  stm32f10x_i2c.o(.text)
    I2C_NACKPositionConfig                   0x08001aed   Thumb Code    28  stm32f10x_i2c.o(.text)
    I2C_SMBusAlertConfig                     0x08001b09   Thumb Code    28  stm32f10x_i2c.o(.text)
    I2C_TransmitPEC                          0x08001b25   Thumb Code    24  stm32f10x_i2c.o(.text)
    I2C_PECPositionConfig                    0x08001b3d   Thumb Code    28  stm32f10x_i2c.o(.text)
    I2C_CalculatePEC                         0x08001b59   Thumb Code    24  stm32f10x_i2c.o(.text)
    I2C_GetPEC                               0x08001b71   Thumb Code     8  stm32f10x_i2c.o(.text)
    I2C_ARPCmd                               0x08001b79   Thumb Code    24  stm32f10x_i2c.o(.text)
    I2C_StretchClockCmd                      0x08001b91   Thumb Code    24  stm32f10x_i2c.o(.text)
    I2C_FastModeDutyCycleConfig              0x08001ba9   Thumb Code    28  stm32f10x_i2c.o(.text)
    I2C_CheckEvent                           0x08001bc5   Thumb Code    42  stm32f10x_i2c.o(.text)
    I2C_GetLastEvent                         0x08001bef   Thumb Code    26  stm32f10x_i2c.o(.text)
    I2C_GetFlagStatus                        0x08001c09   Thumb Code    58  stm32f10x_i2c.o(.text)
    I2C_ClearFlag                            0x08001c43   Thumb Code    12  stm32f10x_i2c.o(.text)
    I2C_GetITStatus                          0x08001c4f   Thumb Code    54  stm32f10x_i2c.o(.text)
    I2C_ClearITPendingBit                    0x08001c85   Thumb Code    12  stm32f10x_i2c.o(.text)
    ADC_DeInit                               0x08001c91   Thumb Code    78  stm32f10x_adc.o(.text)
    ADC_Init                                 0x08001cdf   Thumb Code    70  stm32f10x_adc.o(.text)
    ADC_StructInit                           0x08001d25   Thumb Code    18  stm32f10x_adc.o(.text)
    ADC_Cmd                                  0x08001d37   Thumb Code    22  stm32f10x_adc.o(.text)
    ADC_DMACmd                               0x08001d4d   Thumb Code    22  stm32f10x_adc.o(.text)
    ADC_ITConfig                             0x08001d63   Thumb Code    24  stm32f10x_adc.o(.text)
    ADC_ResetCalibration                     0x08001d7b   Thumb Code    10  stm32f10x_adc.o(.text)
    ADC_GetResetCalibrationStatus            0x08001d85   Thumb Code    20  stm32f10x_adc.o(.text)
    ADC_StartCalibration                     0x08001d99   Thumb Code    10  stm32f10x_adc.o(.text)
    ADC_GetCalibrationStatus                 0x08001da3   Thumb Code    20  stm32f10x_adc.o(.text)
    ADC_SoftwareStartConvCmd                 0x08001db7   Thumb Code    22  stm32f10x_adc.o(.text)
    ADC_GetSoftwareStartConvStatus           0x08001dcd   Thumb Code    20  stm32f10x_adc.o(.text)
    ADC_DiscModeChannelCountConfig           0x08001de1   Thumb Code    24  stm32f10x_adc.o(.text)
    ADC_DiscModeCmd                          0x08001df9   Thumb Code    22  stm32f10x_adc.o(.text)
    ADC_RegularChannelConfig                 0x08001e0f   Thumb Code   184  stm32f10x_adc.o(.text)
    ADC_ExternalTrigConvCmd                  0x08001ec7   Thumb Code    22  stm32f10x_adc.o(.text)
    ADC_GetConversionValue                   0x08001edd   Thumb Code     8  stm32f10x_adc.o(.text)
    ADC_GetDualModeConversionValue           0x08001ee5   Thumb Code     8  stm32f10x_adc.o(.text)
    ADC_AutoInjectedConvCmd                  0x08001eed   Thumb Code    22  stm32f10x_adc.o(.text)
    ADC_InjectedDiscModeCmd                  0x08001f03   Thumb Code    22  stm32f10x_adc.o(.text)
    ADC_ExternalTrigInjectedConvConfig       0x08001f19   Thumb Code    16  stm32f10x_adc.o(.text)
    ADC_ExternalTrigInjectedConvCmd          0x08001f29   Thumb Code    22  stm32f10x_adc.o(.text)
    ADC_SoftwareStartInjectedConvCmd         0x08001f3f   Thumb Code    22  stm32f10x_adc.o(.text)
    ADC_GetSoftwareStartInjectedConvCmdStatus 0x08001f55   Thumb Code    20  stm32f10x_adc.o(.text)
    ADC_InjectedChannelConfig                0x08001f69   Thumb Code   130  stm32f10x_adc.o(.text)
    ADC_InjectedSequencerLengthConfig        0x08001feb   Thumb Code    24  stm32f10x_adc.o(.text)
    ADC_SetInjectedOffset                    0x08002003   Thumb Code    20  stm32f10x_adc.o(.text)
    ADC_GetInjectedConversionValue           0x08002017   Thumb Code    28  stm32f10x_adc.o(.text)
    ADC_AnalogWatchdogCmd                    0x08002033   Thumb Code    16  stm32f10x_adc.o(.text)
    ADC_AnalogWatchdogThresholdsConfig       0x08002043   Thumb Code     6  stm32f10x_adc.o(.text)
    ADC_AnalogWatchdogSingleChannelConfig    0x08002049   Thumb Code    16  stm32f10x_adc.o(.text)
    ADC_TempSensorVrefintCmd                 0x08002059   Thumb Code    64  stm32f10x_adc.o(.text)
    ADC_GetFlagStatus                        0x08002099   Thumb Code    18  stm32f10x_adc.o(.text)
    ADC_ClearFlag                            0x080020ab   Thumb Code     6  stm32f10x_adc.o(.text)
    ADC_GetITStatus                          0x080020b1   Thumb Code    36  stm32f10x_adc.o(.text)
    ADC_ClearITPendingBit                    0x080020d5   Thumb Code    10  stm32f10x_adc.o(.text)
    DMA_DeInit                               0x080020e1   Thumb Code   324  stm32f10x_dma.o(.text)
    DMA_Init                                 0x08002225   Thumb Code    60  stm32f10x_dma.o(.text)
    DMA_StructInit                           0x08002261   Thumb Code    26  stm32f10x_dma.o(.text)
    DMA_Cmd                                  0x0800227b   Thumb Code    24  stm32f10x_dma.o(.text)
    DMA_ITConfig                             0x08002293   Thumb Code    18  stm32f10x_dma.o(.text)
    DMA_SetCurrDataCounter                   0x080022a5   Thumb Code     4  stm32f10x_dma.o(.text)
    DMA_GetCurrDataCounter                   0x080022a9   Thumb Code     8  stm32f10x_dma.o(.text)
    DMA_GetFlagStatus                        0x080022b1   Thumb Code    40  stm32f10x_dma.o(.text)
    DMA_ClearFlag                            0x080022d9   Thumb Code    22  stm32f10x_dma.o(.text)
    DMA_GetITStatus                          0x080022ef   Thumb Code    40  stm32f10x_dma.o(.text)
    DMA_ClearITPendingBit                    0x08002317   Thumb Code    22  stm32f10x_dma.o(.text)
    SPI_I2S_DeInit                           0x08002335   Thumb Code    76  stm32f10x_spi.o(.text)
    SPI_Init                                 0x08002381   Thumb Code    60  stm32f10x_spi.o(.text)
    I2S_Init                                 0x080023bd   Thumb Code   226  stm32f10x_spi.o(.text)
    SPI_StructInit                           0x0800249f   Thumb Code    24  stm32f10x_spi.o(.text)
    I2S_StructInit                           0x080024b7   Thumb Code    20  stm32f10x_spi.o(.text)
    SPI_Cmd                                  0x080024cb   Thumb Code    24  stm32f10x_spi.o(.text)
    I2S_Cmd                                  0x080024e3   Thumb Code    24  stm32f10x_spi.o(.text)
    SPI_I2S_ITConfig                         0x080024fb   Thumb Code    32  stm32f10x_spi.o(.text)
    SPI_I2S_DMACmd                           0x0800251b   Thumb Code    18  stm32f10x_spi.o(.text)
    SPI_I2S_SendData                         0x0800252d   Thumb Code     4  stm32f10x_spi.o(.text)
    SPI_I2S_ReceiveData                      0x08002531   Thumb Code     6  stm32f10x_spi.o(.text)
    SPI_NSSInternalSoftwareConfig            0x08002537   Thumb Code    30  stm32f10x_spi.o(.text)
    SPI_SSOutputCmd                          0x08002555   Thumb Code    24  stm32f10x_spi.o(.text)
    SPI_DataSizeConfig                       0x0800256d   Thumb Code    18  stm32f10x_spi.o(.text)
    SPI_TransmitCRC                          0x0800257f   Thumb Code    10  stm32f10x_spi.o(.text)
    SPI_CalculateCRC                         0x08002589   Thumb Code    24  stm32f10x_spi.o(.text)
    SPI_GetCRC                               0x080025a1   Thumb Code    16  stm32f10x_spi.o(.text)
    SPI_GetCRCPolynomial                     0x080025b1   Thumb Code     6  stm32f10x_spi.o(.text)
    SPI_BiDirectionalLineConfig              0x080025b7   Thumb Code    28  stm32f10x_spi.o(.text)
    SPI_I2S_GetFlagStatus                    0x080025d3   Thumb Code    18  stm32f10x_spi.o(.text)
    SPI_I2S_ClearFlag                        0x080025e5   Thumb Code     6  stm32f10x_spi.o(.text)
    SPI_I2S_GetITStatus                      0x080025eb   Thumb Code    52  stm32f10x_spi.o(.text)
    SPI_I2S_ClearITPendingBit                0x0800261f   Thumb Code    20  stm32f10x_spi.o(.text)
    CAN_DeInit                               0x08002641   Thumb Code    50  stm32f10x_can.o(.text)
    CAN_Init                                 0x08002673   Thumb Code   276  stm32f10x_can.o(.text)
    CAN_FilterInit                           0x08002787   Thumb Code   258  stm32f10x_can.o(.text)
    CAN_StructInit                           0x08002889   Thumb Code    32  stm32f10x_can.o(.text)
    CAN_SlaveStartBank                       0x080028a9   Thumb Code    48  stm32f10x_can.o(.text)
    CAN_DBGFreeze                            0x080028d9   Thumb Code    22  stm32f10x_can.o(.text)
    CAN_TTComModeCmd                         0x080028ef   Thumb Code   118  stm32f10x_can.o(.text)
    CAN_Transmit                             0x08002965   Thumb Code   304  stm32f10x_can.o(.text)
    CAN_TransmitStatus                       0x08002a95   Thumb Code   138  stm32f10x_can.o(.text)
    CAN_CancelTransmit                       0x08002b1f   Thumb Code    48  stm32f10x_can.o(.text)
    CAN_Receive                              0x08002b4f   Thumb Code   240  stm32f10x_can.o(.text)
    CAN_FIFORelease                          0x08002c3f   Thumb Code    22  stm32f10x_can.o(.text)
    CAN_MessagePending                       0x08002c55   Thumb Code    30  stm32f10x_can.o(.text)
    CAN_OperatingModeRequest                 0x08002c73   Thumb Code   162  stm32f10x_can.o(.text)
    CAN_Sleep                                0x08002d15   Thumb Code    30  stm32f10x_can.o(.text)
    CAN_WakeUp                               0x08002d33   Thumb Code    48  stm32f10x_can.o(.text)
    CAN_GetLastErrorCode                     0x08002d63   Thumb Code    12  stm32f10x_can.o(.text)
    CAN_GetReceiveErrorCounter               0x08002d6f   Thumb Code    10  stm32f10x_can.o(.text)
    CAN_GetLSBTransmitErrorCounter           0x08002d79   Thumb Code    12  stm32f10x_can.o(.text)
    CAN_ITConfig                             0x08002d85   Thumb Code    18  stm32f10x_can.o(.text)
    CAN_GetFlagStatus                        0x08002d97   Thumb Code   120  stm32f10x_can.o(.text)
    CAN_ClearFlag                            0x08002e0f   Thumb Code    52  stm32f10x_can.o(.text)
    CAN_GetITStatus                          0x08002e55   Thumb Code   310  stm32f10x_can.o(.text)
    CAN_ClearITPendingBit                    0x08002f8b   Thumb Code   162  stm32f10x_can.o(.text)
    Reset_Handler                            0x08003031   Thumb Code     8  startup_stm32f10x_md.o(.text)
    ADC1_2_IRQHandler                        0x0800304b   Thumb Code     0  startup_stm32f10x_md.o(.text)
    CAN1_RX1_IRQHandler                      0x0800304b   Thumb Code     0  startup_stm32f10x_md.o(.text)
    CAN1_SCE_IRQHandler                      0x0800304b   Thumb Code     0  startup_stm32f10x_md.o(.text)
    DMA1_Channel1_IRQHandler                 0x0800304b   Thumb Code     0  startup_stm32f10x_md.o(.text)
    DMA1_Channel2_IRQHandler                 0x0800304b   Thumb Code     0  startup_stm32f10x_md.o(.text)
    DMA1_Channel3_IRQHandler                 0x0800304b   Thumb Code     0  startup_stm32f10x_md.o(.text)
    DMA1_Channel4_IRQHandler                 0x0800304b   Thumb Code     0  startup_stm32f10x_md.o(.text)
    DMA1_Channel5_IRQHandler                 0x0800304b   Thumb Code     0  startup_stm32f10x_md.o(.text)
    DMA1_Channel6_IRQHandler                 0x0800304b   Thumb Code     0  startup_stm32f10x_md.o(.text)
    DMA1_Channel7_IRQHandler                 0x0800304b   Thumb Code     0  startup_stm32f10x_md.o(.text)
    EXTI0_IRQHandler                         0x0800304b   Thumb Code     0  startup_stm32f10x_md.o(.text)
    EXTI15_10_IRQHandler                     0x0800304b   Thumb Code     0  startup_stm32f10x_md.o(.text)
    EXTI1_IRQHandler                         0x0800304b   Thumb Code     0  startup_stm32f10x_md.o(.text)
    EXTI2_IRQHandler                         0x0800304b   Thumb Code     0  startup_stm32f10x_md.o(.text)
    EXTI3_IRQHandler                         0x0800304b   Thumb Code     0  startup_stm32f10x_md.o(.text)
    EXTI4_IRQHandler                         0x0800304b   Thumb Code     0  startup_stm32f10x_md.o(.text)
    EXTI9_5_IRQHandler                       0x0800304b   Thumb Code     0  startup_stm32f10x_md.o(.text)
    FLASH_IRQHandler                         0x0800304b   Thumb Code     0  startup_stm32f10x_md.o(.text)
    I2C1_ER_IRQHandler                       0x0800304b   Thumb Code     0  startup_stm32f10x_md.o(.text)
    I2C1_EV_IRQHandler                       0x0800304b   Thumb Code     0  startup_stm32f10x_md.o(.text)
    I2C2_ER_IRQHandler                       0x0800304b   Thumb Code     0  startup_stm32f10x_md.o(.text)
    I2C2_EV_IRQHandler                       0x0800304b   Thumb Code     0  startup_stm32f10x_md.o(.text)
    PVD_IRQHandler                           0x0800304b   Thumb Code     0  startup_stm32f10x_md.o(.text)
    RCC_IRQHandler                           0x0800304b   Thumb Code     0  startup_stm32f10x_md.o(.text)
    SPI1_IRQHandler                          0x0800304b   Thumb Code     0  startup_stm32f10x_md.o(.text)
    SPI2_IRQHandler                          0x0800304b   Thumb Code     0  startup_stm32f10x_md.o(.text)
    TAMPER_IRQHandler                        0x0800304b   Thumb Code     0  startup_stm32f10x_md.o(.text)
    TIM1_BRK_IRQHandler                      0x0800304b   Thumb Code     0  startup_stm32f10x_md.o(.text)
    TIM1_CC_IRQHandler                       0x0800304b   Thumb Code     0  startup_stm32f10x_md.o(.text)
    TIM1_TRG_COM_IRQHandler                  0x0800304b   Thumb Code     0  startup_stm32f10x_md.o(.text)
    TIM1_UP_IRQHandler                       0x0800304b   Thumb Code     0  startup_stm32f10x_md.o(.text)
    TIM2_IRQHandler                          0x0800304b   Thumb Code     0  startup_stm32f10x_md.o(.text)
    TIM3_IRQHandler                          0x0800304b   Thumb Code     0  startup_stm32f10x_md.o(.text)
    TIM4_IRQHandler                          0x0800304b   Thumb Code     0  startup_stm32f10x_md.o(.text)
    USART2_IRQHandler                        0x0800304b   Thumb Code     0  startup_stm32f10x_md.o(.text)
    USBWakeUp_IRQHandler                     0x0800304b   Thumb Code     0  startup_stm32f10x_md.o(.text)
    USB_HP_CAN1_TX_IRQHandler                0x0800304b   Thumb Code     0  startup_stm32f10x_md.o(.text)
    WWDG_IRQHandler                          0x0800304b   Thumb Code     0  startup_stm32f10x_md.o(.text)
    __user_initial_stackheap                 0x0800304d   Thumb Code     0  startup_stm32f10x_md.o(.text)
    IO_Init                                  0x08003071   Thumb Code    52  main.o(.text)
    main                                     0x080030a5   Thumb Code  2944  main.o(.text)
    NMI_Handler                              0x08003d61   Thumb Code     2  stm32f10x_it.o(.text)
    HardFault_Handler                        0x08003d63   Thumb Code     4  stm32f10x_it.o(.text)
    MemManage_Handler                        0x08003d67   Thumb Code     4  stm32f10x_it.o(.text)
    BusFault_Handler                         0x08003d6b   Thumb Code     4  stm32f10x_it.o(.text)
    UsageFault_Handler                       0x08003d6f   Thumb Code     4  stm32f10x_it.o(.text)
    SVC_Handler                              0x08003d73   Thumb Code     2  stm32f10x_it.o(.text)
    DebugMon_Handler                         0x08003d75   Thumb Code     2  stm32f10x_it.o(.text)
    PendSV_Handler                           0x08003d77   Thumb Code     2  stm32f10x_it.o(.text)
    SysTick_Handler                          0x08003d79   Thumb Code     2  stm32f10x_it.o(.text)
    delay_us                                 0x08003d7b   Thumb Code    42  delay.o(.text)
    delay_ms                                 0x08003da5   Thumb Code    26  delay.o(.text)
    delay_s                                  0x08003dbf   Thumb Code    26  delay.o(.text)
    RTC_First_Config                         0x08003dd9   Thumb Code    76  rtc.o(.text)
    RTC_Config                               0x08003e25   Thumb Code    62  rtc.o(.text)
    RTC_IRQHandler                           0x08003e63   Thumb Code    20  rtc.o(.text)
    RTCAlarm_IRQHandler                      0x08003e77   Thumb Code    20  rtc.o(.text)
    Is_Leap_Year                             0x08003e8b   Thumb Code    58  rtc.o(.text)
    RTC_Set                                  0x08003ec5   Thumb Code   180  rtc.o(.text)
    RTC_Get_Week                             0x08003f79   Thumb Code   116  rtc.o(.text)
    RTC_Get                                  0x08003fed   Thumb Code   246  rtc.o(.text)
    I2C_GPIO_Init                            0x08004119   Thumb Code    30  i2c.o(.text)
    I2C_Configuration                        0x08004137   Thumb Code    70  i2c.o(.text)
    I2C_SAND_BUFFER                          0x0800417d   Thumb Code   132  i2c.o(.text)
    I2C_SAND_BYTE                            0x08004201   Thumb Code   112  i2c.o(.text)
    I2C_READ_BUFFER                          0x08004271   Thumb Code   218  i2c.o(.text)
    I2C_READ_BYTE                            0x0800434b   Thumb Code   176  i2c.o(.text)
    ADC_DMA_Init                             0x08004411   Thumb Code    74  adc.o(.text)
    ADC_GPIO_Init                            0x0800445b   Thumb Code    40  adc.o(.text)
    ADC_Configuration                        0x08004483   Thumb Code   186  adc.o(.text)
    RCC_Configuration                        0x0800454d   Thumb Code   116  rcc.o(.text)
    _sys_exit                                0x080045c1   Thumb Code     6  usart.o(.text)
    fputc                                    0x080045c7   Thumb Code    24  usart.o(.text)
    USART1_printf                            0x080045df   Thumb Code    82  usart.o(.text)
    USART1_Init                              0x08004631   Thumb Code   152  usart.o(.text)
    USART1_IRQHandler                        0x080046c9   Thumb Code   132  usart.o(.text)
    USART3_printf                            0x0800474d   Thumb Code    82  usart.o(.text)
    USART3_Init                              0x0800479f   Thumb Code   162  usart.o(.text)
    USART3_IRQHandler                        0x08004841   Thumb Code    28  usart.o(.text)
    SPI2_Init                                0x0800487d   Thumb Code   166  spi.o(.text)
    SPI2_SendByte                            0x08004923   Thumb Code    50  spi.o(.text)
    LED_Init                                 0x0800495d   Thumb Code    38  led.o(.text)
    LED1                                     0x08004983   Thumb Code    26  led.o(.text)
    LED2                                     0x0800499d   Thumb Code    26  led.o(.text)
    KEY_Init                                 0x080049bd   Thumb Code    24  key.o(.text)
    KEY1                                     0x080049d5   Thumb Code    36  key.o(.text)
    KEY2                                     0x080049f9   Thumb Code    36  key.o(.text)
    BUZZER_Init                              0x08004a21   Thumb Code    40  buzzer.o(.text)
    BUZZER_BEEP1                             0x08004a49   Thumb Code    52  buzzer.o(.text)
    OLED_DISPLAY_ON                          0x08004a81   Thumb Code    30  oled0561.o(.text)
    OLED_DISPLAY_CLEAR                       0x08004a9f   Thumb Code    68  oled0561.o(.text)
    OLED_DISPLAY_OFF                         0x08004ae3   Thumb Code    22  oled0561.o(.text)
    OLED0561_Init                            0x08004af9   Thumb Code    16  oled0561.o(.text)
    OLED_DISPLAY_LIT                         0x08004b09   Thumb Code    26  oled0561.o(.text)
    OLED_DISPLAY_8x16                        0x08004b23   Thumb Code   150  oled0561.o(.text)
    OLED_DISPLAY_8x16_BUFFER                 0x08004bb9   Thumb Code    36  oled0561.o(.text)
    LM75A_GetTemp                            0x08004c01   Thumb Code   176  lm75a.o(.text)
    LM75A_POWERDOWN                          0x08004cb1   Thumb Code    14  lm75a.o(.text)
    MOTOLOOP_OFF                             0x08004cc1   Thumb Code    14  step_motor.o(.text)
    STEP_MOTOR_Init                          0x08004ccf   Thumb Code    36  step_motor.o(.text)
    MOTOLOOP_4_S                             0x08004cf3   Thumb Code    94  step_motor.o(.text)
    MOTOLOOP_4_R                             0x08004d51   Thumb Code   110  step_motor.o(.text)
    MOTOLOOP_4_L                             0x08004dbf   Thumb Code   110  step_motor.o(.text)
    MOTOLOOP_8_R                             0x08004e2d   Thumb Code   210  step_motor.o(.text)
    MOTOLOOP_8_L                             0x08004eff   Thumb Code   210  step_motor.o(.text)
    MOTOLOOP_4_F                             0x08004fd1   Thumb Code   110  step_motor.o(.text)
    MOTOLOOP_2_F                             0x0800503f   Thumb Code    58  step_motor.o(.text)
    RELAY_Init                               0x0800507d   Thumb Code    50  relay.o(.text)
    RELAY_Control                            0x080050af   Thumb Code    34  relay.o(.text)
    TOUCH_KEY_Init                           0x080050d9   Thumb Code    24  touch_key.o(.text)
    TOUCH_KEY_READ                           0x080050f1   Thumb Code   110  touch_key.o(.text)
    ENCODER_Init                             0x08005165   Thumb Code    44  encoder.o(.text)
    ENCODER_READ                             0x08005191   Thumb Code   182  encoder.o(.text)
    CH376_PORT_INIT                          0x08005259   Thumb Code    46  ch376.o(.text)
    xEndCH376Cmd                             0x08005287   Thumb Code    14  ch376.o(.text)
    Spi376OutByte                            0x08005295   Thumb Code    12  ch376.o(.text)
    Spi376InByte                             0x080052a1   Thumb Code    26  ch376.o(.text)
    xWriteCH376Cmd                           0x080052bb   Thumb Code    44  ch376.o(.text)
    xWriteCH376Data                          0x080052e7   Thumb Code    18  ch376.o(.text)
    xReadCH376Data                           0x080052f9   Thumb Code    20  ch376.o(.text)
    Query376Interrupt                        0x0800530d   Thumb Code    18  ch376.o(.text)
    mInitCH376Host                           0x0800531f   Thumb Code    84  ch376.o(.text)
    CH376ReadBlock                           0x08005381   Thumb Code    46  filesys.o(.text)
    CH376WriteReqBlock                       0x080053af   Thumb Code    46  filesys.o(.text)
    CH376WriteHostBlock                      0x080053dd   Thumb Code    44  filesys.o(.text)
    CH376WriteOfsBlock                       0x08005409   Thumb Code    52  filesys.o(.text)
    CH376WriteVar32                          0x0800543d   Thumb Code    52  filesys.o(.text)
    CH376Read32bitDat                        0x08005471   Thumb Code    48  filesys.o(.text)
    CH376ReadVar32                           0x080054a1   Thumb Code    22  filesys.o(.text)
    CH376ReadVar8                            0x080054b7   Thumb Code    30  filesys.o(.text)
    CH376GetIntStatus                        0x080054d5   Thumb Code    22  filesys.o(.text)
    Wait376Interrupt                         0x080054eb   Thumb Code    30  filesys.o(.text)
    CH376SendCmdWaitInt                      0x08005509   Thumb Code    20  filesys.o(.text)
    CH376SetFileName                         0x0800551d   Thumb Code   156  filesys.o(.text)
    CH376WriteVar8                           0x080055b9   Thumb Code    30  filesys.o(.text)
    CH376EndDirInfo                          0x080055d7   Thumb Code    12  filesys.o(.text)
    CH376GetFileSize                         0x080055e3   Thumb Code    10  filesys.o(.text)
    CH376GetDiskStatus                       0x080055ed   Thumb Code    10  filesys.o(.text)
    CH376SendCmdDatWaitInt                   0x080055f7   Thumb Code    28  filesys.o(.text)
    CH376DiskReqSense                        0x08005613   Thumb Code    26  filesys.o(.text)
    CH376DiskConnect                         0x0800562d   Thumb Code    20  filesys.o(.text)
    CH376DiskMount                           0x08005641   Thumb Code    10  filesys.o(.text)
    CH376FileOpen                            0x0800564b   Thumb Code    38  filesys.o(.text)
    CH376FileCreate                          0x08005671   Thumb Code    20  filesys.o(.text)
    CH376DirCreate                           0x08005685   Thumb Code    38  filesys.o(.text)
    CH376SeparatePath                        0x080056ab   Thumb Code    46  filesys.o(.text)
    CH376FileOpenDir                         0x080056d9   Thumb Code   100  filesys.o(.text)
    CH376FileOpenPath                        0x0800573d   Thumb Code    14  filesys.o(.text)
    CH376FileCreatePath                      0x0800574b   Thumb Code    56  filesys.o(.text)
    CH376FileErase                           0x08005783   Thumb Code    70  filesys.o(.text)
    CH376FileClose                           0x080057c9   Thumb Code    14  filesys.o(.text)
    CH376DirInfoRead                         0x080057d7   Thumb Code    12  filesys.o(.text)
    CH376DirInfoSave                         0x080057e3   Thumb Code    10  filesys.o(.text)
    CH376ByteLocate                          0x080057ed   Thumb Code    48  filesys.o(.text)
    CH376ByteRead                            0x0800581d   Thumb Code    88  filesys.o(.text)
    CH376ByteWrite                           0x08005875   Thumb Code    88  filesys.o(.text)
    CH376DiskCapacity                        0x080058cd   Thumb Code    48  filesys.o(.text)
    CH376DiskQuery                           0x080058fd   Thumb Code   134  filesys.o(.text)
    CH376SecLocate                           0x08005983   Thumb Code    48  filesys.o(.text)
    MY1690_STOP                              0x080059b5   Thumb Code    10  my1690.o(.text)
    MY1690_Init                              0x080059bf   Thumb Code    24  my1690.o(.text)
    MY1690_PLAY                              0x080059d7   Thumb Code    10  my1690.o(.text)
    MY1690_PAUSE                             0x080059e1   Thumb Code    10  my1690.o(.text)
    MY1690_PREV                              0x080059eb   Thumb Code    10  my1690.o(.text)
    MY1690_NEXT                              0x080059f5   Thumb Code    10  my1690.o(.text)
    MY1690_VUP                               0x080059ff   Thumb Code    10  my1690.o(.text)
    MY1690_VDOWN                             0x08005a09   Thumb Code    10  my1690.o(.text)
    TM1640_start                             0x08005a51   Thumb Code    66  tm1640.o(.text)
    TM1640_stop                              0x08005a93   Thumb Code    48  tm1640.o(.text)
    TM1640_write                             0x08005ac3   Thumb Code   146  tm1640.o(.text)
    TM1640_Init                              0x08005b55   Thumb Code    88  tm1640.o(.text)
    TM1640_led                               0x08005bad   Thumb Code    26  tm1640.o(.text)
    TM1640_display                           0x08005bc7   Thumb Code    48  tm1640.o(.text)
    TM1640_display_add                       0x08005bf7   Thumb Code    60  tm1640.o(.text)
    CAN1_Configuration                       0x08005c51   Thumb Code   190  can.o(.text)
    CAN_Send_Msg                             0x08005d0f   Thumb Code   104  can.o(.text)
    CAN_Receive_Msg                          0x08005d77   Thumb Code    56  can.o(.text)
    USB_LP_CAN1_RX0_IRQHandler               0x08005daf   Thumb Code   148  can.o(.text)
    RS485_Init                               0x08005e4d   Thumb Code    42  rs485.o(.text)
    RS485_printf                             0x08005e77   Thumb Code   102  rs485.o(.text)
    __use_no_semihosting                     0x08005ee5   Thumb Code     2  use_no_semi_2.o(.text)
    __c89vsnprintf                           0x08005ee9   Thumb Code    48  c89vsnprintf.o(.text)
    __2printf                                0x08005f1d   Thumb Code    20  __2printf.o(.text)
    _printf_pre_padding                      0x08005f35   Thumb Code    44  _printf_pad.o(.text)
    _printf_post_padding                     0x08005f61   Thumb Code    34  _printf_pad.o(.text)
    _printf_str                              0x08005f83   Thumb Code    82  _printf_str.o(.text)
    _printf_int_dec                          0x08005fd5   Thumb Code   104  _printf_dec.o(.text)
    _printf_longlong_hex                     0x0800604d   Thumb Code    86  _printf_hex_int_ll_ptr.o(.text)
    _printf_int_hex                          0x080060a3   Thumb Code    28  _printf_hex_int_ll_ptr.o(.text)
    _printf_ll_hex                           0x080060bf   Thumb Code    12  _printf_hex_int_ll_ptr.o(.text)
    _printf_hex_ptr                          0x080060cb   Thumb Code    18  _printf_hex_int_ll_ptr.o(.text)
    __printf                                 0x080060e1   Thumb Code   388  __printf_flags_ss_wp.o(.text)
    strcpy                                   0x08006269   Thumb Code    72  strcpy.o(.text)
    strlen                                   0x080062b1   Thumb Code    62  strlen.o(.text)
    __aeabi_memcpy4                          0x080062ef   Thumb Code     0  rt_memcpy_w.o(.text)
    __aeabi_memcpy8                          0x080062ef   Thumb Code     0  rt_memcpy_w.o(.text)
    __rt_memcpy_w                            0x080062ef   Thumb Code   100  rt_memcpy_w.o(.text)
    _memcpy_lastbytes_aligned                0x08006337   Thumb Code     0  rt_memcpy_w.o(.text)
    __use_two_region_memory                  0x08006353   Thumb Code     2  heapauxi.o(.text)
    __rt_heap_escrow$2region                 0x08006355   Thumb Code     2  heapauxi.o(.text)
    __rt_heap_expand$2region                 0x08006357   Thumb Code     2  heapauxi.o(.text)
    __I$use$semihosting                      0x08006359   Thumb Code     0  use_no_semi.o(.text)
    __use_no_semihosting_swi                 0x08006359   Thumb Code     2  use_no_semi.o(.text)
    _printf_truncate_signed                  0x0800635b   Thumb Code    18  _printf_truncate.o(.text)
    _printf_truncate_unsigned                0x0800636d   Thumb Code    18  _printf_truncate.o(.text)
    _printf_int_common                       0x0800637f   Thumb Code   178  _printf_intcommon.o(.text)
    _printf_charcount                        0x08006431   Thumb Code    40  _printf_charcount.o(.text)
    _printf_char_common                      0x08006463   Thumb Code    32  _printf_char_common.o(.text)
    _sputc                                   0x08006489   Thumb Code    10  _sputc.o(.text)
    _snputc                                  0x08006493   Thumb Code    16  _snputc.o(.text)
    _printf_cs_common                        0x080064a3   Thumb Code    20  _printf_char.o(.text)
    _printf_char                             0x080064b7   Thumb Code    16  _printf_char.o(.text)
    _printf_string                           0x080064c7   Thumb Code     8  _printf_char.o(.text)
    _printf_char_file                        0x080064d1   Thumb Code    32  _printf_char_file.o(.text)
    _printf_wctomb                           0x080064f5   Thumb Code   182  _printf_wctomb.o(.text)
    _printf_longlong_dec                     0x080065b1   Thumb Code   108  _printf_longlong_dec.o(.text)
    _printf_longlong_oct                     0x0800662d   Thumb Code    66  _printf_oct_int_ll.o(.text)
    _printf_int_oct                          0x0800666f   Thumb Code    24  _printf_oct_int_ll.o(.text)
    _printf_ll_oct                           0x08006687   Thumb Code    12  _printf_oct_int_ll.o(.text)
    _ll_udiv10                               0x0800669d   Thumb Code   138  lludiv10.o(.text)
    __lib_sel_fp_printf                      0x08006727   Thumb Code     2  _printf_fp_dec.o(.text)
    _printf_fp_dec_real                      0x080068d9   Thumb Code   620  _printf_fp_dec.o(.text)
    _printf_lcs_common                       0x08006b45   Thumb Code    20  _printf_wchar.o(.text)
    _printf_wchar                            0x08006b59   Thumb Code    16  _printf_wchar.o(.text)
    _printf_wstring                          0x08006b69   Thumb Code     8  _printf_wchar.o(.text)
    ferror                                   0x08006b71   Thumb Code     8  ferror.o(.text)
    _wcrtomb                                 0x08006b79   Thumb Code    64  _wcrtomb.o(.text)
    __user_setup_stackheap                   0x08006bb9   Thumb Code    74  sys_stackheap_outer.o(.text)
    __rt_ctype_table                         0x08006c05   Thumb Code    16  rt_ctype_table.o(.text)
    __rt_locale                              0x08006c15   Thumb Code     8  rt_locale_intlibspace.o(.text)
    _printf_fp_infnan                        0x08006c1d   Thumb Code   112  _printf_fp_infnan.o(.text)
    _btod_etento                             0x08006c9d   Thumb Code   224  bigflt0.o(.text)
    exit                                     0x08006d81   Thumb Code    18  exit.o(.text)
    __user_libspace                          0x08006d95   Thumb Code     8  libspace.o(.text)
    __user_perproc_libspace                  0x08006d95   Thumb Code     0  libspace.o(.text)
    __user_perthread_libspace                0x08006d95   Thumb Code     0  libspace.o(.text)
    strcmp                                   0x08006d9d   Thumb Code   128  strcmpv7m.o(.text)
    _btod_d2e                                0x08006e1d   Thumb Code    62  btod.o(CL$$btod_d2e)
    _d2e_denorm_low                          0x08006e5b   Thumb Code    70  btod.o(CL$$btod_d2e_denorm_low)
    _d2e_norm_op1                            0x08006ea1   Thumb Code    96  btod.o(CL$$btod_d2e_norm_op1)
    __btod_div_common                        0x08006f01   Thumb Code   696  btod.o(CL$$btod_div_common)
    _e2e                                     0x08007239   Thumb Code   220  btod.o(CL$$btod_e2e)
    _btod_ediv                               0x08007315   Thumb Code    42  btod.o(CL$$btod_ediv)
    _btod_emul                               0x0800733f   Thumb Code    42  btod.o(CL$$btod_emul)
    __btod_mult_common                       0x08007369   Thumb Code   580  btod.o(CL$$btod_mult_common)
    __ARM_fpclassify                         0x080075ad   Thumb Code    40  fpclassify.o(i.__ARM_fpclassify)
    _is_digit                                0x080075d5   Thumb Code    14  __printf_wp.o(i._is_digit)
    _get_lc_numeric                          0x080075e5   Thumb Code    44  lc_numeric_c.o(locale$$code)
    _get_lc_ctype                            0x08007611   Thumb Code    44  lc_ctype_c.o(locale$$code)
    _printf_fp_dec                           0x0800763d   Thumb Code     4  printf1.o(x$fpl$printf1)
    __I$use$fp                               0x08007640   Number         0  usenofp.o(x$fpl$usenofp)
    table_week                               0x08007640   Data          12  rtc.o(.constdata)
    mon_table                                0x0800764c   Data          12  rtc.o(.constdata)
    ASCII_8x16                               0x08007658   Data        1536  oled0561.o(.constdata)
    Region$$Table$$Base                      0x08007d30   Number         0  anon$$obj.o(Region$$Table)
    Region$$Table$$Limit                     0x08007d50   Number         0  anon$$obj.o(Region$$Table)
    __ctype                                  0x08007d79   Data           0  lc_ctype_c.o(locale$$data)
    SystemCoreClock                          0x20000000   Data           4  system_stm32f10x.o(.data)
    AHBPrescTable                            0x20000004   Data          16  system_stm32f10x.o(.data)
    ryear                                    0x20000028   Data           2  rtc.o(.data)
    rmon                                     0x2000002a   Data           1  rtc.o(.data)
    rday                                     0x2000002b   Data           1  rtc.o(.data)
    rhour                                    0x2000002c   Data           1  rtc.o(.data)
    rmin                                     0x2000002d   Data           1  rtc.o(.data)
    rsec                                     0x2000002e   Data           1  rtc.o(.data)
    rweek                                    0x2000002f   Data           1  rtc.o(.data)
    ADC_ConvertedValue                       0x20000032   Data           8  adc.o(.data)
    __stdout                                 0x2000003c   Data           4  usart.o(.data)
    USART1_RX_STA                            0x20000040   Data           2  usart.o(.data)
    USART3_RX_STA                            0x20000042   Data           2  usart.o(.data)
    KUP                                      0x20000044   Data           1  encoder.o(.data)
    cou                                      0x20000046   Data           2  encoder.o(.data)
    buf                                      0x20000048   Data          64  main.o(.bss)
    USART1_RX_BUF                            0x20000088   Data         200  usart.o(.bss)
    USART3_RX_BUF                            0x20000150   Data         200  usart.o(.bss)
    __libspace_start                         0x20000218   Data          96  libspace.o(.bss)
    __temporary_stack_top$libspace           0x20000278   Data           0  libspace.o(.bss)



==============================================================================

Memory Map of the image

  Image Entry point : 0x080000ed

  Load Region LR_IROM1 (Base: 0x08000000, Size: 0x00007ec4, Max: 0x00010000, ABSOLUTE)

    Execution Region ER_IROM1 (Exec base: 0x08000000, Load base: 0x08000000, Size: 0x00007e7c, Max: 0x00010000, ABSOLUTE)

    Exec Addr    Load Addr    Size         Type   Attr      Idx    E Section Name        Object

    0x08000000   0x08000000   0x000000ec   Data   RO          297    RESET               startup_stm32f10x_md.o
    0x080000ec   0x080000ec   0x00000008   Code   RO          875  * !!!main             c_w.l(__main.o)
    0x080000f4   0x080000f4   0x00000034   Code   RO         1141    !!!scatter          c_w.l(__scatter.o)
    0x08000128   0x08000128   0x0000001a   Code   RO         1143    !!handler_copy      c_w.l(__scatter_copy.o)
    0x08000142   0x08000142   0x00000002   PAD
    0x08000144   0x08000144   0x0000001c   Code   RO         1145    !!handler_zi        c_w.l(__scatter_zi.o)
    0x08000160   0x08000160   0x00000000   Code   RO          866    .ARM.Collect$$_printf_percent$$00000000  c_w.l(_printf_percent.o)
    0x08000160   0x08000160   0x00000006   Code   RO          907    .ARM.Collect$$_printf_percent$$00000001  c_w.l(_printf_n.o)
    0x08000166   0x08000166   0x00000006   Code   RO          908    .ARM.Collect$$_printf_percent$$00000002  c_w.l(_printf_p.o)
    0x0800016c   0x0800016c   0x00000006   Code   RO          912    .ARM.Collect$$_printf_percent$$00000003  c_w.l(_printf_f.o)
    0x08000172   0x08000172   0x00000006   Code   RO          913    .ARM.Collect$$_printf_percent$$00000004  c_w.l(_printf_e.o)
    0x08000178   0x08000178   0x00000006   Code   RO          914    .ARM.Collect$$_printf_percent$$00000005  c_w.l(_printf_g.o)
    0x0800017e   0x0800017e   0x00000006   Code   RO          915    .ARM.Collect$$_printf_percent$$00000006  c_w.l(_printf_a.o)
    0x08000184   0x08000184   0x0000000a   Code   RO          920    .ARM.Collect$$_printf_percent$$00000007  c_w.l(_printf_ll.o)
    0x0800018e   0x0800018e   0x00000006   Code   RO          910    .ARM.Collect$$_printf_percent$$00000008  c_w.l(_printf_i.o)
    0x08000194   0x08000194   0x00000006   Code   RO          865    .ARM.Collect$$_printf_percent$$00000009  c_w.l(_printf_d.o)
    0x0800019a   0x0800019a   0x00000006   Code   RO          911    .ARM.Collect$$_printf_percent$$0000000A  c_w.l(_printf_u.o)
    0x080001a0   0x080001a0   0x00000006   Code   RO          909    .ARM.Collect$$_printf_percent$$0000000B  c_w.l(_printf_o.o)
    0x080001a6   0x080001a6   0x00000006   Code   RO          864    .ARM.Collect$$_printf_percent$$0000000C  c_w.l(_printf_x.o)
    0x080001ac   0x080001ac   0x00000006   Code   RO          917    .ARM.Collect$$_printf_percent$$0000000D  c_w.l(_printf_lli.o)
    0x080001b2   0x080001b2   0x00000006   Code   RO          918    .ARM.Collect$$_printf_percent$$0000000E  c_w.l(_printf_lld.o)
    0x080001b8   0x080001b8   0x00000006   Code   RO          919    .ARM.Collect$$_printf_percent$$0000000F  c_w.l(_printf_llu.o)
    0x080001be   0x080001be   0x00000006   Code   RO          924    .ARM.Collect$$_printf_percent$$00000010  c_w.l(_printf_llo.o)
    0x080001c4   0x080001c4   0x00000006   Code   RO          925    .ARM.Collect$$_printf_percent$$00000011  c_w.l(_printf_llx.o)
    0x080001ca   0x080001ca   0x0000000a   Code   RO          921    .ARM.Collect$$_printf_percent$$00000012  c_w.l(_printf_l.o)
    0x080001d4   0x080001d4   0x00000006   Code   RO          862    .ARM.Collect$$_printf_percent$$00000013  c_w.l(_printf_c.o)
    0x080001da   0x080001da   0x00000006   Code   RO          863    .ARM.Collect$$_printf_percent$$00000014  c_w.l(_printf_s.o)
    0x080001e0   0x080001e0   0x00000006   Code   RO          922    .ARM.Collect$$_printf_percent$$00000015  c_w.l(_printf_lc.o)
    0x080001e6   0x080001e6   0x00000006   Code   RO          923    .ARM.Collect$$_printf_percent$$00000016  c_w.l(_printf_ls.o)
    0x080001ec   0x080001ec   0x00000004   Code   RO          916    .ARM.Collect$$_printf_percent$$00000017  c_w.l(_printf_percent_end.o)
    0x080001f0   0x080001f0   0x00000002   Code   RO         1003    .ARM.Collect$$libinit$$00000000  c_w.l(libinit.o)
    0x080001f2   0x080001f2   0x00000000   Code   RO         1020    .ARM.Collect$$libinit$$00000002  c_w.l(libinit2.o)
    0x080001f2   0x080001f2   0x00000000   Code   RO         1022    .ARM.Collect$$libinit$$00000004  c_w.l(libinit2.o)
    0x080001f2   0x080001f2   0x00000000   Code   RO         1025    .ARM.Collect$$libinit$$0000000A  c_w.l(libinit2.o)
    0x080001f2   0x080001f2   0x00000000   Code   RO         1027    .ARM.Collect$$libinit$$0000000C  c_w.l(libinit2.o)
    0x080001f2   0x080001f2   0x00000000   Code   RO         1029    .ARM.Collect$$libinit$$0000000E  c_w.l(libinit2.o)
    0x080001f2   0x080001f2   0x00000006   Code   RO         1030    .ARM.Collect$$libinit$$0000000F  c_w.l(libinit2.o)
    0x080001f8   0x080001f8   0x00000000   Code   RO         1032    .ARM.Collect$$libinit$$00000011  c_w.l(libinit2.o)
    0x080001f8   0x080001f8   0x0000000c   Code   RO         1033    .ARM.Collect$$libinit$$00000012  c_w.l(libinit2.o)
    0x08000204   0x08000204   0x00000000   Code   RO         1034    .ARM.Collect$$libinit$$00000013  c_w.l(libinit2.o)
    0x08000204   0x08000204   0x00000000   Code   RO         1036    .ARM.Collect$$libinit$$00000015  c_w.l(libinit2.o)
    0x08000204   0x08000204   0x0000000a   Code   RO         1037    .ARM.Collect$$libinit$$00000016  c_w.l(libinit2.o)
    0x0800020e   0x0800020e   0x00000000   Code   RO         1038    .ARM.Collect$$libinit$$00000017  c_w.l(libinit2.o)
    0x0800020e   0x0800020e   0x00000000   Code   RO         1040    .ARM.Collect$$libinit$$00000019  c_w.l(libinit2.o)
    0x0800020e   0x0800020e   0x00000000   Code   RO         1042    .ARM.Collect$$libinit$$0000001B  c_w.l(libinit2.o)
    0x0800020e   0x0800020e   0x00000000   Code   RO         1044    .ARM.Collect$$libinit$$0000001D  c_w.l(libinit2.o)
    0x0800020e   0x0800020e   0x00000000   Code   RO         1046    .ARM.Collect$$libinit$$0000001F  c_w.l(libinit2.o)
    0x0800020e   0x0800020e   0x00000000   Code   RO         1048    .ARM.Collect$$libinit$$00000021  c_w.l(libinit2.o)
    0x0800020e   0x0800020e   0x00000000   Code   RO         1050    .ARM.Collect$$libinit$$00000023  c_w.l(libinit2.o)
    0x0800020e   0x0800020e   0x00000000   Code   RO         1052    .ARM.Collect$$libinit$$00000025  c_w.l(libinit2.o)
    0x0800020e   0x0800020e   0x00000000   Code   RO         1056    .ARM.Collect$$libinit$$0000002C  c_w.l(libinit2.o)
    0x0800020e   0x0800020e   0x00000000   Code   RO         1058    .ARM.Collect$$libinit$$0000002E  c_w.l(libinit2.o)
    0x0800020e   0x0800020e   0x00000000   Code   RO         1060    .ARM.Collect$$libinit$$00000030  c_w.l(libinit2.o)
    0x0800020e   0x0800020e   0x00000000   Code   RO         1062    .ARM.Collect$$libinit$$00000032  c_w.l(libinit2.o)
    0x0800020e   0x0800020e   0x00000002   Code   RO         1063    .ARM.Collect$$libinit$$00000033  c_w.l(libinit2.o)
    0x08000210   0x08000210   0x00000002   Code   RO         1081    .ARM.Collect$$libshutdown$$00000000  c_w.l(libshutdown.o)
    0x08000212   0x08000212   0x00000000   Code   RO         1091    .ARM.Collect$$libshutdown$$00000002  c_w.l(libshutdown2.o)
    0x08000212   0x08000212   0x00000000   Code   RO         1093    .ARM.Collect$$libshutdown$$00000004  c_w.l(libshutdown2.o)
    0x08000212   0x08000212   0x00000000   Code   RO         1095    .ARM.Collect$$libshutdown$$00000006  c_w.l(libshutdown2.o)
    0x08000212   0x08000212   0x00000000   Code   RO         1098    .ARM.Collect$$libshutdown$$00000009  c_w.l(libshutdown2.o)
    0x08000212   0x08000212   0x00000000   Code   RO         1101    .ARM.Collect$$libshutdown$$0000000C  c_w.l(libshutdown2.o)
    0x08000212   0x08000212   0x00000000   Code   RO         1103    .ARM.Collect$$libshutdown$$0000000E  c_w.l(libshutdown2.o)
    0x08000212   0x08000212   0x00000000   Code   RO         1106    .ARM.Collect$$libshutdown$$00000011  c_w.l(libshutdown2.o)
    0x08000212   0x08000212   0x00000002   Code   RO         1107    .ARM.Collect$$libshutdown$$00000012  c_w.l(libshutdown2.o)
    0x08000214   0x08000214   0x00000000   Code   RO          879    .ARM.Collect$$rtentry$$00000000  c_w.l(__rtentry.o)
    0x08000214   0x08000214   0x00000000   Code   RO          929    .ARM.Collect$$rtentry$$00000002  c_w.l(__rtentry2.o)
    0x08000214   0x08000214   0x00000006   Code   RO          941    .ARM.Collect$$rtentry$$00000004  c_w.l(__rtentry4.o)
    0x0800021a   0x0800021a   0x00000000   Code   RO          931    .ARM.Collect$$rtentry$$00000009  c_w.l(__rtentry2.o)
    0x0800021a   0x0800021a   0x00000004   Code   RO          932    .ARM.Collect$$rtentry$$0000000A  c_w.l(__rtentry2.o)
    0x0800021e   0x0800021e   0x00000000   Code   RO          934    .ARM.Collect$$rtentry$$0000000C  c_w.l(__rtentry2.o)
    0x0800021e   0x0800021e   0x00000008   Code   RO          935    .ARM.Collect$$rtentry$$0000000D  c_w.l(__rtentry2.o)
    0x08000226   0x08000226   0x00000002   Code   RO         1012    .ARM.Collect$$rtexit$$00000000  c_w.l(rtexit.o)
    0x08000228   0x08000228   0x00000000   Code   RO         1065    .ARM.Collect$$rtexit$$00000002  c_w.l(rtexit2.o)
    0x08000228   0x08000228   0x00000004   Code   RO         1066    .ARM.Collect$$rtexit$$00000003  c_w.l(rtexit2.o)
    0x0800022c   0x0800022c   0x00000006   Code   RO         1067    .ARM.Collect$$rtexit$$00000004  c_w.l(rtexit2.o)
    0x08000232   0x08000232   0x00000002   PAD
    0x08000234   0x08000234   0x000001e0   Code   RO           17    .text               system_stm32f10x.o
    0x08000414   0x08000414   0x000000dc   Code   RO          114    .text               misc.o
    0x080004f0   0x080004f0   0x0000035c   Code   RO          149    .text               stm32f10x_gpio.o
    0x0800084c   0x0800084c   0x000003a4   Code   RO          161    .text               stm32f10x_rcc.o
    0x08000bf0   0x08000bf0   0x00000408   Code   RO          175    .text               stm32f10x_usart.o
    0x08000ff8   0x08000ff8   0x000000c4   Code   RO          187    .text               stm32f10x_bkp.o
    0x080010bc   0x080010bc   0x000000cc   Code   RO          199    .text               stm32f10x_pwr.o
    0x08001188   0x08001188   0x00000148   Code   RO          211    .text               stm32f10x_rtc.o
    0x080012d0   0x080012d0   0x000005bc   Code   RO          223    .text               stm32f10x_flash.o
    0x0800188c   0x0800188c   0x00000404   Code   RO          235    .text               stm32f10x_i2c.o
    0x08001c90   0x08001c90   0x0000044e   Code   RO          247    .text               stm32f10x_adc.o
    0x080020de   0x080020de   0x00000002   PAD
    0x080020e0   0x080020e0   0x00000254   Code   RO          259    .text               stm32f10x_dma.o
    0x08002334   0x08002334   0x0000030c   Code   RO          271    .text               stm32f10x_spi.o
    0x08002640   0x08002640   0x000009f0   Code   RO          283    .text               stm32f10x_can.o
    0x08003030   0x08003030   0x00000040   Code   RO          298    .text               startup_stm32f10x_md.o
    0x08003070   0x08003070   0x00000cf0   Code   RO          302    .text               main.o
    0x08003d60   0x08003d60   0x0000001a   Code   RO          405    .text               stm32f10x_it.o
    0x08003d7a   0x08003d7a   0x0000005e   Code   RO          420    .text               delay.o
    0x08003dd8   0x08003dd8   0x00000340   Code   RO          450    .text               rtc.o
    0x08004118   0x08004118   0x000002f8   Code   RO          469    .text               i2c.o
    0x08004410   0x08004410   0x0000013c   Code   RO          484    .text               adc.o
    0x0800454c   0x0800454c   0x00000074   Code   RO          502    .text               rcc.o
    0x080045c0   0x080045c0   0x000002bc   Code   RO          517    .text               usart.o
    0x0800487c   0x0800487c   0x000000e0   Code   RO          544    .text               spi.o
    0x0800495c   0x0800495c   0x00000060   Code   RO          559    .text               led.o
    0x080049bc   0x080049bc   0x00000064   Code   RO          574    .text               key.o
    0x08004a20   0x08004a20   0x00000060   Code   RO          589    .text               buzzer.o
    0x08004a80   0x08004a80   0x00000180   Code   RO          604    .text               oled0561.o
    0x08004c00   0x08004c00   0x000000be   Code   RO          625    .text               lm75a.o
    0x08004cbe   0x08004cbe   0x00000002   PAD
    0x08004cc0   0x08004cc0   0x000003bc   Code   RO          640    .text               step_motor.o
    0x0800507c   0x0800507c   0x0000005c   Code   RO          655    .text               relay.o
    0x080050d8   0x080050d8   0x0000008c   Code   RO          670    .text               touch_key.o
    0x08005164   0x08005164   0x000000f4   Code   RO          685    .text               encoder.o
    0x08005258   0x08005258   0x00000128   Code   RO          703    .text               ch376.o
    0x08005380   0x08005380   0x00000632   Code   RO          721    .text               filesys.o
    0x080059b2   0x080059b2   0x00000002   PAD
    0x080059b4   0x080059b4   0x0000009c   Code   RO          739    .text               my1690.o
    0x08005a50   0x08005a50   0x00000200   Code   RO          754    .text               tm1640.o
    0x08005c50   0x08005c50   0x000001fc   Code   RO          769    .text               can.o
    0x08005e4c   0x08005e4c   0x00000098   Code   RO          784    .text               rs485.o
    0x08005ee4   0x08005ee4   0x00000002   Code   RO          805    .text               c_w.l(use_no_semi_2.o)
    0x08005ee6   0x08005ee6   0x00000002   PAD
    0x08005ee8   0x08005ee8   0x00000034   Code   RO          807    .text               c_w.l(c89vsnprintf.o)
    0x08005f1c   0x08005f1c   0x00000018   Code   RO          809    .text               c_w.l(__2printf.o)
    0x08005f34   0x08005f34   0x0000004e   Code   RO          815    .text               c_w.l(_printf_pad.o)
    0x08005f82   0x08005f82   0x00000052   Code   RO          817    .text               c_w.l(_printf_str.o)
    0x08005fd4   0x08005fd4   0x00000078   Code   RO          819    .text               c_w.l(_printf_dec.o)
    0x0800604c   0x0800604c   0x00000094   Code   RO          839    .text               c_w.l(_printf_hex_int_ll_ptr.o)
    0x080060e0   0x080060e0   0x00000188   Code   RO          859    .text               c_w.l(__printf_flags_ss_wp.o)
    0x08006268   0x08006268   0x00000048   Code   RO          867    .text               c_w.l(strcpy.o)
    0x080062b0   0x080062b0   0x0000003e   Code   RO          869    .text               c_w.l(strlen.o)
    0x080062ee   0x080062ee   0x00000064   Code   RO          871    .text               c_w.l(rt_memcpy_w.o)
    0x08006352   0x08006352   0x00000006   Code   RO          873    .text               c_w.l(heapauxi.o)
    0x08006358   0x08006358   0x00000002   Code   RO          877    .text               c_w.l(use_no_semi.o)
    0x0800635a   0x0800635a   0x00000024   Code   RO          880    .text               c_w.l(_printf_truncate.o)
    0x0800637e   0x0800637e   0x000000b2   Code   RO          882    .text               c_w.l(_printf_intcommon.o)
    0x08006430   0x08006430   0x00000028   Code   RO          884    .text               c_w.l(_printf_charcount.o)
    0x08006458   0x08006458   0x00000030   Code   RO          886    .text               c_w.l(_printf_char_common.o)
    0x08006488   0x08006488   0x0000000a   Code   RO          888    .text               c_w.l(_sputc.o)
    0x08006492   0x08006492   0x00000010   Code   RO          890    .text               c_w.l(_snputc.o)
    0x080064a2   0x080064a2   0x0000002c   Code   RO          892    .text               c_w.l(_printf_char.o)
    0x080064ce   0x080064ce   0x00000002   PAD
    0x080064d0   0x080064d0   0x00000024   Code   RO          894    .text               c_w.l(_printf_char_file.o)
    0x080064f4   0x080064f4   0x000000bc   Code   RO          896    .text               c_w.l(_printf_wctomb.o)
    0x080065b0   0x080065b0   0x0000007c   Code   RO          899    .text               c_w.l(_printf_longlong_dec.o)
    0x0800662c   0x0800662c   0x00000070   Code   RO          905    .text               c_w.l(_printf_oct_int_ll.o)
    0x0800669c   0x0800669c   0x0000008a   Code   RO          943    .text               c_w.l(lludiv10.o)
    0x08006726   0x08006726   0x0000041e   Code   RO          945    .text               c_w.l(_printf_fp_dec.o)
    0x08006b44   0x08006b44   0x0000002c   Code   RO          949    .text               c_w.l(_printf_wchar.o)
    0x08006b70   0x08006b70   0x00000008   Code   RO          951    .text               c_w.l(ferror.o)
    0x08006b78   0x08006b78   0x00000040   Code   RO          955    .text               c_w.l(_wcrtomb.o)
    0x08006bb8   0x08006bb8   0x0000004a   Code   RO          957    .text               c_w.l(sys_stackheap_outer.o)
    0x08006c02   0x08006c02   0x00000002   PAD
    0x08006c04   0x08006c04   0x00000010   Code   RO          959    .text               c_w.l(rt_ctype_table.o)
    0x08006c14   0x08006c14   0x00000008   Code   RO          964    .text               c_w.l(rt_locale_intlibspace.o)
    0x08006c1c   0x08006c1c   0x00000080   Code   RO          966    .text               c_w.l(_printf_fp_infnan.o)
    0x08006c9c   0x08006c9c   0x000000e4   Code   RO          968    .text               c_w.l(bigflt0.o)
    0x08006d80   0x08006d80   0x00000012   Code   RO          996    .text               c_w.l(exit.o)
    0x08006d92   0x08006d92   0x00000002   PAD
    0x08006d94   0x08006d94   0x00000008   Code   RO         1009    .text               c_w.l(libspace.o)
    0x08006d9c   0x08006d9c   0x00000080   Code   RO         1017    .text               c_w.l(strcmpv7m.o)
    0x08006e1c   0x08006e1c   0x0000003e   Code   RO          971    CL$$btod_d2e        c_w.l(btod.o)
    0x08006e5a   0x08006e5a   0x00000046   Code   RO          973    CL$$btod_d2e_denorm_low  c_w.l(btod.o)
    0x08006ea0   0x08006ea0   0x00000060   Code   RO          972    CL$$btod_d2e_norm_op1  c_w.l(btod.o)
    0x08006f00   0x08006f00   0x00000338   Code   RO          981    CL$$btod_div_common  c_w.l(btod.o)
    0x08007238   0x08007238   0x000000dc   Code   RO          978    CL$$btod_e2e        c_w.l(btod.o)
    0x08007314   0x08007314   0x0000002a   Code   RO          975    CL$$btod_ediv       c_w.l(btod.o)
    0x0800733e   0x0800733e   0x0000002a   Code   RO          974    CL$$btod_emul       c_w.l(btod.o)
    0x08007368   0x08007368   0x00000244   Code   RO          980    CL$$btod_mult_common  c_w.l(btod.o)
    0x080075ac   0x080075ac   0x00000028   Code   RO         1007    i.__ARM_fpclassify  m_ws.l(fpclassify.o)
    0x080075d4   0x080075d4   0x0000000e   Code   RO          852    i._is_digit         c_w.l(__printf_wp.o)
    0x080075e2   0x080075e2   0x00000002   PAD
    0x080075e4   0x080075e4   0x0000002c   Code   RO          994    locale$$code        c_w.l(lc_numeric_c.o)
    0x08007610   0x08007610   0x0000002c   Code   RO         1015    locale$$code        c_w.l(lc_ctype_c.o)
    0x0800763c   0x0800763c   0x00000004   Code   RO          926    x$fpl$printf1       fz_ws.l(printf1.o)
    0x08007640   0x08007640   0x00000000   Code   RO         1006    x$fpl$usenofp       fz_ws.l(usenofp.o)
    0x08007640   0x08007640   0x00000018   Data   RO          451    .constdata          rtc.o
    0x08007658   0x08007658   0x00000600   Data   RO          605    .constdata          oled0561.o
    0x08007c58   0x08007c58   0x00000028   Data   RO          840    .constdata          c_w.l(_printf_hex_int_ll_ptr.o)
    0x08007c80   0x08007c80   0x00000011   Data   RO          860    .constdata          c_w.l(__printf_flags_ss_wp.o)
    0x08007c91   0x08007c91   0x00000003   PAD
    0x08007c94   0x08007c94   0x00000008   Data   RO          897    .constdata          c_w.l(_printf_wctomb.o)
    0x08007c9c   0x08007c9c   0x00000094   Data   RO          969    .constdata          c_w.l(bigflt0.o)
    0x08007d30   0x08007d30   0x00000020   Data   RO         1139    Region$$Table       anon$$obj.o
    0x08007d50   0x08007d50   0x0000001c   Data   RO          993    locale$$data        c_w.l(lc_numeric_c.o)
    0x08007d6c   0x08007d6c   0x00000110   Data   RO         1014    locale$$data        c_w.l(lc_ctype_c.o)


    Execution Region RW_IRAM1 (Exec base: 0x20000000, Load base: 0x08007e7c, Size: 0x00000878, Max: 0x00005000, ABSOLUTE)

    Exec Addr    Load Addr    Size         Type   Attr      Idx    E Section Name        Object

    0x20000000   0x08007e7c   0x00000014   Data   RW           18    .data               system_stm32f10x.o
    0x20000014   0x08007e90   0x00000014   Data   RW          162    .data               stm32f10x_rcc.o
    0x20000028   0x08007ea4   0x0000000a   Data   RW          452    .data               rtc.o
    0x20000032   0x08007eae   0x00000008   Data   RW          485    .data               adc.o
    0x2000003a   0x08007eb6   0x00000002   PAD
    0x2000003c   0x08007eb8   0x00000008   Data   RW          519    .data               usart.o
    0x20000044   0x08007ec0   0x00000004   Data   RW          686    .data               encoder.o
    0x20000048        -       0x00000040   Zero   RW          303    .bss                main.o
    0x20000088        -       0x00000190   Zero   RW          518    .bss                usart.o
    0x20000218        -       0x00000060   Zero   RW         1010    .bss                c_w.l(libspace.o)
    0x20000278        -       0x00000200   Zero   RW          296    HEAP                startup_stm32f10x_md.o
    0x20000478        -       0x00000400   Zero   RW          295    STACK               startup_stm32f10x_md.o


==============================================================================

Image component sizes


      Code (inc. data)   RO Data    RW Data    ZI Data      Debug   Object Name

       316         16          0          8          0       1380   adc.o
        96          4          0          0          0        623   buzzer.o
       508         10          0          0          0       2121   can.o
       296         14          0          0          0      13009   ch376.o
         0          0          0          0          0       4548   core_cm3.o
        94          0          0          0          0        808   delay.o
       244         18          0          4          0        974   encoder.o
      1586          6          0          0          0       9181   filesys.o
       760         22          0          0          0       2402   i2c.o
       100          4          0          0          0        765   key.o
        96          6          0          0          0        749   led.o
       190          0          0          0          0       1064   lm75a.o
      3312        744          0          0         64       3218   main.o
       220         22          0          0          0     222113   misc.o
       156         62          0          0          0       1235   my1690.o
       384         36       1536          0          0       2573   oled0561.o
       116          0          0          0          0        508   rcc.o
        92          8          0          0          0        627   relay.o
       152          8          0          0          0        766   rs485.o
       832         54         24         10          0       3216   rtc.o
       224          8          0          0          0        778   spi.o
        64         26        236          0       1536        764   startup_stm32f10x_md.o
       956          4          0          0          0       2174   step_motor.o
      1102         26          0          0          0      10893   stm32f10x_adc.o
       196          8          0          0          0       3352   stm32f10x_bkp.o
      2544         38          0          0          0       7884   stm32f10x_can.o
       596          8          0          0          0       4218   stm32f10x_dma.o
      1468         34          0          0          0       8062   stm32f10x_flash.o
       860         38          0          0          0       5589   stm32f10x_gpio.o
      1028         16          0          0          0       9079   stm32f10x_i2c.o
        26          0          0          0          0       1166   stm32f10x_it.o
       204         14          0          0          0       1887   stm32f10x_pwr.o
       932         36          0         20          0       8716   stm32f10x_rcc.o
       328          4          0          0          0       2658   stm32f10x_rtc.o
       780         14          0          0          0       6466   stm32f10x_spi.o
      1032         22          0          0          0       8312   stm32f10x_usart.o
       480         38          0         20          0      55435   system_stm32f10x.o
       512         30          0          0          0       2213   tm1640.o
       140          6          0          0          0        700   touch_key.o
       700         32          0          8        400       4896   usart.o

    ----------------------------------------------------------------------
     23728       1436       1828         72       2000     417122   Object Totals
         0          0         32          0          0          0   (incl. Generated)
         6          0          0          2          0          0   (incl. Padding)

    ----------------------------------------------------------------------

      Code (inc. data)   RO Data    RW Data    ZI Data      Debug   Library Member Name

        24          4          0          0          0         84   __2printf.o
         8          0          0          0          0         68   __main.o
       392          4         17          0          0         92   __printf_flags_ss_wp.o
        14          0          0          0          0         68   __printf_wp.o
         0          0          0          0          0          0   __rtentry.o
        12          0          0          0          0          0   __rtentry2.o
         6          0          0          0          0          0   __rtentry4.o
        52          8          0          0          0          0   __scatter.o
        26          0          0          0          0          0   __scatter_copy.o
        28          0          0          0          0          0   __scatter_zi.o
         6          0          0          0          0          0   _printf_a.o
         6          0          0          0          0          0   _printf_c.o
        44          0          0          0          0        108   _printf_char.o
        48          6          0          0          0         96   _printf_char_common.o
        36          4          0          0          0         80   _printf_char_file.o
        40          0          0          0          0         68   _printf_charcount.o
         6          0          0          0          0          0   _printf_d.o
       120         16          0          0          0         92   _printf_dec.o
         6          0          0          0          0          0   _printf_e.o
         6          0          0          0          0          0   _printf_f.o
      1054          0          0          0          0        216   _printf_fp_dec.o
       128         16          0          0          0         84   _printf_fp_infnan.o
         6          0          0          0          0          0   _printf_g.o
       148          4         40          0          0        160   _printf_hex_int_ll_ptr.o
         6          0          0          0          0          0   _printf_i.o
       178          0          0          0          0         88   _printf_intcommon.o
        10          0          0          0          0          0   _printf_l.o
         6          0          0          0          0          0   _printf_lc.o
        10          0          0          0          0          0   _printf_ll.o
         6          0          0          0          0          0   _printf_lld.o
         6          0          0          0          0          0   _printf_lli.o
         6          0          0          0          0          0   _printf_llo.o
         6          0          0          0          0          0   _printf_llu.o
         6          0          0          0          0          0   _printf_llx.o
       124         16          0          0          0         92   _printf_longlong_dec.o
         6          0          0          0          0          0   _printf_ls.o
         6          0          0          0          0          0   _printf_n.o
         6          0          0          0          0          0   _printf_o.o
       112         10          0          0          0        124   _printf_oct_int_ll.o
         6          0          0          0          0          0   _printf_p.o
        78          0          0          0          0        108   _printf_pad.o
         0          0          0          0          0          0   _printf_percent.o
         4          0          0          0          0          0   _printf_percent_end.o
         6          0          0          0          0          0   _printf_s.o
        82          0          0          0          0         80   _printf_str.o
        36          0          0          0          0         84   _printf_truncate.o
         6          0          0          0          0          0   _printf_u.o
        44          0          0          0          0        108   _printf_wchar.o
       188          6          8          0          0         92   _printf_wctomb.o
         6          0          0          0          0          0   _printf_x.o
        16          0          0          0          0         68   _snputc.o
        10          0          0          0          0         68   _sputc.o
        64          0          0          0          0         92   _wcrtomb.o
       228          4        148          0          0         96   bigflt0.o
      1936        128          0          0          0        672   btod.o
        52          4          0          0          0         80   c89vsnprintf.o
        18          0          0          0          0         80   exit.o
         8          0          0          0          0         68   ferror.o
         6          0          0          0          0        152   heapauxi.o
        44         10        272          0          0         76   lc_ctype_c.o
        44         10         28          0          0         76   lc_numeric_c.o
         2          0          0          0          0          0   libinit.o
        30          0          0          0          0          0   libinit2.o
         2          0          0          0          0          0   libshutdown.o
         2          0          0          0          0          0   libshutdown2.o
         8          4          0          0         96         68   libspace.o
       138          0          0          0          0         80   lludiv10.o
        16          4          0          0          0         76   rt_ctype_table.o
         8          4          0          0          0         68   rt_locale_intlibspace.o
       100          0          0          0          0         80   rt_memcpy_w.o
         2          0          0          0          0          0   rtexit.o
        10          0          0          0          0          0   rtexit2.o
       128          0          0          0          0         68   strcmpv7m.o
        72          0          0          0          0         80   strcpy.o
        62          0          0          0          0         76   strlen.o
        74          0          0          0          0         80   sys_stackheap_outer.o
         2          0          0          0          0         68   use_no_semi.o
         2          0          0          0          0         68   use_no_semi_2.o
         4          0          0          0          0         68   printf1.o
         0          0          0          0          0          0   usenofp.o
        40          0          0          0          0         68   fpclassify.o

    ----------------------------------------------------------------------
      6308        262        516          0         96       4468   Library Totals
        14          0          3          0          0          0   (incl. Padding)

    ----------------------------------------------------------------------

      Code (inc. data)   RO Data    RW Data    ZI Data      Debug   Library Name

      6250        262        513          0         96       4332   c_w.l
         4          0          0          0          0         68   fz_ws.l
        40          0          0          0          0         68   m_ws.l

    ----------------------------------------------------------------------
      6308        262        516          0         96       4468   Library Totals

    ----------------------------------------------------------------------

==============================================================================


      Code (inc. data)   RO Data    RW Data    ZI Data      Debug   

     30036       1698       2344         72       2096     415606   Grand Totals
     30036       1698       2344         72       2096     415606   ELF Image Totals
     30036       1698       2344         72          0          0   ROM Totals

==============================================================================

    Total RO  Size (Code + RO Data)                32380 (  31.62kB)
    Total RW  Size (RW Data + ZI Data)              2168 (   2.12kB)
    Total ROM Size (Code + RO Data + RW Data)      32452 (  31.69kB)

==============================================================================

