Component: ARM Compiler 5.06 update 6 (build 750) Tool: armlink [4d35ed]

==============================================================================

Section Cross References

    startup_pt32x005x.o(RESET) refers to startup_pt32x005x.o(STACK) for __initial_sp
    startup_pt32x005x.o(RESET) refers to pt32x005_it.o(i.NMI_Handler) for NMI_Handler
    startup_pt32x005x.o(RESET) refers to pt32x005_it.o(i.HardFault_Handler) for HardFault_Handler
    startup_pt32x005x.o(RESET) refers to pt32x005_it.o(i.SVC_Handler) for SVC_Handler
    startup_pt32x005x.o(RESET) refers to pt32x005_it.o(i.PendSV_Handler) for PendSV_Handler
    startup_pt32x005x.o(RESET) refers to pt32x005_it.o(i.SysTick_Handler) for SysTick_Handler
    startup_pt32x005x.o(RESET) refers to pt32x005_it.o(i.CLK_FAIL_Handler) for CLK_FAIL_Handler
    startup_pt32x005x.o(RESET) refers to pt32x005_it.o(i.FLASH_Handler) for FLASH_Handler
    startup_pt32x005x.o(RESET) refers to pt32x005_it.o(i.PA_Handler) for PA_Handler
    startup_pt32x005x.o(RESET) refers to pt32x005_it.o(i.PB_Handler) for PB_Handler
    startup_pt32x005x.o(RESET) refers to pt32x005_it.o(i.PC_Handler) for PC_Handler
    startup_pt32x005x.o(RESET) refers to pt32x005_it.o(i.PD_Handler) for PD_Handler
    startup_pt32x005x.o(RESET) refers to pt32x005_it.o(i.Comparator1_Handler) for Comparator1_Handler
    startup_pt32x005x.o(RESET) refers to pt32x005_it.o(i.DAC_Handler) for DAC_Handler
    startup_pt32x005x.o(RESET) refers to pt32x005_it.o(i.ADC_Handler) for ADC_Handler
    startup_pt32x005x.o(RESET) refers to pt32x005_it.o(i.TIMER1_Handler) for TIMER1_Handler
    startup_pt32x005x.o(RESET) refers to pt32x005_it.o(i.TIMER0_Handler) for TIMER0_Handler
    startup_pt32x005x.o(RESET) refers to pt32x005_it.o(i.TIMER4_Handler) for TIMER4_Handler
    startup_pt32x005x.o(RESET) refers to pt32x005_it.o(i.TIMER3_Handler) for TIMER3_Handler
    startup_pt32x005x.o(RESET) refers to pt32x005_it.o(i.TIMER2_Handler) for TIMER2_Handler
    startup_pt32x005x.o(RESET) refers to pt32x005_it.o(i.I2C0_Handler) for I2C0_Handler
    startup_pt32x005x.o(RESET) refers to pt32x005_it.o(i.SPI0_Handler) for SPI0_Handler
    startup_pt32x005x.o(RESET) refers to pt32x005_it.o(i.SPI1_Handler) for SPI1_Handler
    startup_pt32x005x.o(RESET) refers to pt32x005_it.o(i.UART0_Handler) for UART0_Handler
    startup_pt32x005x.o(RESET) refers to system_pt32x005.o(i.SystemInit) for SystemInit
    startup_pt32x005x.o(RESET) refers to entry.o(.ARM.Collect$$$$00000000) for __main
    main.o(i.assert_failed) refers to printf3.o(i.__0printf$3) for __2printf
    main.o(i.main) refers to x2445dk_function_ptc32.o(i.vFirstStart) for vFirstStart
    main.o(i.main) refers to x2445dk_uart_p32.o(i.USART1_DataProcess) for USART1_DataProcess
    main.o(i.main) refers to x2445dk_function_ptc32.o(i.PeripheralHandle) for PeripheralHandle
    system_pt32x005.o(i.SystemInit) refers to system_pt32x005.o(i.Wait_ClockReady) for Wait_ClockReady
    pt32x005_it.o(i.SysTick_Handler) refers to x2445dk_function_ptc32.o(i.vDealAd) for vDealAd
    pt32x005_it.o(i.SysTick_Handler) refers to pt32x005_it.o(.data) for Globle_Timer_1MS
    pt32x005_it.o(i.UART0_Handler) refers to x2445dk_uart_p32.o(i.UART1_RecvData) for UART1_RecvData
    x2445dk_eeprom_p32.o(i.EEPROM_WriteByte) refers to pt32x005_flash.o(i.FLASH_ClearFlag) for FLASH_ClearFlag
    x2445dk_eeprom_p32.o(i.EEPROM_WriteByte) refers to pt32x005_flash.o(i.FLASH_ErasePage) for FLASH_ErasePage
    x2445dk_eeprom_p32.o(i.EEPROM_WriteByte) refers to pt32x005_flash.o(i.FLASH_ProgramWord) for FLASH_ProgramWord
    x2445dk_eeprom_p32.o(i.EEPROM_read_n) refers to pt32x005_flash.o(i.FLASH_ReadWord) for FLASH_ReadWord
    x2445dk_eeprom_p32.o(i.EEPROM_write_n) refers to pt32x005_flash.o(i.FLASH_ClearFlag) for FLASH_ClearFlag
    x2445dk_eeprom_p32.o(i.EEPROM_write_n) refers to pt32x005_flash.o(i.FLASH_ErasePage) for FLASH_ErasePage
    x2445dk_eeprom_p32.o(i.EEPROM_write_n) refers to pt32x005_flash.o(i.FLASH_ProgramWord) for FLASH_ProgramWord
    x2445dk_eeprom_p32.o(i.ucReadEepromOneData) refers to pt32x005_flash.o(i.FLASH_ReadWord) for FLASH_ReadWord
    x2445dk_function_ptc32.o(i.PeripheralHandle) refers to x2445dk_function_ptc32.o(i.PeripheralOutputHandle) for PeripheralOutputHandle
    x2445dk_function_ptc32.o(i.PeripheralHandle) refers to x2445dk_function_ptc32.o(i.PeripheralInputHandle) for PeripheralInputHandle
    x2445dk_function_ptc32.o(i.PeripheralHandle) refers to x2445dk_function_ptc32.o(i.vSpeakershutOut) for vSpeakershutOut
    x2445dk_function_ptc32.o(i.PeripheralHandle) refers to x2445dk_function_ptc32.o(.bss) for strPeripheral
    x2445dk_function_ptc32.o(i.PeripheralInputHandle) refers to x2445dk_function_ptc32.o(i.Peripheral_GPIOInput) for Peripheral_GPIOInput
    x2445dk_function_ptc32.o(i.PeripheralInputHandle) refers to x2445dk_function_ptc32.o(i.SetPWM1_Out) for SetPWM1_Out
[...]
    printfb.o(i.__0printf$bare) refers to printfb.o(i._printf_core) for _printf_core
    printfb.o(i.__0printf$bare) refers to pt32x005_retarget.o(i.fputc) for fputc
    printfb.o(i.__0printf$bare) refers to pt32x005_retarget.o(.data) for __stdout
    printfb.o(i.__0snprintf$bare) refers to printfb.o(i._printf_core) for _printf_core
    printfb.o(i.__0snprintf$bare) refers to printfb.o(i._snputc) for _snputc
    printfb.o(i.__0sprintf$bare) refers to printfb.o(i._printf_core) for _printf_core
    printfb.o(i.__0sprintf$bare) refers to printfb.o(i._sputc) for _sputc
    printfb.o(i.__0vfprintf$bare) refers to printfb.o(i._printf_core) for _printf_core
    printfb.o(i.__0vfprintf$bare) refers to pt32x005_retarget.o(i.fputc) for fputc
    printfb.o(i.__0vprintf$bare) refers to printfb.o(i._printf_core) for _printf_core
    printfb.o(i.__0vprintf$bare) refers to pt32x005_retarget.o(i.fputc) for fputc
    printfb.o(i.__0vprintf$bare) refers to pt32x005_retarget.o(.data) for __stdout
    printfb.o(i.__0vsnprintf$bare) refers to printfb.o(i._printf_core) for _printf_core
    printfb.o(i.__0vsnprintf$bare) refers to printfb.o(i._snputc) for _snputc
    printfb.o(i.__0vsprintf$bare) refers to printfb.o(i._printf_core) for _printf_core
    printfb.o(i.__0vsprintf$bare) refers to printfb.o(i._sputc) for _sputc
    printf0.o(i.__0fprintf$0) refers to printf0.o(i._printf_core) for _printf_core
    printf0.o(i.__0fprintf$0) refers to pt32x005_retarget.o(i.fputc) for fputc
    printf0.o(i.__0printf$0) refers to printf0.o(i._printf_core) for _printf_core
    printf0.o(i.__0printf$0) refers to pt32x005_retarget.o(i.fputc) for fputc
    printf0.o(i.__0printf$0) refers to pt32x005_retarget.o(.data) for __stdout
    printf0.o(i.__0snprintf$0) refers to printf0.o(i._printf_core) for _printf_core
    printf0.o(i.__0snprintf$0) refers to printf0.o(i._snputc) for _snputc
    printf0.o(i.__0sprintf$0) refers to printf0.o(i._printf_core) for _printf_core
    printf0.o(i.__0sprintf$0) refers to printf0.o(i._sputc) for _sputc
    printf0.o(i.__0vfprintf$0) refers to printf0.o(i._printf_core) for _printf_core
    printf0.o(i.__0vfprintf$0) refers to pt32x005_retarget.o(i.fputc) for fputc
    printf0.o(i.__0vprintf$0) refers to printf0.o(i._printf_core) for _printf_core
    printf0.o(i.__0vprintf$0) refers to pt32x005_retarget.o(i.fputc) for fputc
    printf0.o(i.__0vprintf$0) refers to pt32x005_retarget.o(.data) for __stdout
    printf0.o(i.__0vsnprintf$0) refers to printf0.o(i._printf_core) for _printf_core
    printf0.o(i.__0vsnprintf$0) refers to printf0.o(i._snputc) for _snputc
    printf0.o(i.__0vsprintf$0) refers to printf0.o(i._printf_core) for _printf_core
    printf0.o(i.__0vsprintf$0) refers to printf0.o(i._sputc) for _sputc
    printf1.o(i.__0fprintf$1) refers to printf1.o(i._printf_core) for _printf_core
    printf1.o(i.__0fprintf$1) refers to pt32x005_retarget.o(i.fputc) for fputc
    printf1.o(i.__0printf$1) refers to printf1.o(i._printf_core) for _printf_core
    printf1.o(i.__0printf$1) refers to pt32x005_retarget.o(i.fputc) for fputc
    printf1.o(i.__0printf$1) refers to pt32x005_retarget.o(.data) for __stdout
    printf1.o(i.__0snprintf$1) refers to printf1.o(i._printf_core) for _printf_core
    printf1.o(i.__0snprintf$1) refers to printf1.o(i._snputc) for _snputc
    printf1.o(i.__0sprintf$1) refers to printf1.o(i._printf_core) for _printf_core
    printf1.o(i.__0sprintf$1) refers to printf1.o(i._sputc) for _sputc
    printf1.o(i.__0vfprintf$1) refers to printf1.o(i._printf_core) for _printf_core
    printf1.o(i.__0vfprintf$1) refers to pt32x005_retarget.o(i.fputc) for fputc
    printf1.o(i.__0vprintf$1) refers to printf1.o(i._printf_core) for _printf_core
    printf1.o(i.__0vprintf$1) refers to pt32x005_retarget.o(i.fputc) for fputc
    printf1.o(i.__0vprintf$1) refers to pt32x005_retarget.o(.data) for __stdout
    printf1.o(i.__0vsnprintf$1) refers to printf1.o(i._printf_core) for _printf_core
    printf1.o(i.__0vsnprintf$1) refers to printf1.o(i._snputc) for _snputc
    printf1.o(i.__0vsprintf$1) refers to printf1.o(i._printf_core) for _printf_core
    printf1.o(i.__0vsprintf$1) refers to printf1.o(i._sputc) for _sputc
    printf1.o(i._printf_core) refers to uidiv.o(.text) for __aeabi_uidivmod
    printf2.o(i.__0fprintf$2) refers to printf2.o(i._printf_core) for _printf_core
    printf2.o(i.__0fprintf$2) refers to pt32x005_retarget.o(i.fputc) for fputc
    printf2.o(i.__0printf$2) refers to printf2.o(i._printf_core) for _printf_core
    printf2.o(i.__0printf$2) refers to pt32x005_retarget.o(i.fputc) for fputc
    printf2.o(i.__0printf$2) refers to pt32x005_retarget.o(.data) for __stdout
    printf2.o(i.__0snprintf$2) refers to printf2.o(i._printf_core) for _printf_core
    printf2.o(i.__0snprintf$2) refers to printf2.o(i._snputc) for _snputc
    printf2.o(i.__0sprintf$2) refers to printf2.o(i._printf_core) for _printf_core
    printf2.o(i.__0sprintf$2) refers to printf2.o(i._sputc) for _sputc
    printf2.o(i.__0vfprintf$2) refers to printf2.o(i._printf_core) for _printf_core
    printf2.o(i.__0vfprintf$2) refers to pt32x005_retarget.o(i.fputc) for fputc
    printf2.o(i.__0vprintf$2) refers to printf2.o(i._printf_core) for _printf_core
    printf2.o(i.__0vprintf$2) refers to pt32x005_retarget.o(i.fputc) for fputc
    printf2.o(i.__0vprintf$2) refers to pt32x005_retarget.o(.data) for __stdout
    printf2.o(i.__0vsnprintf$2) refers to printf2.o(i._printf_core) for _printf_core
    printf2.o(i.__0vsnprintf$2) refers to printf2.o(i._snputc) for _snputc
    printf2.o(i.__0vsprintf$2) refers to printf2.o(i._printf_core) for _printf_core
    printf2.o(i.__0vsprintf$2) refers to printf2.o(i._sputc) for _sputc
    printf3.o(i.__0fprintf$3) refers to printf3.o(i._printf_core) for _printf_core
    printf3.o(i.__0fprintf$3) refers to pt32x005_retarget.o(i.fputc) for fputc
    printf3.o(i.__0printf$3) refers to printf3.o(i._printf_core) for _printf_core
    printf3.o(i.__0printf$3) refers to pt32x005_retarget.o(i.fputc) for fputc
    printf3.o(i.__0printf$3) refers to pt32x005_retarget.o(.data) for __stdout
    printf3.o(i.__0snprintf$3) refers to printf3.o(i._printf_core) for _printf_core
    printf3.o(i.__0snprintf$3) refers to printf3.o(i._snputc) for _snputc
    printf3.o(i.__0sprintf$3) refers to printf3.o(i._printf_core) for _printf_core
    printf3.o(i.__0sprintf$3) refers to printf3.o(i._sputc) for _sputc
    printf3.o(i.__0vfprintf$3) refers to printf3.o(i._printf_core) for _printf_core
    printf3.o(i.__0vfprintf$3) refers to pt32x005_retarget.o(i.fputc) for fputc
    printf3.o(i.__0vprintf$3) refers to printf3.o(i._printf_core) for _printf_core
    printf3.o(i.__0vprintf$3) refers to pt32x005_retarget.o(i.fputc) for fputc
    printf3.o(i.__0vprintf$3) refers to pt32x005_retarget.o(.data) for __stdout
    printf3.o(i.__0vsnprintf$3) refers to printf3.o(i._printf_core) for _printf_core
    printf3.o(i.__0vsnprintf$3) refers to printf3.o(i._snputc) for _snputc
    printf3.o(i.__0vsprintf$3) refers to printf3.o(i._printf_core) for _printf_core
    printf3.o(i.__0vsprintf$3) refers to printf3.o(i._sputc) for _sputc
    printf3.o(i._printf_core) refers to uidiv.o(.text) for __aeabi_uidivmod
    printf4.o(i.__0fprintf$4) refers to printf4.o(i._printf_core) for _printf_core
    printf4.o(i.__0fprintf$4) refers to pt32x005_retarget.o(i.fputc) for fputc
    printf4.o(i.__0printf$4) refers to printf4.o(i._printf_core) for _printf_core
    printf4.o(i.__0printf$4) refers to pt32x005_retarget.o(i.fputc) for fputc
    printf4.o(i.__0printf$4) refers to pt32x005_retarget.o(.data) for __stdout
    printf4.o(i.__0snprintf$4) refers to printf4.o(i._printf_core) for _printf_core
    printf4.o(i.__0snprintf$4) refers to printf4.o(i._snputc) for _snputc
    printf4.o(i.__0sprintf$4) refers to printf4.o(i._printf_core) for _printf_core
    printf4.o(i.__0sprintf$4) refers to printf4.o(i._sputc) for _sputc
    printf4.o(i.__0vfprintf$4) refers to printf4.o(i._printf_core) for _printf_core
    printf4.o(i.__0vfprintf$4) refers to pt32x005_retarget.o(i.fputc) for fputc
    printf4.o(i.__0vprintf$4) refers to printf4.o(i._printf_core) for _printf_core
    printf4.o(i.__0vprintf$4) refers to pt32x005_retarget.o(i.fputc) for fputc
    printf4.o(i.__0vprintf$4) refers to pt32x005_retarget.o(.data) for __stdout
    printf4.o(i.__0vsnprintf$4) refers to printf4.o(i._printf_core) for _printf_core
    printf4.o(i.__0vsnprintf$4) refers to printf4.o(i._snputc) for _snputc
    printf4.o(i.__0vsprintf$4) refers to printf4.o(i._printf_core) for _printf_core
    printf4.o(i.__0vsprintf$4) refers to printf4.o(i._sputc) for _sputc
    printf4.o(i._printf_core) refers to uldiv.o(.text) for __aeabi_uldivmod
    printf5.o(i.__0fprintf$5) refers to printf5.o(i._printf_core) for _printf_core
    printf5.o(i.__0fprintf$5) refers to pt32x005_retarget.o(i.fputc) for fputc
    printf5.o(i.__0printf$5) refers to printf5.o(i._printf_core) for _printf_core
    printf5.o(i.__0printf$5) refers to pt32x005_retarget.o(i.fputc) for fputc
    printf5.o(i.__0printf$5) refers to pt32x005_retarget.o(.data) for __stdout
    printf5.o(i.__0snprintf$5) refers to printf5.o(i._printf_core) for _printf_core
    printf5.o(i.__0snprintf$5) refers to printf5.o(i._snputc) for _snputc
    printf5.o(i.__0sprintf$5) refers to printf5.o(i._printf_core) for _printf_core
    printf5.o(i.__0sprintf$5) refers to printf5.o(i._sputc) for _sputc
    printf5.o(i.__0vfprintf$5) refers to printf5.o(i._printf_core) for _printf_core
    printf5.o(i.__0vfprintf$5) refers to pt32x005_retarget.o(i.fputc) for fputc
    printf5.o(i.__0vprintf$5) refers to printf5.o(i._printf_core) for _printf_core
    printf5.o(i.__0vprintf$5) refers to pt32x005_retarget.o(i.fputc) for fputc
    printf5.o(i.__0vprintf$5) refers to pt32x005_retarget.o(.data) for __stdout
    printf5.o(i.__0vsnprintf$5) refers to printf5.o(i._printf_core) for _printf_core
    printf5.o(i.__0vsnprintf$5) refers to printf5.o(i._snputc) for _snputc
    printf5.o(i.__0vsprintf$5) refers to printf5.o(i._printf_core) for _printf_core
    printf5.o(i.__0vsprintf$5) refers to printf5.o(i._sputc) for _sputc
    printf5.o(i._printf_core) refers to uldiv.o(.text) for __aeabi_uldivmod
    printf6.o(i.__0fprintf$6) refers to printf6.o(i._printf_core) for _printf_core
    printf6.o(i.__0fprintf$6) refers to pt32x005_retarget.o(i.fputc) for fputc
    printf6.o(i.__0printf$6) refers to printf6.o(i._printf_core) for _printf_core
    printf6.o(i.__0printf$6) refers to pt32x005_retarget.o(i.fputc) for fputc
    printf6.o(i.__0printf$6) refers to pt32x005_retarget.o(.data) for __stdout
    printf6.o(i.__0snprintf$6) refers to printf6.o(i._printf_core) for _printf_core
    printf6.o(i.__0snprintf$6) refers to printf6.o(i._snputc) for _snputc
    printf6.o(i.__0sprintf$6) refers to printf6.o(i._printf_core) for _printf_core
    printf6.o(i.__0sprintf$6) refers to printf6.o(i._sputc) for _sputc
    printf6.o(i.__0vfprintf$6) refers to printf6.o(i._printf_core) for _printf_core
    printf6.o(i.__0vfprintf$6) refers to pt32x005_retarget.o(i.fputc) for fputc
    printf6.o(i.__0vprintf$6) refers to printf6.o(i._printf_core) for _printf_core
    printf6.o(i.__0vprintf$6) refers to pt32x005_retarget.o(i.fputc) for fputc
    printf6.o(i.__0vprintf$6) refers to pt32x005_retarget.o(.data) for __stdout
    printf6.o(i.__0vsnprintf$6) refers to printf6.o(i._printf_core) for _printf_core
    printf6.o(i.__0vsnprintf$6) refers to printf6.o(i._snputc) for _snputc
    printf6.o(i.__0vsprintf$6) refers to printf6.o(i._printf_core) for _printf_core
    printf6.o(i.__0vsprintf$6) refers to printf6.o(i._sputc) for _sputc
    printf6.o(i._printf_core) refers to printf6.o(i._printf_pre_padding) for _printf_pre_padding
    printf6.o(i._printf_core) refers to printf6.o(i._printf_post_padding) for _printf_post_padding
    printf6.o(i._printf_core) refers to uidiv.o(.text) for __aeabi_uidivmod
    printf7.o(i.__0fprintf$7) refers to printf7.o(i._printf_core) for _printf_core
    printf7.o(i.__0fprintf$7) refers to pt32x005_retarget.o(i.fputc) for fputc
    printf7.o(i.__0printf$7) refers to printf7.o(i._printf_core) for _printf_core
    printf7.o(i.__0printf$7) refers to pt32x005_retarget.o(i.fputc) for fputc
    printf7.o(i.__0printf$7) refers to pt32x005_retarget.o(.data) for __stdout
    printf7.o(i.__0snprintf$7) refers to printf7.o(i._printf_core) for _printf_core
    printf7.o(i.__0snprintf$7) refers to printf7.o(i._snputc) for _snputc
    printf7.o(i.__0sprintf$7) refers to printf7.o(i._printf_core) for _printf_core
    printf7.o(i.__0sprintf$7) refers to printf7.o(i._sputc) for _sputc
    printf7.o(i.__0vfprintf$7) refers to printf7.o(i._printf_core) for _printf_core
    printf7.o(i.__0vfprintf$7) refers to pt32x005_retarget.o(i.fputc) for fputc
    printf7.o(i.__0vprintf$7) refers to printf7.o(i._printf_core) for _printf_core
    printf7.o(i.__0vprintf$7) refers to pt32x005_retarget.o(i.fputc) for fputc
    printf7.o(i.__0vprintf$7) refers to pt32x005_retarget.o(.data) for __stdout
    printf7.o(i.__0vsnprintf$7) refers to printf7.o(i._printf_core) for _printf_core
    printf7.o(i.__0vsnprintf$7) refers to printf7.o(i._snputc) for _snputc
    printf7.o(i.__0vsprintf$7) refers to printf7.o(i._printf_core) for _printf_core
    printf7.o(i.__0vsprintf$7) refers to printf7.o(i._sputc) for _sputc
    printf7.o(i._printf_core) refers to printf7.o(i._printf_pre_padding) for _printf_pre_padding
    printf7.o(i._printf_core) refers to printf7.o(i._printf_post_padding) for _printf_post_padding
    printf7.o(i._printf_core) refers to uldiv.o(.text) for __aeabi_uldivmod
    printf8.o(i.__0fprintf$8) refers to printf8.o(i._printf_core) for _printf_core
    printf8.o(i.__0fprintf$8) refers to pt32x005_retarget.o(i.fputc) for fputc
    printf8.o(i.__0printf$8) refers to printf8.o(i._printf_core) for _printf_core
    printf8.o(i.__0printf$8) refers to pt32x005_retarget.o(i.fputc) for fputc
    printf8.o(i.__0printf$8) refers to pt32x005_retarget.o(.data) for __stdout
    printf8.o(i.__0snprintf$8) refers to printf8.o(i._printf_core) for _printf_core
    printf8.o(i.__0snprintf$8) refers to printf8.o(i._snputc) for _snputc
    printf8.o(i.__0sprintf$8) refers to printf8.o(i._printf_core) for _printf_core
    printf8.o(i.__0sprintf$8) refers to printf8.o(i._sputc) for _sputc
    printf8.o(i.__0vfprintf$8) refers to printf8.o(i._printf_core) for _printf_core
    printf8.o(i.__0vfprintf$8) refers to pt32x005_retarget.o(i.fputc) for fputc
    printf8.o(i.__0vprintf$8) refers to printf8.o(i._printf_core) for _printf_core
    printf8.o(i.__0vprintf$8) refers to pt32x005_retarget.o(i.fputc) for fputc
    printf8.o(i.__0vprintf$8) refers to pt32x005_retarget.o(.data) for __stdout
    printf8.o(i.__0vsnprintf$8) refers to printf8.o(i._printf_core) for _printf_core
    printf8.o(i.__0vsnprintf$8) refers to printf8.o(i._snputc) for _snputc
    printf8.o(i.__0vsprintf$8) refers to printf8.o(i._printf_core) for _printf_core
    printf8.o(i.__0vsprintf$8) refers to printf8.o(i._sputc) for _sputc
    printf8.o(i._printf_core) refers to printf8.o(i._printf_pre_padding) for _printf_pre_padding
    printf8.o(i._printf_core) refers to printf8.o(i._printf_post_padding) for _printf_post_padding
    printf8.o(i._printf_core) refers to uldiv.o(.text) for __aeabi_uldivmod
    printfa.o(i.__0fprintf) refers (Special) to iusefp.o(.text) for __I$use$fp
    printfa.o(i.__0fprintf) refers to printfa.o(i._printf_core) for _printf_core
    printfa.o(i.__0fprintf) refers to pt32x005_retarget.o(i.fputc) for fputc
    printfa.o(i.__0printf) refers (Special) to iusefp.o(.text) for __I$use$fp
    printfa.o(i.__0printf) refers to printfa.o(i._printf_core) for _printf_core
    printfa.o(i.__0printf) refers to pt32x005_retarget.o(i.fputc) for fputc
    printfa.o(i.__0printf) refers to pt32x005_retarget.o(.data) for __stdout
    printfa.o(i.__0snprintf) refers (Special) to iusefp.o(.text) for __I$use$fp
    printfa.o(i.__0snprintf) refers to printfa.o(i._printf_core) for _printf_core
    printfa.o(i.__0snprintf) refers to printfa.o(i._snputc) for _snputc
    printfa.o(i.__0sprintf) refers (Special) to iusefp.o(.text) for __I$use$fp
    printfa.o(i.__0sprintf) refers to printfa.o(i._printf_core) for _printf_core
    printfa.o(i.__0sprintf) refers to printfa.o(i._sputc) for _sputc
    printfa.o(i.__0vfprintf) refers (Special) to iusefp.o(.text) for __I$use$fp
    printfa.o(i.__0vfprintf) refers to printfa.o(i._printf_core) for _printf_core
    printfa.o(i.__0vfprintf) refers to pt32x005_retarget.o(i.fputc) for fputc
    printfa.o(i.__0vprintf) refers (Special) to iusefp.o(.text) for __I$use$fp
    printfa.o(i.__0vprintf) refers to printfa.o(i._printf_core) for _printf_core
    printfa.o(i.__0vprintf) refers to pt32x005_retarget.o(i.fputc) for fputc
    printfa.o(i.__0vprintf) refers to pt32x005_retarget.o(.data) for __stdout
    printfa.o(i.__0vsnprintf) refers (Special) to iusefp.o(.text) for __I$use$fp
    printfa.o(i.__0vsnprintf) refers to printfa.o(i._printf_core) for _printf_core
    printfa.o(i.__0vsnprintf) refers to printfa.o(i._snputc) for _snputc
    printfa.o(i.__0vsprintf) refers (Special) to iusefp.o(.text) for __I$use$fp
    printfa.o(i.__0vsprintf) refers to printfa.o(i._printf_core) for _printf_core
    printfa.o(i.__0vsprintf) refers to printfa.o(i._sputc) for _sputc
    printfa.o(i._fp_digits) refers (Special) to iusefp.o(.text) for __I$use$fp
    printfa.o(i._fp_digits) refers to dmul.o(.text) for __aeabi_dmul
    printfa.o(i._fp_digits) refers to ddiv.o(.text) for __aeabi_ddiv
    printfa.o(i._fp_digits) refers to cdrcmple.o(.text) for __aeabi_cdrcmple
    printfa.o(i._fp_digits) refers to dadd.o(.text) for __aeabi_dadd
    printfa.o(i._fp_digits) refers to dfixul.o(.text) for __aeabi_d2ulz
    printfa.o(i._fp_digits) refers to uldiv.o(.text) for __aeabi_uldivmod
    printfa.o(i._printf_core) refers (Special) to iusefp.o(.text) for __I$use$fp
    printfa.o(i._printf_core) refers to printfa.o(i._printf_pre_padding) for _printf_pre_padding
    printfa.o(i._printf_core) refers to uldiv.o(.text) for __aeabi_uldivmod
    printfa.o(i._printf_core) refers to printfa.o(i._printf_post_padding) for _printf_post_padding
    printfa.o(i._printf_core) refers to printfa.o(i._fp_digits) for _fp_digits
    printfa.o(i._printf_core) refers to uidiv.o(.text) for __aeabi_uidivmod
    printfa.o(i._printf_post_padding) refers (Special) to iusefp.o(.text) for __I$use$fp
    printfa.o(i._printf_pre_padding) refers (Special) to iusefp.o(.text) for __I$use$fp
    printfa.o(i._snputc) refers (Special) to iusefp.o(.text) for __I$use$fp
    printfa.o(i._sputc) refers (Special) to iusefp.o(.text) for __I$use$fp
    entry2.o(.ARM.Collect$$$$00000001) refers to entry2.o(.ARM.Collect$$$$00002712) for __lit__00000000
    entry2.o(.ARM.Collect$$$$00002712) refers to startup_pt32x005x.o(STACK) for __initial_sp
    entry2.o(__vectab_stack_and_reset_area) refers to startup_pt32x005x.o(STACK) for __initial_sp
    entry2.o(__vectab_stack_and_reset_area) refers to entry.o(.ARM.Collect$$$$00000000) for __main
    entry5.o(.ARM.Collect$$$$00000004) refers to init.o(.text) for __scatterload
    entry9a.o(.ARM.Collect$$$$0000000B) refers to main.o(i.main) for main
    entry9b.o(.ARM.Collect$$$$0000000C) refers to main.o(i.main) for main
    uldiv.o(.text) refers to llushr.o(.text) for __aeabi_llsr
    uldiv.o(.text) refers to llshl.o(.text) for __aeabi_llsl
    dadd.o(.text) refers to llshl.o(.text) for __aeabi_llsl
    dadd.o(.text) refers to llsshr.o(.text) for __aeabi_lasr
    dadd.o(.text) refers to depilogue.o(.text) for _double_epilogue
    dmul.o(.text) refers to depilogue.o(.text) for _double_epilogue
    ddiv.o(.text) refers to depilogue.o(.text) for _double_round
    dfixul.o(.text) refers to llushr.o(.text) for __aeabi_llsr
    dfixul.o(.text) refers to llshl.o(.text) for __aeabi_llsl
    init.o(.text) refers to entry5.o(.ARM.Collect$$$$00000004) for __main_after_scatterload
    depilogue.o(.text) refers to depilogue.o(i.__ARM_clz) for __ARM_clz
    depilogue.o(.text) refers to llshl.o(.text) for __aeabi_llsl
    depilogue.o(.text) refers to llushr.o(.text) for __aeabi_llsr


==============================================================================

Removing Unused input sections from the image.

    Removing startup_pt32x005x.o(HEAP), (0 bytes).
    Removing main.o(.rev16_text), (4 bytes).
    Removing main.o(.revsh_text), (4 bytes).
    Removing main.o(.bss), (60 bytes).
    Removing system_pt32x005.o(.rev16_text), (4 bytes).
    Removing system_pt32x005.o(.revsh_text), (4 bytes).
    Removing system_pt32x005.o(i.Clock_SwitchTo_Int24MRC), (52 bytes).
    Removing system_pt32x005.o(i.Clock_SwitchTo_Int32KRC), (44 bytes).
    Removing system_pt32x005.o(i.Clock_SwitchTo_Int48MRC), (64 bytes).
    Removing pt32x005_it.o(.rev16_text), (4 bytes).
    Removing pt32x005_it.o(.revsh_text), (4 bytes).
    Removing pt32x005_it.o(i.WWWDG_Handler), (2 bytes).
    Removing x2445dk_eeprom_p32.o(.rev16_text), (4 bytes).
    Removing x2445dk_eeprom_p32.o(.revsh_text), (4 bytes).
    Removing x2445dk_eeprom_p32.o(i.DisableEEPROM), (2 bytes).
    Removing x2445dk_eeprom_p32.o(i.EEPROM_SectorErase), (2 bytes).
    Removing x2445dk_function_ptc32.o(.rev16_text), (4 bytes).
    Removing x2445dk_function_ptc32.o(.revsh_text), (4 bytes).
    Removing x2445dk_function_ptc32.o(i.myFuncInit), (2 bytes).
    Removing x2445dk_function_ptc32.o(i.vInitLedPin), (100 bytes).
    Removing x2445dk_function_ptc32.o(i.vPowerPressed), (128 bytes).
    Removing x2445dk_init_p32.o(.rev16_text), (4 bytes).
    Removing x2445dk_init_p32.o(.revsh_text), (4 bytes).
    Removing x2445dk_uart_p32.o(.rev16_text), (4 bytes).
    Removing x2445dk_uart_p32.o(.revsh_text), (4 bytes).
    Removing x2445dk_uart_p32.o(i.vSendPowerOn), (104 bytes).
    Removing printfwindow.o(i.fputc222), (40 bytes).
    Removing pt32x005_gpio.o(.rev16_text), (4 bytes).
    Removing pt32x005_gpio.o(.revsh_text), (4 bytes).
    Removing pt32x005_gpio.o(i.GPIO_ClearFlag), (128 bytes).
    Removing pt32x005_gpio.o(i.GPIO_ClearITPendingBit), (128 bytes).
    Removing pt32x005_gpio.o(i.GPIO_ClearPinAF), (196 bytes).
    Removing pt32x005_gpio.o(i.GPIO_GetFlagStatus), (156 bytes).
    Removing pt32x005_gpio.o(i.GPIO_GetITStatus), (176 bytes).
    Removing pt32x005_gpio.o(i.GPIO_HigByte_ClrBit), (112 bytes).
    Removing pt32x005_gpio.o(i.GPIO_HigByte_SetBit), (112 bytes).
    Removing pt32x005_gpio.o(i.GPIO_HigByte_WriteBit), (112 bytes).
    Removing pt32x005_gpio.o(i.GPIO_ITConfig), (156 bytes).
    Removing pt32x005_gpio.o(i.GPIO_LowByte_ClrBit), (116 bytes).
    Removing pt32x005_gpio.o(i.GPIO_LowByte_SetBit), (112 bytes).
    Removing pt32x005_gpio.o(i.GPIO_LowByte_WriteBit), (116 bytes).
    Removing pt32x005_gpio.o(i.GPIO_PullDownConfig), (144 bytes).
    Removing pt32x005_gpio.o(i.GPIO_PullUpConfig), (144 bytes).
    Removing pt32x005_gpio.o(i.GPIO_ReadInputData), (100 bytes).
    Removing pt32x005_gpio.o(i.GPIO_ReadInputDataBit), (208 bytes).
    Removing pt32x005_gpio.o(i.GPIO_ReadOutputData), (100 bytes).
    Removing pt32x005_gpio.o(i.GPIO_ReadOutputDataBit), (208 bytes).
    Removing pt32x005_gpio.o(i.GPIO_StructInit), (16 bytes).
    Removing pt32x005_gpio.o(i.GPIO_TriTypeConfig), (280 bytes).
    Removing pt32x005_gpio.o(i.GPIO_Write), (100 bytes).
    Removing pt32x005_gpio.o(i.GPIO_WriteBit), (232 bytes).
    Removing pt32x005_sys.o(.rev16_text), (4 bytes).
    Removing pt32x005_sys.o(.revsh_text), (4 bytes).
    Removing pt32x005_sys.o(i.System_ClearAllResetFlag), (12 bytes).
    Removing pt32x005_sys.o(i.System_ClearResetFlag), (108 bytes).
    Removing pt32x005_sys.o(i.System_GetAgentID), (12 bytes).
    Removing pt32x005_sys.o(i.System_GetCD), (12 bytes).
    Removing pt32x005_sys.o(i.System_GetCustomerID), (12 bytes).
    Removing pt32x005_sys.o(i.System_GetFlashProtectStatus), (24 bytes).
    Removing pt32x005_sys.o(i.System_GetRemapStatus), (24 bytes).
    Removing pt32x005_sys.o(i.System_GetResetFlagStatus), (120 bytes).
    Removing pt32x005_sys.o(i.System_GetUID), (16 bytes).
    Removing pt32x005_sys.o(i.System_ResetRemapBit), (12 bytes).
    Removing pt32x005_sys.o(i.System_RestConfig), (144 bytes).
    Removing pt32x005_sys.o(i.System_Retriming), (16 bytes).
    Removing pt32x005_uart.o(.rev16_text), (4 bytes).
    Removing pt32x005_uart.o(.revsh_text), (4 bytes).
    Removing pt32x005_uart.o(i.UART_ClearFlag), (108 bytes).
    Removing pt32x005_uart.o(i.UART_GetFlagStatus), (172 bytes).
    Removing pt32x005_uart.o(i.UART_GetITStatus), (184 bytes).
    Removing pt32x005_uart.o(i.UART_HalfDuplexCmd), (128 bytes).
    Removing pt32x005_uart.o(i.UART_HalfDuplex_DirectionModeCmd), (136 bytes).
    Removing pt32x005_uart.o(i.UART_IrDACmd), (112 bytes).
    Removing pt32x005_uart.o(i.UART_IrDAInvPinCmd), (112 bytes).
    Removing pt32x005_uart.o(i.UART_LoopBackConfig), (24 bytes).
    Removing pt32x005_uart.o(i.UART_ReceiveData), (84 bytes).
    Removing pt32x005_uart.o(i.UART_ReceiveData_Timeout), (116 bytes).
    Removing pt32x005_uart.o(i.UART_RxConfig), (124 bytes).
    Removing pt32x005_uart.o(i.UART_SendData), (124 bytes).
    Removing pt32x005_uart.o(i.UART_SetDutyCycle), (112 bytes).
    Removing pt32x005_uart.o(i.UART_SetGuardTime), (92 bytes).
    Removing pt32x005_uart.o(i.UART_SetReceiverTimeOut), (108 bytes).
    Removing pt32x005_uart.o(i.UART_StringReceive), (78 bytes).
    Removing pt32x005_uart.o(i.UART_StringSend), (48 bytes).
    Removing pt32x005_uart.o(i.UART_StructInit), (28 bytes).
    Removing pt32x005_uart.o(i.USART_InvPinCmd), (144 bytes).
    Removing pt32x005_adc.o(.rev16_text), (4 bytes).
    Removing pt32x005_adc.o(.revsh_text), (4 bytes).
    Removing pt32x005_adc.o(i.ADC_StopOfConversion), (76 bytes).
    Removing pt32x005_flash.o(.rev16_text), (4 bytes).
    Removing pt32x005_flash.o(.revsh_text), (4 bytes).
    Removing pt32x005_flash.o(i.FLASH_EraseAllPages), (60 bytes).
    Removing pt32x005_flash.o(i.FLASH_GetFlagStatus), (100 bytes).
    Removing pt32x005_flash.o(i.FLASH_ITConfig), (132 bytes).
    Removing pt32x005_flash.o(i.FLASH_ReadByte), (6 bytes).
    Removing pt32x005_flash.o(i.FLASH_ReadHalfWord), (6 bytes).
    Removing pt32x005_flash.o(i.FLASH_SetLatency), (92 bytes).
    Removing pt32x005_pwm.o(.rev16_text), (4 bytes).
    Removing pt32x005_pwm.o(.revsh_text), (4 bytes).
    Removing pt32x005_pwm.o(i.PWM_BKI_LevelConfig), (116 bytes).
    Removing pt32x005_pwm.o(i.PWM_BreakInput_Cmd), (116 bytes).
    Removing pt32x005_pwm.o(i.PWM_CHN_Config), (152 bytes).
    Removing pt32x005_pwm.o(i.PWM_CapITConfig), (204 bytes).
    Removing pt32x005_pwm.o(i.PWM_CaptureInit), (192 bytes).
    Removing pt32x005_pwm.o(i.PWM_ClearFlag), (96 bytes).
    Removing pt32x005_pwm.o(i.PWM_ClockSourceConfig), (108 bytes).
    Removing pt32x005_pwm.o(i.PWM_CounterModeConfig), (132 bytes).
    Removing pt32x005_pwm.o(i.PWM_DT_Config), (92 bytes).
    Removing pt32x005_pwm.o(i.PWM_FE_CaptureConfig), (156 bytes).
    Removing pt32x005_pwm.o(i.PWM_GetCaptureCounter), (136 bytes).
    Removing pt32x005_pwm.o(i.PWM_GetCaptureEdge), (136 bytes).
    Removing pt32x005_pwm.o(i.PWM_GetCounter), (72 bytes).
    Removing pt32x005_pwm.o(i.PWM_GetFlagStatus), (168 bytes).
    Removing pt32x005_pwm.o(i.PWM_GetINT_RepeatTimes), (72 bytes).
    Removing pt32x005_pwm.o(i.PWM_GetPrescaler), (72 bytes).
    Removing pt32x005_pwm.o(i.PWM_GetPrescalerCnt), (72 bytes).
    Removing pt32x005_pwm.o(i.PWM_IDLE_Config), (152 bytes).
    Removing pt32x005_pwm.o(i.PWM_INT_RepeatTimes), (84 bytes).
    Removing pt32x005_pwm.o(i.PWM_IntConfig), (232 bytes).
    Removing pt32x005_pwm.o(i.PWM_OD_Config), (156 bytes).
    Removing pt32x005_pwm.o(i.PWM_PrescalerConfig), (84 bytes).
    Removing pt32x005_pwm.o(i.PWM_RE_CaptureConfig), (156 bytes).
    Removing pt32x005_pwm.o(i.PWM_RST_CaptureConfig), (156 bytes).
    Removing pt32x005_pwm.o(i.PWM_SetCompare), (148 bytes).
    Removing pt32x005_pwm.o(i.PWM_SetCounter), (92 bytes).
    Removing pt32x005_pwm.o(i.PWM_SetCounterReload), (92 bytes).
    Removing pt32x005_pwm.o(i.PWM_TimeBaseStructInit), (18 bytes).
    Removing pt32x005_pwm.o(i.PWM_UpdateCmd), (76 bytes).
    Removing pt32x005_misc.o(.rev16_text), (4 bytes).
    Removing pt32x005_misc.o(.revsh_text), (4 bytes).
    Removing pt32x005_misc.o(i.NVIC_SystemLPConfig), (120 bytes).
    Removing pt32x005_retarget.o(.rev16_text), (4 bytes).
    Removing pt32x005_retarget.o(.revsh_text), (4 bytes).
    Removing pt32x005_retarget.o(i.__backspace), (6 bytes).
    Removing pt32x005_retarget.o(i._sys_exit), (4 bytes).
    Removing pt32x005_retarget.o(i.fgetc), (10 bytes).
    Removing pt32x005_serial.o(.rev16_text), (4 bytes).
    Removing pt32x005_serial.o(.revsh_text), (4 bytes).
    Removing pt32x005_serial.o(i.SERIAL_GetChar), (28 bytes).
    Removing dadd.o(.text), (356 bytes).
    Removing dmul.o(.text), (208 bytes).
    Removing ddiv.o(.text), (240 bytes).
    Removing dfixul.o(.text), (64 bytes).
    Removing cdrcmple.o(.text), (40 bytes).
    Removing depilogue.o(.text), (190 bytes).
    Removing depilogue.o(i.__ARM_clz), (46 bytes).

146 unused section(s) (total 11748 bytes) removed from the image.

==============================================================================

Image Symbol Table

    Local Symbols

    Symbol Name                              Value     Ov Type        Size  Object(Section)

    RESET                                    0x00000000   Section      220  startup_pt32x005x.o(RESET)
    ../clib/microlib/division.c              0x00000000   Number         0  idiv.o ABSOLUTE
    ../clib/microlib/division.c              0x00000000   Number         0  uldiv.o ABSOLUTE
    ../clib/microlib/division.c              0x00000000   Number         0  uidiv.o ABSOLUTE
    ../clib/microlib/init/entry.s            0x00000000   Number         0  entry.o ABSOLUTE
    ../clib/microlib/init/entry.s            0x00000000   Number         0  entry5.o ABSOLUTE
    ../clib/microlib/init/entry.s            0x00000000   Number         0  entry11b.o ABSOLUTE
    ../clib/microlib/init/entry.s            0x00000000   Number         0  entry7b.o ABSOLUTE
    ../clib/microlib/init/entry.s            0x00000000   Number         0  entry8a.o ABSOLUTE
    ../clib/microlib/init/entry.s            0x00000000   Number         0  entry8b.o ABSOLUTE
    ../clib/microlib/init/entry.s            0x00000000   Number         0  entry9a.o ABSOLUTE
    ../clib/microlib/init/entry.s            0x00000000   Number         0  entry9b.o ABSOLUTE
    ../clib/microlib/init/entry.s            0x00000000   Number         0  entry10a.o ABSOLUTE
    ../clib/microlib/init/entry.s            0x00000000   Number         0  entry2.o ABSOLUTE
    ../clib/microlib/init/entry.s            0x00000000   Number         0  entry10b.o ABSOLUTE
    ../clib/microlib/init/entry.s            0x00000000   Number         0  entry11a.o ABSOLUTE
    ../clib/microlib/init/entry.s            0x00000000   Number         0  entry7a.o ABSOLUTE
    ../clib/microlib/longlong.c              0x00000000   Number         0  llsshr.o ABSOLUTE
    ../clib/microlib/longlong.c              0x00000000   Number         0  llshl.o ABSOLUTE
    ../clib/microlib/longlong.c              0x00000000   Number         0  llushr.o ABSOLUTE
    ../clib/microlib/printf/printf.c         0x00000000   Number         0  printf3.o ABSOLUTE
    ../clib/microlib/printf/printf.c         0x00000000   Number         0  printf4.o ABSOLUTE
    ../clib/microlib/printf/printf.c         0x00000000   Number         0  printf1.o ABSOLUTE
    ../clib/microlib/printf/printf.c         0x00000000   Number         0  printf5.o ABSOLUTE
    ../clib/microlib/printf/printf.c         0x00000000   Number         0  printf0.o ABSOLUTE
    ../clib/microlib/printf/printf.c         0x00000000   Number         0  printfa.o ABSOLUTE
    ../clib/microlib/printf/printf.c         0x00000000   Number         0  printf8.o ABSOLUTE
    ../clib/microlib/printf/printf.c         0x00000000   Number         0  printfb.o ABSOLUTE
    ../clib/microlib/printf/printf.c         0x00000000   Number         0  printf7.o ABSOLUTE
    ../clib/microlib/printf/printf.c         0x00000000   Number         0  printf6.o ABSOLUTE
    ../clib/microlib/printf/printf.c         0x00000000   Number         0  printf2.o ABSOLUTE
    ../clib/microlib/printf/stubs.s          0x00000000   Number         0  stubs.o ABSOLUTE
    ../clib/microlib/stubs.s                 0x00000000   Number         0  iusefp.o ABSOLUTE
    ../clib/microlib/stubs.s                 0x00000000   Number         0  useno.o ABSOLUTE
    ../fplib/microlib/fpadd.c                0x00000000   Number         0  dadd.o ABSOLUTE
    ../fplib/microlib/fpdiv.c                0x00000000   Number         0  ddiv.o ABSOLUTE
    ../fplib/microlib/fpepilogue.c           0x00000000   Number         0  depilogue.o ABSOLUTE
    ../fplib/microlib/fpfix.c                0x00000000   Number         0  dfixul.o ABSOLUTE
    ../fplib/microlib/fpmul.c                0x00000000   Number         0  dmul.o ABSOLUTE
    ..\FileSources\PT32X005_it.c             0x00000000   Number         0  pt32x005_it.o ABSOLUTE
    ..\FileSources\X2445DK_Eeprom_P32.c      0x00000000   Number         0  x2445dk_eeprom_p32.o ABSOLUTE
    ..\FileSources\X2445DK_Function_PTC32.c  0x00000000   Number         0  x2445dk_function_ptc32.o ABSOLUTE
    ..\FileSources\X2445DK_Init_P32.c        0x00000000   Number         0  x2445dk_init_p32.o ABSOLUTE
    ..\FileSources\X2445DK_Uart_P32.c        0x00000000   Number         0  x2445dk_uart_p32.o ABSOLUTE
    ..\FileSources\main.c                    0x00000000   Number         0  main.o ABSOLUTE
    ..\FileSources\printfWindow.c            0x00000000   Number         0  printfwindow.o ABSOLUTE
    ..\FileSources\startup_PT32X005x.s       0x00000000   Number         0  startup_pt32x005x.o ABSOLUTE
    ..\FileSources\system_PT32X005.c         0x00000000   Number         0  system_pt32x005.o ABSOLUTE
    ..\PT32X005_FWLib\src\PT32X005_adc.c     0x00000000   Number         0  pt32x005_adc.o ABSOLUTE
    ..\PT32X005_FWLib\src\PT32X005_flash.c   0x00000000   Number         0  pt32x005_flash.o ABSOLUTE
    ..\PT32X005_FWLib\src\PT32X005_gpio.c    0x00000000   Number         0  pt32x005_gpio.o ABSOLUTE
    ..\PT32X005_FWLib\src\PT32X005_misc.c    0x00000000   Number         0  pt32x005_misc.o ABSOLUTE
    ..\PT32X005_FWLib\src\PT32X005_pwm.c     0x00000000   Number         0  pt32x005_pwm.o ABSOLUTE
    ..\PT32X005_FWLib\src\PT32X005_sys.c     0x00000000   Number         0  pt32x005_sys.o ABSOLUTE
    ..\PT32X005_FWLib\src\PT32X005_uart.c    0x00000000   Number         0  pt32x005_uart.o ABSOLUTE
    ..\Retarget\PT32X005_retarget.c          0x00000000   Number         0  pt32x005_retarget.o ABSOLUTE
    ..\Retarget\PT32X005_serial.c            0x00000000   Number         0  pt32x005_serial.o ABSOLUTE
    ..\\FileSources\\PT32X005_it.c           0x00000000   Number         0  pt32x005_it.o ABSOLUTE
    ..\\FileSources\\X2445DK_Eeprom_P32.c    0x00000000   Number         0  x2445dk_eeprom_p32.o ABSOLUTE
    ..\\FileSources\\X2445DK_Function_PTC32.c 0x00000000   Number         0  x2445dk_function_ptc32.o ABSOLUTE
    ..\\FileSources\\X2445DK_Init_P32.c      0x00000000   Number         0  x2445dk_init_p32.o ABSOLUTE
    ..\\FileSources\\X2445DK_Uart_P32.c      0x00000000   Number         0  x2445dk_uart_p32.o ABSOLUTE
    ..\\FileSources\\main.c                  0x00000000   Number         0  main.o ABSOLUTE
    ..\\FileSources\\system_PT32X005.c       0x00000000   Number         0  system_pt32x005.o ABSOLUTE
    ..\\PT32X005_FWLib\\src\\PT32X005_adc.c  0x00000000   Number         0  pt32x005_adc.o ABSOLUTE
    ..\\PT32X005_FWLib\\src\\PT32X005_flash.c 0x00000000   Number         0  pt32x005_flash.o ABSOLUTE
    ..\\PT32X005_FWLib\\src\\PT32X005_gpio.c 0x00000000   Number         0  pt32x005_gpio.o ABSOLUTE
    ..\\PT32X005_FWLib\\src\\PT32X005_misc.c 0x00000000   Number         0  pt32x005_misc.o ABSOLUTE
    ..\\PT32X005_FWLib\\src\\PT32X005_pwm.c  0x00000000   Number         0  pt32x005_pwm.o ABSOLUTE
    ..\\PT32X005_FWLib\\src\\PT32X005_sys.c  0x00000000   Number         0  pt32x005_sys.o ABSOLUTE
    ..\\PT32X005_FWLib\\src\\PT32X005_uart.c 0x00000000   Number         0  pt32x005_uart.o ABSOLUTE
    ..\\Retarget\\PT32X005_retarget.c        0x00000000   Number         0  pt32x005_retarget.o ABSOLUTE
    ..\\Retarget\\PT32X005_serial.c          0x00000000   Number         0  pt32x005_serial.o ABSOLUTE
    cdrcmple.s                               0x00000000   Number         0  cdrcmple.o ABSOLUTE
    dc.s                                     0x00000000   Number         0  dc.o ABSOLUTE
    handlers.s                               0x00000000   Number         0  handlers.o ABSOLUTE
    init.s                                   0x00000000   Number         0  init.o ABSOLUTE
    .ARM.Collect$$$$00000000                 0x000000dc   Section        0  entry.o(.ARM.Collect$$$$00000000)
    .ARM.Collect$$$$00000001                 0x000000dc   Section        4  entry2.o(.ARM.Collect$$$$00000001)
    .ARM.Collect$$$$00000004                 0x000000e0   Section        4  entry5.o(.ARM.Collect$$$$00000004)
    .ARM.Collect$$$$00000008                 0x000000e4   Section        0  entry7b.o(.ARM.Collect$$$$00000008)
    .ARM.Collect$$$$0000000A                 0x000000e4   Section        0  entry8b.o(.ARM.Collect$$$$0000000A)
    .ARM.Collect$$$$0000000B                 0x000000e4   Section        8  entry9a.o(.ARM.Collect$$$$0000000B)
    .ARM.Collect$$$$0000000D                 0x000000ec   Section        0  entry10a.o(.ARM.Collect$$$$0000000D)
    .ARM.Collect$$$$0000000F                 0x000000ec   Section        0  entry11a.o(.ARM.Collect$$$$0000000F)
    .ARM.Collect$$$$00002712                 0x000000ec   Section        4  entry2.o(.ARM.Collect$$$$00002712)
    __lit__00000000                          0x000000ec   Data           4  entry2.o(.ARM.Collect$$$$00002712)
    .text                                    0x000000f0   Section        0  uidiv.o(.text)
    .text                                    0x0000011c   Section        0  idiv.o(.text)
    .text                                    0x00000144   Section       36  init.o(.text)
    i.ADC_ChannelConfig                      0x00000168   Section        0  pt32x005_adc.o(i.ADC_ChannelConfig)
    i.ADC_ClearFlag                          0x000001f0   Section        0  pt32x005_adc.o(i.ADC_ClearFlag)
    i.ADC_Cmd                                0x0000024c   Section        0  pt32x005_adc.o(i.ADC_Cmd)
    i.ADC_GetConversionValue                 0x000002b8   Section        0  pt32x005_adc.o(i.ADC_GetConversionValue)
    i.ADC_GetFlagStatus                      0x00000300   Section        0  pt32x005_adc.o(i.ADC_GetFlagStatus)
    i.ADC_Handler                            0x00000368   Section        0  pt32x005_it.o(i.ADC_Handler)
    i.ADC_Init                               0x0000036c   Section        0  pt32x005_adc.o(i.ADC_Init)
    i.ADC_SetSampleTime                      0x00000458   Section        0  pt32x005_adc.o(i.ADC_SetSampleTime)
    i.ADC_StartOfConversion                  0x000004b0   Section        0  pt32x005_adc.o(i.ADC_StartOfConversion)
    i.ADC_StructInit                         0x000004fc   Section        0  pt32x005_adc.o(i.ADC_StructInit)
    i.CLK_FAIL_Handler                       0x0000050e   Section        0  pt32x005_it.o(i.CLK_FAIL_Handler)
    i.Comparator1_Handler                    0x00000510   Section        0  pt32x005_it.o(i.Comparator1_Handler)
    i.DAC_Handler                            0x00000512   Section        0  pt32x005_it.o(i.DAC_Handler)
    i.EEPROM_WriteByte                       0x00000514   Section        0  x2445dk_eeprom_p32.o(i.EEPROM_WriteByte)
    i.EEPROM_read_n                          0x00000550   Section        0  x2445dk_eeprom_p32.o(i.EEPROM_read_n)
    i.EEPROM_write_n                         0x00000578   Section        0  x2445dk_eeprom_p32.o(i.EEPROM_write_n)
    i.FLASH_ClearFlag                        0x000005d0   Section        0  pt32x005_flash.o(i.FLASH_ClearFlag)
    i.FLASH_ErasePage                        0x00000620   Section        0  pt32x005_flash.o(i.FLASH_ErasePage)
    i.FLASH_GetStatus                        0x000006ac   Section        0  pt32x005_flash.o(i.FLASH_GetStatus)
    i.FLASH_Handler                          0x000006e6   Section        0  pt32x005_it.o(i.FLASH_Handler)
    i.FLASH_ProgramWord                      0x000006e8   Section        0  pt32x005_flash.o(i.FLASH_ProgramWord)
    i.FLASH_ReadWord                         0x00000780   Section        0  pt32x005_flash.o(i.FLASH_ReadWord)
    i.FLASH_WaitForLastOperation             0x00000786   Section        0  pt32x005_flash.o(i.FLASH_WaitForLastOperation)
    i.GPIO_AnalogFunctionConfig              0x000007b0   Section        0  pt32x005_gpio.o(i.GPIO_AnalogFunctionConfig)
    i.GPIO_Init                              0x0000083c   Section        0  pt32x005_gpio.o(i.GPIO_Init)
    i.GPIO_InitPT32                          0x00000950   Section        0  x2445dk_init_p32.o(i.GPIO_InitPT32)
    i.GPIO_PinAFConfig                       0x00000a18   Section        0  pt32x005_gpio.o(i.GPIO_PinAFConfig)
    i.GPIO_ResetBits                         0x00000b40   Section        0  pt32x005_gpio.o(i.GPIO_ResetBits)
    i.GPIO_ReverseBits                       0x00000bb8   Section        0  pt32x005_gpio.o(i.GPIO_ReverseBits)
    i.GPIO_SetBits                           0x00000c30   Section        0  pt32x005_gpio.o(i.GPIO_SetBits)
    i.HardFault_Handler                      0x00000ca8   Section        0  pt32x005_it.o(i.HardFault_Handler)
    i.I2C0_Handler                           0x00000cac   Section        0  pt32x005_it.o(i.I2C0_Handler)
    i.NMI_Handler                            0x00000cae   Section        0  pt32x005_it.o(i.NMI_Handler)
    i.NVIC_Init                              0x00000cb0   Section        0  pt32x005_misc.o(i.NVIC_Init)
    i.PA_Handler                             0x00000d70   Section        0  pt32x005_it.o(i.PA_Handler)
    i.PB_Handler                             0x00000d72   Section        0  pt32x005_it.o(i.PB_Handler)
    i.PC_Handler                             0x00000d74   Section        0  pt32x005_it.o(i.PC_Handler)
    i.PD_Handler                             0x00000d76   Section        0  pt32x005_it.o(i.PD_Handler)
    i.PMW_TimeBaseInit                       0x00000d78   Section        0  pt32x005_pwm.o(i.PMW_TimeBaseInit)
    i.PWM1_Init                              0x00000e50   Section        0  x2445dk_init_p32.o(i.PWM1_Init)
    i.PWM_Cmd                                0x00000eb4   Section        0  pt32x005_pwm.o(i.PWM_Cmd)
    i.PWM_OutputInit                         0x00000f24   Section        0  pt32x005_pwm.o(i.PWM_OutputInit)
    i.PendSV_Handler                         0x00001064   Section        0  pt32x005_it.o(i.PendSV_Handler)
    i.PeripheralHandle                       0x00001068   Section        0  x2445dk_function_ptc32.o(i.PeripheralHandle)
    i.PeripheralInputHandle                  0x0000108c   Section        0  x2445dk_function_ptc32.o(i.PeripheralInputHandle)
    i.PeripheralOutputHandle                 0x00001384   Section        0  x2445dk_function_ptc32.o(i.PeripheralOutputHandle)
    i.Peripheral_GPIOInput                   0x00001dac   Section        0  x2445dk_function_ptc32.o(i.Peripheral_GPIOInput)
    i.Peripheral_Init                        0x000021a0   Section        0  x2445dk_function_ptc32.o(i.Peripheral_Init)
    i.PowerLedNumOn                          0x000021d8   Section        0  x2445dk_function_ptc32.o(i.PowerLedNumOn)
    i.PowerLedOn                             0x000022fc   Section        0  x2445dk_function_ptc32.o(i.PowerLedOn)
    i.SERIAL_PutChar                         0x0000255c   Section        0  pt32x005_serial.o(i.SERIAL_PutChar)
    i.SPI0_Handler                           0x00002574   Section        0  pt32x005_it.o(i.SPI0_Handler)
    i.SPI1_Handler                           0x00002576   Section        0  pt32x005_it.o(i.SPI1_Handler)
    i.SVC_Handler                            0x00002578   Section        0  pt32x005_it.o(i.SVC_Handler)
    i.SetPWM1_Out                            0x0000257c   Section        0  x2445dk_function_ptc32.o(i.SetPWM1_Out)
    i.SpeedLedOn                             0x00002598   Section        0  x2445dk_function_ptc32.o(i.SpeedLedOn)
    i.SysTick_Handler                        0x000026a0   Section        0  pt32x005_it.o(i.SysTick_Handler)
    i.SystemInit                             0x000026b4   Section        0  system_pt32x005.o(i.SystemInit)
    i.System_GetClocksFreq                   0x0000270c   Section        0  pt32x005_sys.o(i.System_GetClocksFreq)
    i.TIMER0_Handler                         0x000027bc   Section        0  pt32x005_it.o(i.TIMER0_Handler)
    i.TIMER1_Handler                         0x000027be   Section        0  pt32x005_it.o(i.TIMER1_Handler)
    i.TIMER2_Handler                         0x000027c0   Section        0  pt32x005_it.o(i.TIMER2_Handler)
    i.TIMER3_Handler                         0x000027c2   Section        0  pt32x005_it.o(i.TIMER3_Handler)
    i.TIMER4_Handler                         0x000027c4   Section        0  pt32x005_it.o(i.TIMER4_Handler)
    i.TimeBaseInit                           0x000027c8   Section        0  x2445dk_init_p32.o(i.TimeBaseInit)
    i.UART0_Handler                          0x00002814   Section        0  pt32x005_it.o(i.UART0_Handler)
    i.UART1_RecvData                         0x00002834   Section        0  x2445dk_uart_p32.o(i.UART1_RecvData)
    i.UART1_SendByte                         0x000029b0   Section        0  x2445dk_uart_p32.o(i.UART1_SendByte)
    i.UART1_SendString                       0x000029e0   Section        0  x2445dk_uart_p32.o(i.UART1_SendString)
    i.UART_Cmd                               0x000029f8   Section        0  pt32x005_uart.o(i.UART_Cmd)
    i.UART_FifoReset                         0x00002a70   Section        0  pt32x005_uart.o(i.UART_FifoReset)
    i.UART_ITConfig                          0x00002a90   Section        0  pt32x005_uart.o(i.UART_ITConfig)
    i.UART_Init                              0x00002b50   Section        0  pt32x005_uart.o(i.UART_Init)
    i.USART1_DataProcess                     0x00002d0c   Section        0  x2445dk_uart_p32.o(i.USART1_DataProcess)
    i.Uart_Init                              0x00003010   Section        0  x2445dk_init_p32.o(i.Uart_Init)
    i.Wait_ClockReady                        0x00003090   Section        0  system_pt32x005.o(i.Wait_ClockReady)
    i.__0printf$3                            0x000030ac   Section        0  printf3.o(i.__0printf$3)
    i.__ARM_common_switch8                   0x000030cc   Section        0  x2445dk_function_ptc32.o(i.__ARM_common_switch8)
    i.__NVIC_SetPriority                     0x000030e8   Section        0  x2445dk_init_p32.o(i.__NVIC_SetPriority)
    __NVIC_SetPriority                       0x000030e9   Thumb Code   110  x2445dk_init_p32.o(i.__NVIC_SetPriority)
    i.__scatterload_copy                     0x00003160   Section       14  handlers.o(i.__scatterload_copy)
    i.__scatterload_null                     0x0000316e   Section        2  handlers.o(i.__scatterload_null)
    i.__scatterload_zeroinit                 0x00003170   Section       14  handlers.o(i.__scatterload_zeroinit)
    i.__set_PRIMASK                          0x0000317e   Section        0  x2445dk_function_ptc32.o(i.__set_PRIMASK)
    __set_PRIMASK                            0x0000317f   Thumb Code     6  x2445dk_function_ptc32.o(i.__set_PRIMASK)
    i.__set_PRIMASK                          0x00003184   Section        0  x2445dk_uart_p32.o(i.__set_PRIMASK)
    __set_PRIMASK                            0x00003185   Thumb Code     6  x2445dk_uart_p32.o(i.__set_PRIMASK)
    i._printf_core                           0x0000318c   Section        0  printf3.o(i._printf_core)
    _printf_core                             0x0000318d   Thumb Code   456  printf3.o(i._printf_core)
    i.assert_failed                          0x00003358   Section        0  main.o(i.assert_failed)
    i.delay                                  0x0000339c   Section        0  x2445dk_function_ptc32.o(i.delay)
    i.fputc                                  0x000033a8   Section        0  pt32x005_retarget.o(i.fputc)
    i.main                                   0x000033b6   Section        0  main.o(i.main)
    i.ucReadEepromOneData                    0x000033c6   Section        0  x2445dk_eeprom_p32.o(i.ucReadEepromOneData)
    i.usReadSpeakerPwm                       0x000033d4   Section        0  x2445dk_function_ptc32.o(i.usReadSpeakerPwm)
    i.vArom_WriteBytes_Fact                  0x000033e0   Section        0  x2445dk_function_ptc32.o(i.vArom_WriteBytes_Fact)
    i.vCheckFactData                         0x000033f4   Section        0  x2445dk_function_ptc32.o(i.vCheckFactData)
    i.vDealAd                                0x00003448   Section        0  x2445dk_function_ptc32.o(i.vDealAd)
    i.vFirstStart                            0x00003504   Section        0  x2445dk_function_ptc32.o(i.vFirstStart)
    i.vInitAdc                               0x000035d4   Section        0  x2445dk_init_p32.o(i.vInitAdc)
    i.vSend60Bytes                           0x00003628   Section        0  x2445dk_uart_p32.o(i.vSend60Bytes)
    i.vSendBuzzerOrder                       0x000036c0   Section        0  x2445dk_uart_p32.o(i.vSendBuzzerOrder)
    i.vSendDKVersion                         0x00003778   Section        0  x2445dk_uart_p32.o(i.vSendDKVersion)
    i.vSendFeedBack                          0x000037ec   Section        0  x2445dk_uart_p32.o(i.vSendFeedBack)
    i.vSendLedStatus                         0x00003838   Section        0  x2445dk_uart_p32.o(i.vSendLedStatus)
    i.vSendOneBytes                          0x000038b8   Section        0  x2445dk_uart_p32.o(i.vSendOneBytes)
    i.vSendSpeedGrad                         0x00003944   Section        0  x2445dk_uart_p32.o(i.vSendSpeedGrad)
    i.vSendUartDelya                         0x000039b8   Section        0  x2445dk_uart_p32.o(i.vSendUartDelya)
    i.vSpeakershutOut                        0x000039c4   Section        0  x2445dk_function_ptc32.o(i.vSpeakershutOut)
    i.vSysSourceInit                         0x00003ae0   Section        0  x2445dk_init_p32.o(i.vSysSourceInit)
    i.vTestShowLed                           0x00003af8   Section        0  x2445dk_function_ptc32.o(i.vTestShowLed)
    i.vWrite60Bytes                          0x00003b90   Section        0  x2445dk_function_ptc32.o(i.vWrite60Bytes)
    .data                                    0x20000000   Section        4  system_pt32x005.o(.data)
    .data                                    0x20000004   Section        2  pt32x005_it.o(.data)
    .data                                    0x20000008   Section       38  x2445dk_function_ptc32.o(.data)
    .data                                    0x2000002e   Section        8  x2445dk_uart_p32.o(.data)
    .data                                    0x20000038   Section        8  pt32x005_retarget.o(.data)
    .bss                                     0x20000040   Section       40  x2445dk_function_ptc32.o(.bss)
    .bss                                     0x20000068   Section      226  x2445dk_uart_p32.o(.bss)
    STACK                                    0x20000150   Section      512  startup_pt32x005x.o(STACK)

    Global Symbols

    Symbol Name                              Value     Ov Type        Size  Object(Section)

    BuildAttributes$$THM_ISAv3M$S$PE$A:L22$X:L11$S22$IEEE1$IW$USESV6$~STKCKD$USESV7$~SHL$OSPACE$ROPI$EBA8$MICROLIB$REQ8$PRES8$EABIv2 0x00000000   Number         0  anon$$obj.o ABSOLUTE
    __ARM_use_no_argv                        0x00000000   Number         0  main.o ABSOLUTE
    __Vectors                                0x00000000   Data           4  startup_pt32x005x.o(RESET)
    __use_no_errno                           0x00000000   Number         0  useno.o ABSOLUTE
    __use_no_exception_handling              0x00000000   Number         0  useno.o ABSOLUTE
    __use_no_fp                              0x00000000   Number         0  useno.o ABSOLUTE
    __use_no_heap                            0x00000000   Number         0  useno.o ABSOLUTE
    __use_no_heap_region                     0x00000000   Number         0  useno.o ABSOLUTE
    __use_no_semihosting                     0x00000000   Number         0  useno.o ABSOLUTE
    __use_no_semihosting_swi                 0x00000000   Number         0  useno.o ABSOLUTE
    __use_no_signal_handling                 0x00000000   Number         0  useno.o ABSOLUTE
    _printf_a                                0x00000000   Number         0  stubs.o ABSOLUTE
    _printf_c                                0x00000000   Number         0  stubs.o ABSOLUTE
    _printf_charcount                        0x00000000   Number         0  stubs.o ABSOLUTE
    _printf_d                                0x00000000   Number         0  stubs.o ABSOLUTE
    _printf_e                                0x00000000   Number         0  stubs.o ABSOLUTE
    _printf_f                                0x00000000   Number         0  stubs.o ABSOLUTE
    _printf_flags                            0x00000000   Number         0  stubs.o ABSOLUTE
    _printf_fp_dec                           0x00000000   Number         0  stubs.o ABSOLUTE
    _printf_fp_hex                           0x00000000   Number         0  stubs.o ABSOLUTE
    _printf_g                                0x00000000   Number         0  stubs.o ABSOLUTE
    _printf_i                                0x00000000   Number         0  stubs.o ABSOLUTE
    _printf_int_dec                          0x00000000   Number         0  stubs.o ABSOLUTE
    _printf_l                                0x00000000   Number         0  stubs.o ABSOLUTE
    _printf_lc                               0x00000000   Number         0  stubs.o ABSOLUTE
    _printf_ll                               0x00000000   Number         0  stubs.o ABSOLUTE
    _printf_lld                              0x00000000   Number         0  stubs.o ABSOLUTE
    _printf_lli                              0x00000000   Number         0  stubs.o ABSOLUTE
    _printf_llo                              0x00000000   Number         0  stubs.o ABSOLUTE
    _printf_llu                              0x00000000   Number         0  stubs.o ABSOLUTE
    _printf_llx                              0x00000000   Number         0  stubs.o ABSOLUTE
    _printf_longlong_dec                     0x00000000   Number         0  stubs.o ABSOLUTE
    _printf_longlong_hex                     0x00000000   Number         0  stubs.o ABSOLUTE
    _printf_longlong_oct                     0x00000000   Number         0  stubs.o ABSOLUTE
    _printf_ls                               0x00000000   Number         0  stubs.o ABSOLUTE
    _printf_mbtowc                           0x00000000   Number         0  stubs.o ABSOLUTE
    _printf_n                                0x00000000   Number         0  stubs.o ABSOLUTE
    _printf_o                                0x00000000   Number         0  stubs.o ABSOLUTE
    _printf_p                                0x00000000   Number         0  stubs.o ABSOLUTE
    _printf_percent                          0x00000000   Number         0  stubs.o ABSOLUTE
    _printf_pre_padding                      0x00000000   Number         0  stubs.o ABSOLUTE
    _printf_return_value                     0x00000000   Number         0  stubs.o ABSOLUTE
    _printf_s                                0x00000000   Number         0  stubs.o ABSOLUTE
    _printf_sizespec                         0x00000000   Number         0  stubs.o ABSOLUTE
    _printf_str                              0x00000000   Number         0  stubs.o ABSOLUTE
    _printf_truncate_signed                  0x00000000   Number         0  stubs.o ABSOLUTE
    _printf_truncate_unsigned                0x00000000   Number         0  stubs.o ABSOLUTE
    _printf_u                                0x00000000   Number         0  stubs.o ABSOLUTE
    _printf_wc                               0x00000000   Number         0  stubs.o ABSOLUTE
    _printf_wctomb                           0x00000000   Number         0  stubs.o ABSOLUTE
    _printf_widthprec                        0x00000000   Number         0  stubs.o ABSOLUTE
    _printf_x                                0x00000000   Number         0  stubs.o ABSOLUTE
    __cpp_initialize__aeabi_                  - Undefined Weak Reference
    __cxa_finalize                            - Undefined Weak Reference
    __decompress                              - Undefined Weak Reference
    _clock_init                               - Undefined Weak Reference
    _microlib_exit                            - Undefined Weak Reference
    Reset_Handler                            0x000000c1   Thumb Code     8  startup_pt32x005x.o(RESET)
    Comparator0_Handler                      0x000000d3   Thumb Code     0  startup_pt32x005x.o(RESET)
    HIGH_LVD_Handler                         0x000000d3   Thumb Code     0  startup_pt32x005x.o(RESET)
    I2C1_Handler                             0x000000d3   Thumb Code     0  startup_pt32x005x.o(RESET)
    LOW_LVD_Handler                          0x000000d3   Thumb Code     0  startup_pt32x005x.o(RESET)
    WWDG_Handler                             0x000000d3   Thumb Code     0  startup_pt32x005x.o(RESET)
    __main                                   0x000000dd   Thumb Code     0  entry.o(.ARM.Collect$$$$00000000)
    _main_stk                                0x000000dd   Thumb Code     0  entry2.o(.ARM.Collect$$$$00000001)
    _main_scatterload                        0x000000e1   Thumb Code     0  entry5.o(.ARM.Collect$$$$00000004)
    __main_after_scatterload                 0x000000e5   Thumb Code     0  entry5.o(.ARM.Collect$$$$00000004)
    _main_clock                              0x000000e5   Thumb Code     0  entry7b.o(.ARM.Collect$$$$00000008)
    _main_cpp_init                           0x000000e5   Thumb Code     0  entry8b.o(.ARM.Collect$$$$0000000A)
    _main_init                               0x000000e5   Thumb Code     0  entry9a.o(.ARM.Collect$$$$0000000B)
    __rt_final_cpp                           0x000000ed   Thumb Code     0  entry10a.o(.ARM.Collect$$$$0000000D)
    __rt_final_exit                          0x000000ed   Thumb Code     0  entry11a.o(.ARM.Collect$$$$0000000F)
    __aeabi_uidiv                            0x000000f1   Thumb Code     0  uidiv.o(.text)
    __aeabi_uidivmod                         0x000000f1   Thumb Code    44  uidiv.o(.text)
    __aeabi_idiv                             0x0000011d   Thumb Code     0  idiv.o(.text)
    __aeabi_idivmod                          0x0000011d   Thumb Code    40  idiv.o(.text)
    __scatterload                            0x00000145   Thumb Code    28  init.o(.text)
    __scatterload_rt2                        0x00000145   Thumb Code     0  init.o(.text)
    ADC_ChannelConfig                        0x00000169   Thumb Code    92  pt32x005_adc.o(i.ADC_ChannelConfig)
    ADC_ClearFlag                            0x000001f1   Thumb Code    48  pt32x005_adc.o(i.ADC_ClearFlag)
    ADC_Cmd                                  0x0000024d   Thumb Code    64  pt32x005_adc.o(i.ADC_Cmd)
    ADC_GetConversionValue                   0x000002b9   Thumb Code    26  pt32x005_adc.o(i.ADC_GetConversionValue)
    ADC_GetFlagStatus                        0x00000301   Thumb Code    60  pt32x005_adc.o(i.ADC_GetFlagStatus)
    ADC_Handler                              0x00000369   Thumb Code     2  pt32x005_it.o(i.ADC_Handler)
    ADC_Init                                 0x0000036d   Thumb Code   188  pt32x005_adc.o(i.ADC_Init)
    ADC_SetSampleTime                        0x00000459   Thumb Code    44  pt32x005_adc.o(i.ADC_SetSampleTime)
    ADC_StartOfConversion                    0x000004b1   Thumb Code    30  pt32x005_adc.o(i.ADC_StartOfConversion)
    ADC_StructInit                           0x000004fd   Thumb Code    18  pt32x005_adc.o(i.ADC_StructInit)
    CLK_FAIL_Handler                         0x0000050f   Thumb Code     2  pt32x005_it.o(i.CLK_FAIL_Handler)
    Comparator1_Handler                      0x00000511   Thumb Code     2  pt32x005_it.o(i.Comparator1_Handler)
    DAC_Handler                              0x00000513   Thumb Code     2  pt32x005_it.o(i.DAC_Handler)
    EEPROM_WriteByte                         0x00000515   Thumb Code    56  x2445dk_eeprom_p32.o(i.EEPROM_WriteByte)
    EEPROM_read_n                            0x00000551   Thumb Code    40  x2445dk_eeprom_p32.o(i.EEPROM_read_n)
    EEPROM_write_n                           0x00000579   Thumb Code    84  x2445dk_eeprom_p32.o(i.EEPROM_write_n)
    FLASH_ClearFlag                          0x000005d1   Thumb Code    38  pt32x005_flash.o(i.FLASH_ClearFlag)
    FLASH_ErasePage                          0x00000621   Thumb Code    90  pt32x005_flash.o(i.FLASH_ErasePage)
    FLASH_GetStatus                          0x000006ad   Thumb Code    58  pt32x005_flash.o(i.FLASH_GetStatus)
    FLASH_Handler                            0x000006e7   Thumb Code     2  pt32x005_it.o(i.FLASH_Handler)
    FLASH_ProgramWord                        0x000006e9   Thumb Code   104  pt32x005_flash.o(i.FLASH_ProgramWord)
    FLASH_ReadWord                           0x00000781   Thumb Code     6  pt32x005_flash.o(i.FLASH_ReadWord)
    FLASH_WaitForLastOperation               0x00000787   Thumb Code    40  pt32x005_flash.o(i.FLASH_WaitForLastOperation)
    GPIO_AnalogFunctionConfig                0x000007b1   Thumb Code    88  pt32x005_gpio.o(i.GPIO_AnalogFunctionConfig)
    GPIO_Init                                0x0000083d   Thumb Code   224  pt32x005_gpio.o(i.GPIO_Init)
    GPIO_InitPT32                            0x00000951   Thumb Code   186  x2445dk_init_p32.o(i.GPIO_InitPT32)
    GPIO_PinAFConfig                         0x00000a19   Thumb Code   242  pt32x005_gpio.o(i.GPIO_PinAFConfig)
    GPIO_ResetBits                           0x00000b41   Thumb Code    68  pt32x005_gpio.o(i.GPIO_ResetBits)
    GPIO_ReverseBits                         0x00000bb9   Thumb Code    68  pt32x005_gpio.o(i.GPIO_ReverseBits)
    GPIO_SetBits                             0x00000c31   Thumb Code    68  pt32x005_gpio.o(i.GPIO_SetBits)
    HardFault_Handler                        0x00000ca9   Thumb Code     4  pt32x005_it.o(i.HardFault_Handler)
    I2C0_Handler                             0x00000cad   Thumb Code     2  pt32x005_it.o(i.I2C0_Handler)
    NMI_Handler                              0x00000caf   Thumb Code     2  pt32x005_it.o(i.NMI_Handler)
    NVIC_Init                                0x00000cb1   Thumb Code   148  pt32x005_misc.o(i.NVIC_Init)
    PA_Handler                               0x00000d71   Thumb Code     2  pt32x005_it.o(i.PA_Handler)
    PB_Handler                               0x00000d73   Thumb Code     2  pt32x005_it.o(i.PB_Handler)
    PC_Handler                               0x00000d75   Thumb Code     2  pt32x005_it.o(i.PC_Handler)
    PD_Handler                               0x00000d77   Thumb Code     2  pt32x005_it.o(i.PD_Handler)
    PMW_TimeBaseInit                         0x00000d79   Thumb Code   168  pt32x005_pwm.o(i.PMW_TimeBaseInit)
    PWM1_Init                                0x00000e51   Thumb Code    88  x2445dk_init_p32.o(i.PWM1_Init)
    PWM_Cmd                                  0x00000eb5   Thumb Code    68  pt32x005_pwm.o(i.PWM_Cmd)
    PWM_OutputInit                           0x00000f25   Thumb Code   272  pt32x005_pwm.o(i.PWM_OutputInit)
    PendSV_Handler                           0x00001065   Thumb Code     2  pt32x005_it.o(i.PendSV_Handler)
    PeripheralHandle                         0x00001069   Thumb Code    32  x2445dk_function_ptc32.o(i.PeripheralHandle)
    PeripheralInputHandle                    0x0000108d   Thumb Code   724  x2445dk_function_ptc32.o(i.PeripheralInputHandle)
    PeripheralOutputHandle                   0x00001385   Thumb Code  2542  x2445dk_function_ptc32.o(i.PeripheralOutputHandle)
    Peripheral_GPIOInput                     0x00001dad   Thumb Code   954  x2445dk_function_ptc32.o(i.Peripheral_GPIOInput)
    Peripheral_Init                          0x000021a1   Thumb Code    56  x2445dk_function_ptc32.o(i.Peripheral_Init)
    PowerLedNumOn                            0x000021d9   Thumb Code   288  x2445dk_function_ptc32.o(i.PowerLedNumOn)
    PowerLedOn                               0x000022fd   Thumb Code   548  x2445dk_function_ptc32.o(i.PowerLedOn)
    SERIAL_PutChar                           0x0000255d   Thumb Code    20  pt32x005_serial.o(i.SERIAL_PutChar)
    SPI0_Handler                             0x00002575   Thumb Code     2  pt32x005_it.o(i.SPI0_Handler)
    SPI1_Handler                             0x00002577   Thumb Code     2  pt32x005_it.o(i.SPI1_Handler)
    SVC_Handler                              0x00002579   Thumb Code     2  pt32x005_it.o(i.SVC_Handler)
    SetPWM1_Out                              0x0000257d   Thumb Code    22  x2445dk_function_ptc32.o(i.SetPWM1_Out)
    SpeedLedOn                               0x00002599   Thumb Code   260  x2445dk_function_ptc32.o(i.SpeedLedOn)
    SysTick_Handler                          0x000026a1   Thumb Code    16  pt32x005_it.o(i.SysTick_Handler)
    SystemInit                               0x000026b5   Thumb Code    76  system_pt32x005.o(i.SystemInit)
    System_GetClocksFreq                     0x0000270d   Thumb Code   154  pt32x005_sys.o(i.System_GetClocksFreq)
    TIMER0_Handler                           0x000027bd   Thumb Code     2  pt32x005_it.o(i.TIMER0_Handler)
    TIMER1_Handler                           0x000027bf   Thumb Code     2  pt32x005_it.o(i.TIMER1_Handler)
    TIMER2_Handler                           0x000027c1   Thumb Code     2  pt32x005_it.o(i.TIMER2_Handler)
    TIMER3_Handler                           0x000027c3   Thumb Code     2  pt32x005_it.o(i.TIMER3_Handler)
    TIMER4_Handler                           0x000027c5   Thumb Code     2  pt32x005_it.o(i.TIMER4_Handler)
    TimeBaseInit                             0x000027c9   Thumb Code    64  x2445dk_init_p32.o(i.TimeBaseInit)
    UART0_Handler                            0x00002815   Thumb Code    26  pt32x005_it.o(i.UART0_Handler)
    UART1_RecvData                           0x00002835   Thumb Code   358  x2445dk_uart_p32.o(i.UART1_RecvData)
    UART1_SendByte                           0x000029b1   Thumb Code    40  x2445dk_uart_p32.o(i.UART1_SendByte)
    UART1_SendString                         0x000029e1   Thumb Code    24  x2445dk_uart_p32.o(i.UART1_SendString)
    UART_Cmd                                 0x000029f9   Thumb Code    70  pt32x005_uart.o(i.UART_Cmd)
    UART_FifoReset                           0x00002a71   Thumb Code    30  pt32x005_uart.o(i.UART_FifoReset)
    UART_ITConfig                            0x00002a91   Thumb Code   140  pt32x005_uart.o(i.UART_ITConfig)
    UART_Init                                0x00002b51   Thumb Code   386  pt32x005_uart.o(i.UART_Init)
    USART1_DataProcess                       0x00002d0d   Thumb Code   708  x2445dk_uart_p32.o(i.USART1_DataProcess)
    Uart_Init                                0x00003011   Thumb Code   118  x2445dk_init_p32.o(i.Uart_Init)
    Wait_ClockReady                          0x00003091   Thumb Code    24  system_pt32x005.o(i.Wait_ClockReady)
    __0printf$3                              0x000030ad   Thumb Code    24  printf3.o(i.__0printf$3)
    __1printf$3                              0x000030ad   Thumb Code     0  printf3.o(i.__0printf$3)
    __2printf                                0x000030ad   Thumb Code     0  printf3.o(i.__0printf$3)
    __ARM_common_switch8                     0x000030cd   Thumb Code    28  x2445dk_function_ptc32.o(i.__ARM_common_switch8)
    __scatterload_copy                       0x00003161   Thumb Code    14  handlers.o(i.__scatterload_copy)
    __scatterload_null                       0x0000316f   Thumb Code     2  handlers.o(i.__scatterload_null)
    __scatterload_zeroinit                   0x00003171   Thumb Code    14  handlers.o(i.__scatterload_zeroinit)
    assert_failed                            0x00003359   Thumb Code    18  main.o(i.assert_failed)
    delay                                    0x0000339d   Thumb Code    12  x2445dk_function_ptc32.o(i.delay)
    fputc                                    0x000033a9   Thumb Code    14  pt32x005_retarget.o(i.fputc)
    main                                     0x000033b7   Thumb Code    16  main.o(i.main)
    ucReadEepromOneData                      0x000033c7   Thumb Code    14  x2445dk_eeprom_p32.o(i.ucReadEepromOneData)
    usReadSpeakerPwm                         0x000033d5   Thumb Code     8  x2445dk_function_ptc32.o(i.usReadSpeakerPwm)
    vArom_WriteBytes_Fact                    0x000033e1   Thumb Code    18  x2445dk_function_ptc32.o(i.vArom_WriteBytes_Fact)
    vCheckFactData                           0x000033f5   Thumb Code    76  x2445dk_function_ptc32.o(i.vCheckFactData)
    vDealAd                                  0x00003449   Thumb Code   160  x2445dk_function_ptc32.o(i.vDealAd)
    vFirstStart                              0x00003505   Thumb Code   176  x2445dk_function_ptc32.o(i.vFirstStart)
    vInitAdc                                 0x000035d5   Thumb Code    76  x2445dk_init_p32.o(i.vInitAdc)
    vSend60Bytes                             0x00003629   Thumb Code   144  x2445dk_uart_p32.o(i.vSend60Bytes)
    vSendBuzzerOrder                         0x000036c1   Thumb Code   176  x2445dk_uart_p32.o(i.vSendBuzzerOrder)
    vSendDKVersion                           0x00003779   Thumb Code   110  x2445dk_uart_p32.o(i.vSendDKVersion)
    vSendFeedBack                            0x000037ed   Thumb Code    70  x2445dk_uart_p32.o(i.vSendFeedBack)
    vSendLedStatus                           0x00003839   Thumb Code   122  x2445dk_uart_p32.o(i.vSendLedStatus)
    vSendOneBytes                            0x000038b9   Thumb Code   134  x2445dk_uart_p32.o(i.vSendOneBytes)
    vSendSpeedGrad                           0x00003945   Thumb Code   110  x2445dk_uart_p32.o(i.vSendSpeedGrad)
    vSendUartDelya                           0x000039b9   Thumb Code    12  x2445dk_uart_p32.o(i.vSendUartDelya)
    vSpeakershutOut                          0x000039c5   Thumb Code   252  x2445dk_function_ptc32.o(i.vSpeakershutOut)
    vSysSourceInit                           0x00003ae1   Thumb Code    24  x2445dk_init_p32.o(i.vSysSourceInit)
    vTestShowLed                             0x00003af9   Thumb Code   148  x2445dk_function_ptc32.o(i.vTestShowLed)
    vWrite60Bytes                            0x00003b91   Thumb Code    30  x2445dk_function_ptc32.o(i.vWrite60Bytes)
    Region$$Table$$Base                      0x00003bb8   Number         0  anon$$obj.o(Region$$Table)
    Region$$Table$$Limit                     0x00003bd8   Number         0  anon$$obj.o(Region$$Table)
    SystemCoreClock                          0x20000000   Data           4  system_pt32x005.o(.data)
    Globle_Timer_1MS                         0x20000004   Data           2  pt32x005_it.o(.data)
    usSetPwmValue                            0x20000008   Data           2  x2445dk_function_ptc32.o(.data)
    uiConvertTimes                           0x2000000c   Data           4  x2445dk_function_ptc32.o(.data)
    uiMaxAd                                  0x20000010   Data           4  x2445dk_function_ptc32.o(.data)
    uiMinAd                                  0x20000014   Data           4  x2445dk_function_ptc32.o(.data)
    l_gAdTemp                                0x20000018   Data           4  x2445dk_function_ptc32.o(.data)
    uiAdVoltage                              0x2000001c   Data           4  x2445dk_function_ptc32.o(.data)
    ucBattType                               0x20000020   Data           1  x2445dk_function_ptc32.o(.data)
    ucSpeedGrad                              0x20000021   Data           1  x2445dk_function_ptc32.o(.data)
    GLOBAL_SPEED_GRAD                        0x20000022   Data           1  x2445dk_function_ptc32.o(.data)
    ucLessThanLowPower                       0x20000023   Data           1  x2445dk_function_ptc32.o(.data)
    ucLess18Power                            0x20000024   Data           1  x2445dk_function_ptc32.o(.data)
    ucBuzzerPressedFlg                       0x20000025   Data           1  x2445dk_function_ptc32.o(.data)
    ucKeyPressFlag                           0x20000026   Data           1  x2445dk_function_ptc32.o(.data)
    ucBuzzerTstFlg                           0x20000027   Data           1  x2445dk_function_ptc32.o(.data)
    ucDebugSpeaker                           0x20000028   Data           1  x2445dk_function_ptc32.o(.data)
    ucDebugSwitch                            0x20000029   Data           1  x2445dk_function_ptc32.o(.data)
    ucBatType                                0x2000002a   Data           1  x2445dk_function_ptc32.o(.data)
    ucBackSpeekFlag                          0x2000002b   Data           1  x2445dk_function_ptc32.o(.data)
    ucBeep_Alarm_Phase                       0x2000002c   Data           1  x2445dk_function_ptc32.o(.data)
    ucBeep_Alarm_Num                         0x2000002d   Data           1  x2445dk_function_ptc32.o(.data)
    Uart1RXPhase                             0x2000002e   Data           1  x2445dk_uart_p32.o(.data)
    Uart1RecvFlag                            0x2000002f   Data           1  x2445dk_uart_p32.o(.data)
    Uart1RXCnt                               0x20000030   Data           1  x2445dk_uart_p32.o(.data)
    ucEnableSoftDogFlg                       0x20000031   Data           1  x2445dk_uart_p32.o(.data)
    ucRecDataCodeAndData                     0x20000032   Data           2  x2445dk_uart_p32.o(.data)
    ucAskDKVersion                           0x20000034   Data           1  x2445dk_uart_p32.o(.data)
    g_ucRecFbData                            0x20000035   Data           1  x2445dk_uart_p32.o(.data)
    __stdout                                 0x20000038   Data           4  pt32x005_retarget.o(.data)
    __stdin                                  0x2000003c   Data           4  pt32x005_retarget.o(.data)
    strPeripheral                            0x20000040   Data          40  x2445dk_function_ptc32.o(.bss)
    Uart1RecvBuf                             0x20000068   Data          80  x2445dk_uart_p32.o(.bss)
    Uart1SendBuf                             0x200000b8   Data          80  x2445dk_uart_p32.o(.bss)
    ucEepromBuf                              0x20000108   Data          66  x2445dk_uart_p32.o(.bss)
    __initial_sp                             0x20000350   Data           0  startup_pt32x005x.o(STACK)



==============================================================================

Memory Map of the image

  Image Entry point : 0x000000dd

  Load Region LR_IROM1 (Base: 0x00000000, Size: 0x00003c18, Max: 0x00008000, ABSOLUTE)

    Execution Region ER_IROM1 (Exec base: 0x00000000, Load base: 0x00000000, Size: 0x00003bd8, Max: 0x00008000, ABSOLUTE)

    Exec Addr    Load Addr    Size         Type   Attr      Idx    E Section Name        Object

    0x00000000   0x00000000   0x000000dc   Code   RO            3    RESET               startup_pt32x005x.o
    0x000000dc   0x000000dc   0x00000000   Code   RO         1634  * .ARM.Collect$$$$00000000  mc_p.l(entry.o)
    0x000000dc   0x000000dc   0x00000004   Code   RO         1902    .ARM.Collect$$$$00000001  mc_p.l(entry2.o)
    0x000000e0   0x000000e0   0x00000004   Code   RO         1905    .ARM.Collect$$$$00000004  mc_p.l(entry5.o)
    0x000000e4   0x000000e4   0x00000000   Code   RO         1907    .ARM.Collect$$$$00000008  mc_p.l(entry7b.o)
    0x000000e4   0x000000e4   0x00000000   Code   RO         1909    .ARM.Collect$$$$0000000A  mc_p.l(entry8b.o)
    0x000000e4   0x000000e4   0x00000008   Code   RO         1910    .ARM.Collect$$$$0000000B  mc_p.l(entry9a.o)
    0x000000ec   0x000000ec   0x00000000   Code   RO         1912    .ARM.Collect$$$$0000000D  mc_p.l(entry10a.o)
    0x000000ec   0x000000ec   0x00000000   Code   RO         1914    .ARM.Collect$$$$0000000F  mc_p.l(entry11a.o)
    0x000000ec   0x000000ec   0x00000004   Code   RO         1903    .ARM.Collect$$$$00002712  mc_p.l(entry2.o)
    0x000000f0   0x000000f0   0x0000002c   Code   RO         1637    .text               mc_p.l(uidiv.o)
    0x0000011c   0x0000011c   0x00000028   Code   RO         1639    .text               mc_p.l(idiv.o)
    0x00000144   0x00000144   0x00000024   Code   RO         1929    .text               mc_p.l(init.o)
    0x00000168   0x00000168   0x00000088   Code   RO         1170    i.ADC_ChannelConfig  pt32x005_adc.o
    0x000001f0   0x000001f0   0x0000005c   Code   RO         1171    i.ADC_ClearFlag     pt32x005_adc.o
    0x0000024c   0x0000024c   0x0000006c   Code   RO         1172    i.ADC_Cmd           pt32x005_adc.o
    0x000002b8   0x000002b8   0x00000048   Code   RO         1173    i.ADC_GetConversionValue  pt32x005_adc.o
    0x00000300   0x00000300   0x00000068   Code   RO         1174    i.ADC_GetFlagStatus  pt32x005_adc.o
    0x00000368   0x00000368   0x00000002   Code   RO          190    i.ADC_Handler       pt32x005_it.o
    0x0000036a   0x0000036a   0x00000002   PAD
    0x0000036c   0x0000036c   0x000000ec   Code   RO         1175    i.ADC_Init          pt32x005_adc.o
    0x00000458   0x00000458   0x00000058   Code   RO         1176    i.ADC_SetSampleTime  pt32x005_adc.o
    0x000004b0   0x000004b0   0x0000004c   Code   RO         1177    i.ADC_StartOfConversion  pt32x005_adc.o
    0x000004fc   0x000004fc   0x00000012   Code   RO         1179    i.ADC_StructInit    pt32x005_adc.o
    0x0000050e   0x0000050e   0x00000002   Code   RO          191    i.CLK_FAIL_Handler  pt32x005_it.o
    0x00000510   0x00000510   0x00000002   Code   RO          192    i.Comparator1_Handler  pt32x005_it.o
    0x00000512   0x00000512   0x00000002   Code   RO          193    i.DAC_Handler       pt32x005_it.o
    0x00000514   0x00000514   0x0000003c   Code   RO          360    i.EEPROM_WriteByte  x2445dk_eeprom_p32.o
    0x00000550   0x00000550   0x00000028   Code   RO          361    i.EEPROM_read_n     x2445dk_eeprom_p32.o
    0x00000578   0x00000578   0x00000058   Code   RO          362    i.EEPROM_write_n    x2445dk_eeprom_p32.o
    0x000005d0   0x000005d0   0x00000050   Code   RO         1244    i.FLASH_ClearFlag   pt32x005_flash.o
    0x00000620   0x00000620   0x0000008c   Code   RO         1246    i.FLASH_ErasePage   pt32x005_flash.o
    0x000006ac   0x000006ac   0x0000003a   Code   RO         1248    i.FLASH_GetStatus   pt32x005_flash.o
    0x000006e6   0x000006e6   0x00000002   Code   RO          194    i.FLASH_Handler     pt32x005_it.o
    0x000006e8   0x000006e8   0x00000098   Code   RO         1250    i.FLASH_ProgramWord  pt32x005_flash.o
    0x00000780   0x00000780   0x00000006   Code   RO         1253    i.FLASH_ReadWord    pt32x005_flash.o
    0x00000786   0x00000786   0x00000028   Code   RO         1255    i.FLASH_WaitForLastOperation  pt32x005_flash.o
    0x000007ae   0x000007ae   0x00000002   PAD
    0x000007b0   0x000007b0   0x0000008c   Code   RO          744    i.GPIO_AnalogFunctionConfig  pt32x005_gpio.o
    0x0000083c   0x0000083c   0x00000114   Code   RO          754    i.GPIO_Init         pt32x005_gpio.o
    0x00000950   0x00000950   0x000000c8   Code   RO          569    i.GPIO_InitPT32     x2445dk_init_p32.o
    0x00000a18   0x00000a18   0x00000128   Code   RO          758    i.GPIO_PinAFConfig  pt32x005_gpio.o
    0x00000b40   0x00000b40   0x00000078   Code   RO          765    i.GPIO_ResetBits    pt32x005_gpio.o
    0x00000bb8   0x00000bb8   0x00000078   Code   RO          766    i.GPIO_ReverseBits  pt32x005_gpio.o
    0x00000c30   0x00000c30   0x00000078   Code   RO          767    i.GPIO_SetBits      pt32x005_gpio.o
    0x00000ca8   0x00000ca8   0x00000004   Code   RO          195    i.HardFault_Handler  pt32x005_it.o
    0x00000cac   0x00000cac   0x00000002   Code   RO          196    i.I2C0_Handler      pt32x005_it.o
    0x00000cae   0x00000cae   0x00000002   Code   RO          197    i.NMI_Handler       pt32x005_it.o
    0x00000cb0   0x00000cb0   0x000000c0   Code   RO         1536    i.NVIC_Init         pt32x005_misc.o
    0x00000d70   0x00000d70   0x00000002   Code   RO          198    i.PA_Handler        pt32x005_it.o
    0x00000d72   0x00000d72   0x00000002   Code   RO          199    i.PB_Handler        pt32x005_it.o
    0x00000d74   0x00000d74   0x00000002   Code   RO          200    i.PC_Handler        pt32x005_it.o
    0x00000d76   0x00000d76   0x00000002   Code   RO          201    i.PD_Handler        pt32x005_it.o
    0x00000d78   0x00000d78   0x000000d8   Code   RO         1330    i.PMW_TimeBaseInit  pt32x005_pwm.o
    0x00000e50   0x00000e50   0x00000064   Code   RO          570    i.PWM1_Init         x2445dk_init_p32.o
    0x00000eb4   0x00000eb4   0x00000070   Code   RO         1338    i.PWM_Cmd           pt32x005_pwm.o
    0x00000f24   0x00000f24   0x00000140   Code   RO         1353    i.PWM_OutputInit    pt32x005_pwm.o
    0x00001064   0x00001064   0x00000002   Code   RO          202    i.PendSV_Handler    pt32x005_it.o
    0x00001066   0x00001066   0x00000002   PAD
    0x00001068   0x00001068   0x00000024   Code   RO          408    i.PeripheralHandle  x2445dk_function_ptc32.o
    0x0000108c   0x0000108c   0x000002f8   Code   RO          409    i.PeripheralInputHandle  x2445dk_function_ptc32.o
    0x00001384   0x00001384   0x00000a28   Code   RO          410    i.PeripheralOutputHandle  x2445dk_function_ptc32.o
    0x00001dac   0x00001dac   0x000003f4   Code   RO          411    i.Peripheral_GPIOInput  x2445dk_function_ptc32.o
    0x000021a0   0x000021a0   0x00000038   Code   RO          412    i.Peripheral_Init   x2445dk_function_ptc32.o
    0x000021d8   0x000021d8   0x00000124   Code   RO          413    i.PowerLedNumOn     x2445dk_function_ptc32.o
    0x000022fc   0x000022fc   0x00000260   Code   RO          414    i.PowerLedOn        x2445dk_function_ptc32.o
    0x0000255c   0x0000255c   0x00000018   Code   RO         1611    i.SERIAL_PutChar    pt32x005_serial.o
    0x00002574   0x00002574   0x00000002   Code   RO          203    i.SPI0_Handler      pt32x005_it.o
    0x00002576   0x00002576   0x00000002   Code   RO          204    i.SPI1_Handler      pt32x005_it.o
    0x00002578   0x00002578   0x00000002   Code   RO          205    i.SVC_Handler       pt32x005_it.o
    0x0000257a   0x0000257a   0x00000002   PAD
    0x0000257c   0x0000257c   0x0000001c   Code   RO          415    i.SetPWM1_Out       x2445dk_function_ptc32.o
    0x00002598   0x00002598   0x00000108   Code   RO          416    i.SpeedLedOn        x2445dk_function_ptc32.o
    0x000026a0   0x000026a0   0x00000014   Code   RO          206    i.SysTick_Handler   pt32x005_it.o
    0x000026b4   0x000026b4   0x00000058   Code   RO          143    i.SystemInit        system_pt32x005.o
    0x0000270c   0x0000270c   0x000000b0   Code   RO          930    i.System_GetClocksFreq  pt32x005_sys.o
    0x000027bc   0x000027bc   0x00000002   Code   RO          207    i.TIMER0_Handler    pt32x005_it.o
    0x000027be   0x000027be   0x00000002   Code   RO          208    i.TIMER1_Handler    pt32x005_it.o
    0x000027c0   0x000027c0   0x00000002   Code   RO          209    i.TIMER2_Handler    pt32x005_it.o
    0x000027c2   0x000027c2   0x00000002   Code   RO          210    i.TIMER3_Handler    pt32x005_it.o
    0x000027c4   0x000027c4   0x00000002   Code   RO          211    i.TIMER4_Handler    pt32x005_it.o
    0x000027c6   0x000027c6   0x00000002   PAD
    0x000027c8   0x000027c8   0x0000004c   Code   RO          571    i.TimeBaseInit      x2445dk_init_p32.o
    0x00002814   0x00002814   0x00000020   Code   RO          212    i.UART0_Handler     pt32x005_it.o
    0x00002834   0x00002834   0x0000017c   Code   RO          627    i.UART1_RecvData    x2445dk_uart_p32.o
    0x000029b0   0x000029b0   0x00000030   Code   RO          628    i.UART1_SendByte    x2445dk_uart_p32.o
    0x000029e0   0x000029e0   0x00000018   Code   RO          629    i.UART1_SendString  x2445dk_uart_p32.o
    0x000029f8   0x000029f8   0x00000078   Code   RO         1019    i.UART_Cmd          pt32x005_uart.o
    0x00002a70   0x00002a70   0x0000001e   Code   RO         1020    i.UART_FifoReset    pt32x005_uart.o
    0x00002a8e   0x00002a8e   0x00000002   PAD
    0x00002a90   0x00002a90   0x000000c0   Code   RO         1025    i.UART_ITConfig     pt32x005_uart.o
    0x00002b50   0x00002b50   0x000001bc   Code   RO         1026    i.UART_Init         pt32x005_uart.o
    0x00002d0c   0x00002d0c   0x00000304   Code   RO          630    i.USART1_DataProcess  x2445dk_uart_p32.o
    0x00003010   0x00003010   0x00000080   Code   RO          572    i.Uart_Init         x2445dk_init_p32.o
    0x00003090   0x00003090   0x0000001c   Code   RO          144    i.Wait_ClockReady   system_pt32x005.o
    0x000030ac   0x000030ac   0x00000020   Code   RO         1730    i.__0printf$3       mc_p.l(printf3.o)
    0x000030cc   0x000030cc   0x0000001c   Code   RO          552    i.__ARM_common_switch8  x2445dk_function_ptc32.o
    0x000030e8   0x000030e8   0x00000078   Code   RO          573    i.__NVIC_SetPriority  x2445dk_init_p32.o
    0x00003160   0x00003160   0x0000000e   Code   RO         1943    i.__scatterload_copy  mc_p.l(handlers.o)
    0x0000316e   0x0000316e   0x00000002   Code   RO         1944    i.__scatterload_null  mc_p.l(handlers.o)
    0x00003170   0x00003170   0x0000000e   Code   RO         1945    i.__scatterload_zeroinit  mc_p.l(handlers.o)
    0x0000317e   0x0000317e   0x00000006   Code   RO          417    i.__set_PRIMASK     x2445dk_function_ptc32.o
    0x00003184   0x00003184   0x00000006   Code   RO          631    i.__set_PRIMASK     x2445dk_uart_p32.o
    0x0000318a   0x0000318a   0x00000002   PAD
    0x0000318c   0x0000318c   0x000001cc   Code   RO         1737    i._printf_core      mc_p.l(printf3.o)
    0x00003358   0x00003358   0x00000044   Code   RO           11    i.assert_failed     main.o
    0x0000339c   0x0000339c   0x0000000c   Code   RO          418    i.delay             x2445dk_function_ptc32.o
    0x000033a8   0x000033a8   0x0000000e   Code   RO         1565    i.fputc             pt32x005_retarget.o
    0x000033b6   0x000033b6   0x00000010   Code   RO           12    i.main              main.o
    0x000033c6   0x000033c6   0x0000000e   Code   RO          363    i.ucReadEepromOneData  x2445dk_eeprom_p32.o
    0x000033d4   0x000033d4   0x0000000c   Code   RO          420    i.usReadSpeakerPwm  x2445dk_function_ptc32.o
    0x000033e0   0x000033e0   0x00000012   Code   RO          421    i.vArom_WriteBytes_Fact  x2445dk_function_ptc32.o
    0x000033f2   0x000033f2   0x00000002   PAD
    0x000033f4   0x000033f4   0x00000054   Code   RO          422    i.vCheckFactData    x2445dk_function_ptc32.o
    0x00003448   0x00003448   0x000000bc   Code   RO          423    i.vDealAd           x2445dk_function_ptc32.o
    0x00003504   0x00003504   0x000000d0   Code   RO          424    i.vFirstStart       x2445dk_function_ptc32.o
    0x000035d4   0x000035d4   0x00000054   Code   RO          574    i.vInitAdc          x2445dk_init_p32.o
    0x00003628   0x00003628   0x00000098   Code   RO          632    i.vSend60Bytes      x2445dk_uart_p32.o
    0x000036c0   0x000036c0   0x000000b8   Code   RO          633    i.vSendBuzzerOrder  x2445dk_uart_p32.o
    0x00003778   0x00003778   0x00000074   Code   RO          634    i.vSendDKVersion    x2445dk_uart_p32.o
    0x000037ec   0x000037ec   0x0000004c   Code   RO          635    i.vSendFeedBack     x2445dk_uart_p32.o
    0x00003838   0x00003838   0x00000080   Code   RO          636    i.vSendLedStatus    x2445dk_uart_p32.o
    0x000038b8   0x000038b8   0x0000008c   Code   RO          637    i.vSendOneBytes     x2445dk_uart_p32.o
    0x00003944   0x00003944   0x00000074   Code   RO          639    i.vSendSpeedGrad    x2445dk_uart_p32.o
    0x000039b8   0x000039b8   0x0000000c   Code   RO          640    i.vSendUartDelya    x2445dk_uart_p32.o
    0x000039c4   0x000039c4   0x0000011c   Code   RO          427    i.vSpeakershutOut   x2445dk_function_ptc32.o
    0x00003ae0   0x00003ae0   0x00000018   Code   RO          575    i.vSysSourceInit    x2445dk_init_p32.o
    0x00003af8   0x00003af8   0x00000098   Code   RO          428    i.vTestShowLed      x2445dk_function_ptc32.o
    0x00003b90   0x00003b90   0x00000028   Code   RO          429    i.vWrite60Bytes     x2445dk_function_ptc32.o
    0x00003bb8   0x00003bb8   0x00000020   Data   RO         1941    Region$$Table       anon$$obj.o


    Execution Region RW_IRAM1 (Exec base: 0x20000000, Load base: 0x00003bd8, Size: 0x00000350, Max: 0x00000800, ABSOLUTE)

    Exec Addr    Load Addr    Size         Type   Attr      Idx    E Section Name        Object

    0x20000000   0x00003bd8   0x00000004   Data   RW          145    .data               system_pt32x005.o
    0x20000004   0x00003bdc   0x00000002   Data   RW          214    .data               pt32x005_it.o
    0x20000006   0x00003bde   0x00000002   PAD
    0x20000008   0x00003be0   0x00000026   Data   RW          431    .data               x2445dk_function_ptc32.o
    0x2000002e   0x00003c06   0x00000008   Data   RW          642    .data               x2445dk_uart_p32.o
    0x20000036   0x00003c0e   0x00000002   PAD
    0x20000038   0x00003c10   0x00000008   Data   RW         1566    .data               pt32x005_retarget.o
    0x20000040        -       0x00000028   Zero   RW          430    .bss                x2445dk_function_ptc32.o
    0x20000068        -       0x000000e2   Zero   RW          641    .bss                x2445dk_uart_p32.o
    0x2000014a   0x00003c18   0x00000006   PAD
    0x20000150        -       0x00000200   Zero   RW            1    STACK               startup_pt32x005x.o


==============================================================================

Image component sizes


      Code (inc. data)   RO Data    RW Data    ZI Data      Debug   Object Name

        84         50          0          0          0      61271   main.o
       930        360          0          0          0       5579   pt32x005_adc.o
       476        140          0          0          0       3812   pt32x005_flash.o
      1072        314          0          0          0       4342   pt32x005_gpio.o
        96         10          0          2          0      14571   pt32x005_it.o
       192         44          0          0          0        912   pt32x005_misc.o
       648        140          0          0          0       2302   pt32x005_pwm.o
        14          0          0          8          0       2350   pt32x005_retarget.o
        24          4          0          0          0        485   pt32x005_serial.o
       176         22          0          0          0       1035   pt32x005_sys.o
       786        160          0          0          0       2960   pt32x005_uart.o
       220        200          0          0        512        640   startup_pt32x005x.o
       116         16          0          4          0       1193   system_pt32x005.o
       202          8          0          0          0       2834   x2445dk_eeprom_p32.o
      6688        446          0         38         40      21773   x2445dk_function_ptc32.o
       732         66          0          0          0      11615   x2445dk_init_p32.o
      2154        178          0          8        226       8899   x2445dk_uart_p32.o

    ----------------------------------------------------------------------
     14626       2158         32         64        784     146573   Object Totals
         0          0         32          0          0          0   (incl. Generated)
        16          0          0          4          6          0   (incl. Padding)

    ----------------------------------------------------------------------

      Code (inc. data)   RO Data    RW Data    ZI Data      Debug   Library Member Name

         0          0          0          0          0          0   entry.o
         0          0          0          0          0          0   entry10a.o
         0          0          0          0          0          0   entry11a.o
         8          4          0          0          0          0   entry2.o
         4          0          0          0          0          0   entry5.o
         0          0          0          0          0          0   entry7b.o
         0          0          0          0          0          0   entry8b.o
         8          4          0          0          0          0   entry9a.o
        30          0          0          0          0          0   handlers.o
        40          0          0          0          0         72   idiv.o
        36          8          0          0          0         68   init.o
       492         12          0          0          0        168   printf3.o
        44          0          0          0          0         72   uidiv.o

    ----------------------------------------------------------------------
       662         28          0          0          0        380   Library Totals
         0          0          0          0          0          0   (incl. Padding)

    ----------------------------------------------------------------------

      Code (inc. data)   RO Data    RW Data    ZI Data      Debug   Library Name

       662         28          0          0          0        380   mc_p.l

    ----------------------------------------------------------------------
       662         28          0          0          0        380   Library Totals

    ----------------------------------------------------------------------

==============================================================================


      Code (inc. data)   RO Data    RW Data    ZI Data      Debug   

     15288       2186         32         64        784     142705   Grand Totals
     15288       2186         32         64        784     142705   ELF Image Totals
     15288       2186         32         64          0          0   ROM Totals

==============================================================================

    Total RO  Size (Code + RO Data)                15320 (  14.96kB)
    Total RW  Size (RW Data + ZI Data)               848 (   0.83kB)
    Total ROM Size (Code + RO Data + RW Data)      15384 (  15.02kB)

==============================================================================

