C51 COMPILER V9.52.0.0   MAIN                                                              07/13/2021 15:24:46 PAGE 1   


C51 COMPILER V9.52.0.0, COMPILATION OF MODULE MAIN
OBJECT MODULE PLACED IN ..\OBJ\main.obj
COMPILER INVOKED BY: D:\Program Files (x86)\KeilC51-V952\C51\BIN\C51.EXE ..\Code\main.c OMF2 BROWSE INCDIR(..\Include) D
                    -EBUG PRINT(..\Listings\main.lst) TABS(2) OBJECT(..\OBJ\main.obj)

line level    source

   1          #include "User_Def.h"
   2          #include "function.h"
   3          #include "SystemInit.h"
   4          #include "uart.h"
   5          
   6          //extern  unsigned int n;
   7          
   8          int main(void)
   9          {
  10   1          vFirstStart();//¿ª»ú  
  11   1          while (1)
  12   1          {
  13   2              USART1_DataProcess();
  14   2              PeripheralHandle();
  15   2      
  16   2              //        if(Globle_Timer_1MS.Bits.AdVoltage)
  17   2              //        {
  18   2              //            Globle_Timer_1MS.Bits.AdVoltage = 0;
  19   2              //            vDealAd();
  20   2              //        }
  21   2      
  22   2          }
  23   1      }
  24          
  25          /*******************         *****END OF FILE****/


MODULE INFORMATION:   STATIC OVERLAYABLE
   CODE SIZE        =     11    ----
   CONSTANT SIZE    =   ----    ----
   XDATA SIZE       =   ----    ----
   PDATA SIZE       =   ----    ----
   DATA SIZE        =   ----    ----
   IDATA SIZE       =   ----    ----
   BIT SIZE         =   ----    ----
   EDATA SIZE       =   ----    ----
   HDATA SIZE       =   ----    ----
   XDATA CONST SIZE =   ----    ----
   FAR CONST SIZE   =   ----    ----
END OF MODULE INFORMATION.


C51 COMPILATION COMPLETE.  0 WARNING(S),  0 ERROR(S)
